Archive member included because of file (symbol)

../PWM_Test_bsp/\libhal_bsp.a(alt_load.o)
                              ../PWM_Test_bsp//obj/HAL/src/crt0.o (alt_load)
../PWM_Test_bsp/\libhal_bsp.a(alt_main.o)
                              ../PWM_Test_bsp//obj/HAL/src/crt0.o (alt_main)
../PWM_Test_bsp/\libhal_bsp.a(alt_putstr.o)
                              obj/default/hello_world_small.o (alt_putstr)
../PWM_Test_bsp/\libhal_bsp.a(alt_sys_init.o)
                              ../PWM_Test_bsp/\libhal_bsp.a(alt_main.o) (alt_sys_init)
../PWM_Test_bsp/\libhal_bsp.a(altera_avalon_jtag_uart_write.o)
                              ../PWM_Test_bsp/\libhal_bsp.a(alt_putstr.o) (altera_avalon_jtag_uart_write)
../PWM_Test_bsp/\libhal_bsp.a(alt_dcache_flush_all.o)
                              ../PWM_Test_bsp/\libhal_bsp.a(alt_load.o) (alt_dcache_flush_all)
../PWM_Test_bsp/\libhal_bsp.a(alt_icache_flush_all.o)
                              ../PWM_Test_bsp/\libhal_bsp.a(alt_load.o) (alt_icache_flush_all)
../PWM_Test_bsp/\libhal_bsp.a(altera_nios2_irq.o)
                              ../PWM_Test_bsp/\libhal_bsp.a(alt_sys_init.o) (altera_nios2_irq_init)
c:/altera/11.1sp2/nios2eds/bin/gnu/h-i686-mingw32/bin/../lib/gcc/nios2-elf/4.1.2/../../../../nios2-elf/lib/mno-hw-mul\libsmallc.a(lib_a-strlen.o)
                              ../PWM_Test_bsp/\libhal_bsp.a(alt_putstr.o) (strlen)

Memory Configuration

Name             Origin             Length             Attributes
reset            0x00008000         0x00000020
onchip_memory2_0 0x00008020         0x00004fe0
*default*        0x00000000         0xffffffff

Linker script and memory map

LOAD ../PWM_Test_bsp//obj/HAL/src/crt0.o
                0x0000800c                exit = _exit
LOAD obj/default/hello_world_small.o
LOAD c:/altera/11.1sp2/nios2eds/bin/gnu/h-i686-mingw32/bin/../lib/gcc/nios2-elf/4.1.2/../../../../nios2-elf/lib/mno-hw-mul\libstdc++.a
LOAD c:/altera/11.1sp2/nios2eds/bin/gnu/h-i686-mingw32/bin/../lib/gcc/nios2-elf/4.1.2/../../../../nios2-elf/lib/mno-hw-mul\libm.a
LOAD c:/altera/11.1sp2/nios2eds/bin/gnu/h-i686-mingw32/bin/../lib/gcc/nios2-elf/4.1.2/mno-hw-mul\libgcc.a
START GROUP
LOAD c:/altera/11.1sp2/nios2eds/bin/gnu/h-i686-mingw32/bin/../lib/gcc/nios2-elf/4.1.2/../../../../nios2-elf/lib/mno-hw-mul\libsmallc.a
LOAD c:/altera/11.1sp2/nios2eds/bin/gnu/h-i686-mingw32/bin/../lib/gcc/nios2-elf/4.1.2/mno-hw-mul\libgcc.a
LOAD ../PWM_Test_bsp/\libhal_bsp.a
END GROUP
LOAD c:/altera/11.1sp2/nios2eds/bin/gnu/h-i686-mingw32/bin/../lib/gcc/nios2-elf/4.1.2/mno-hw-mul\libgcc.a
                0x00008000                __alt_mem_onchip_memory2_0 = 0x8000

.entry          0x00008000       0x20
 *(.entry)
 .entry         0x00008000       0x20 ../PWM_Test_bsp//obj/HAL/src/crt0.o
                0x00008000                __reset
                0x0000800c                _exit

.exceptions     0x00008020        0x0
                0x00008020                PROVIDE (__ram_exceptions_start, ABSOLUTE (.))
                0x00008020                . = ALIGN (0x20)
 *(.irq)
 *(.exceptions.entry.label)
 *(.exceptions.entry.user)
 *(.exceptions.entry)
 *(.exceptions.irqtest.user)
 *(.exceptions.irqtest)
 *(.exceptions.irqhandler.user)
 *(.exceptions.irqhandler)
 *(.exceptions.irqreturn.user)
 *(.exceptions.irqreturn)
 *(.exceptions.notirq.label)
 *(.exceptions.notirq.user)
 *(.exceptions.notirq)
 *(.exceptions.soft.user)
 *(.exceptions.soft)
 *(.exceptions.unknown.user)
 *(.exceptions.unknown)
 *(.exceptions.exit.label)
 *(.exceptions.exit.user)
 *(.exceptions.exit)
 *(.exceptions)
                0x00008020                PROVIDE (__ram_exceptions_end, ABSOLUTE (.))
                0x00008020                PROVIDE (__flash_exceptions_start, LOADADDR (.exceptions))

.text           0x00008020      0x1e8
                0x00008020                PROVIDE (stext, ABSOLUTE (.))
 *(.interp)
 *(.hash)
 *(.dynsym)
 *(.dynstr)
 *(.gnu.version)
 *(.gnu.version_d)
 *(.gnu.version_r)
 *(.rel.init)
 *(.rela.init)
 *(.rel.text .rel.text.* .rel.gnu.linkonce.t.*)
 *(.rela.text .rela.text.* .rela.gnu.linkonce.t.*)
 *(.rel.fini)
 *(.rela.fini)
 *(.rel.rodata .rel.rodata.* .rel.gnu.linkonce.r.*)
 *(.rela.rodata .rela.rodata.* .rela.gnu.linkonce.r.*)
 *(.rel.data .rel.data.* .rel.gnu.linkonce.d.*)
 *(.rela.data .rela.data.* .rela.gnu.linkonce.d.*)
 *(.rel.tdata .rel.tdata.* .rel.gnu.linkonce.td.*)
 *(.rela.tdata .rela.tdata.* .rela.gnu.linkonce.td.*)
 *(.rel.tbss .rel.tbss.* .rel.gnu.linkonce.tb.*)
 *(.rela.tbss .rela.tbss.* .rela.gnu.linkonce.tb.*)
 *(.rel.ctors)
 *(.rela.ctors)
 *(.rel.dtors)
 *(.rela.dtors)
 *(.rel.got)
 *(.rela.got)
 *(.rel.sdata .rel.sdata.* .rel.gnu.linkonce.s.*)
 *(.rela.sdata .rela.sdata.* .rela.gnu.linkonce.s.*)
 *(.rel.sbss .rel.sbss.* .rel.gnu.linkonce.sb.*)
 *(.rela.sbss .rela.sbss.* .rela.gnu.linkonce.sb.*)
 *(.rel.sdata2 .rel.sdata2.* .rel.gnu.linkonce.s2.*)
 *(.rela.sdata2 .rela.sdata2.* .rela.gnu.linkonce.s2.*)
 *(.rel.sbss2 .rel.sbss2.* .rel.gnu.linkonce.sb2.*)
 *(.rela.sbss2 .rela.sbss2.* .rela.gnu.linkonce.sb2.*)
 *(.rel.bss .rel.bss.* .rel.gnu.linkonce.b.*)
 *(.rela.bss .rela.bss.* .rela.gnu.linkonce.b.*)
 *(.rel.plt)
 *(.rela.plt)
 *(.rel.dyn)
 *(.init)
 *(.plt)
 *(.text .stub .text.* .gnu.linkonce.t.*)
 .text          0x00008020       0x3c ../PWM_Test_bsp//obj/HAL/src/crt0.o
                0x00008020                _start
 .text          0x0000805c       0x34 obj/default/hello_world_small.o
                0x0000805c                main
 .text          0x00008090       0x8c ../PWM_Test_bsp/\libhal_bsp.a(alt_load.o)
                0x000080b0                alt_load
 .text          0x0000811c       0x2c ../PWM_Test_bsp/\libhal_bsp.a(alt_main.o)
                0x0000811c                alt_main
 .text          0x00008148       0x38 ../PWM_Test_bsp/\libhal_bsp.a(alt_putstr.o)
                0x00008148                alt_putstr
 .text          0x00008180       0x24 ../PWM_Test_bsp/\libhal_bsp.a(alt_sys_init.o)
                0x00008180                alt_sys_init
                0x00008184                alt_irq_init
 .text          0x000081a4       0x34 ../PWM_Test_bsp/\libhal_bsp.a(altera_avalon_jtag_uart_write.o)
                0x000081a4                altera_avalon_jtag_uart_write
 .text          0x000081d8        0x4 ../PWM_Test_bsp/\libhal_bsp.a(alt_dcache_flush_all.o)
                0x000081d8                alt_dcache_flush_all
 .text          0x000081dc        0x4 ../PWM_Test_bsp/\libhal_bsp.a(alt_icache_flush_all.o)
                0x000081dc                alt_icache_flush_all
 .text          0x000081e0        0x8 ../PWM_Test_bsp/\libhal_bsp.a(altera_nios2_irq.o)
                0x000081e0                altera_nios2_irq_init
 .text          0x000081e8       0x20 c:/altera/11.1sp2/nios2eds/bin/gnu/h-i686-mingw32/bin/../lib/gcc/nios2-elf/4.1.2/../../../../nios2-elf/lib/mno-hw-mul\libsmallc.a(lib_a-strlen.o)
                0x000081e8                strlen
 *(.gnu.warning.*)
 *(.fini)
                0x00008208                PROVIDE (__etext, ABSOLUTE (.))
                0x00008208                PROVIDE (_etext, ABSOLUTE (.))
                0x00008208                PROVIDE (etext, ABSOLUTE (.))
 *(.eh_frame_hdr)
                0x00008208                . = ALIGN (0x4)
                0x00008208                PROVIDE (__preinit_array_start, ABSOLUTE (.))
 *(.preinit_array)
                0x00008208                PROVIDE (__preinit_array_end, ABSOLUTE (.))
                0x00008208                PROVIDE (__init_array_start, ABSOLUTE (.))
 *(.init_array)
                0x00008208                PROVIDE (__init_array_end, ABSOLUTE (.))
                0x00008208                PROVIDE (__fini_array_start, ABSOLUTE (.))
 *(.fini_array)
                0x00008208                PROVIDE (__fini_array_end, ABSOLUTE (.))
 *(.eh_frame)
 *(.gcc_except_table)
 *(.dynamic)
                0x00008208                PROVIDE (__CTOR_LIST__, ABSOLUTE (.))
 *(.ctors)
 *(SORT(.ctors.*))
                0x00008208                PROVIDE (__CTOR_END__, ABSOLUTE (.))
                0x00008208                PROVIDE (__DTOR_LIST__, ABSOLUTE (.))
 *(.dtors)
 *(SORT(.dtors.*))
                0x00008208                PROVIDE (__DTOR_END__, ABSOLUTE (.))
 *(.jcr)
                0x00008208                . = ALIGN (0x4)

.rodata         0x00008208       0x14
                0x00008208                PROVIDE (__ram_rodata_start, ABSOLUTE (.))
                0x00008208                . = ALIGN (0x4)
 *(.rodata .rodata.* .gnu.linkonce.r.*)
 .rodata.str1.4
                0x00008208       0x14 obj/default/hello_world_small.o
 *(.rodata1)
                0x0000821c                . = ALIGN (0x4)
                0x0000821c                PROVIDE (__ram_rodata_end, ABSOLUTE (.))
                0x00008208                PROVIDE (__flash_rodata_start, LOADADDR (.rodata))

.rwdata         0x0000821c        0x4 load address 0x00008220
                0x0000821c                PROVIDE (__ram_rwdata_start, ABSOLUTE (.))
                0x0000821c                . = ALIGN (0x4)
 *(.got.plt)
 *(.got)
 *(.data1)
 *(.data .data.* .gnu.linkonce.d.*)
 .data          0x0000821c        0x0 ../PWM_Test_bsp//obj/HAL/src/crt0.o
 .data          0x0000821c        0x0 obj/default/hello_world_small.o
 .data          0x0000821c        0x0 ../PWM_Test_bsp/\libhal_bsp.a(alt_load.o)
 .data          0x0000821c        0x0 ../PWM_Test_bsp/\libhal_bsp.a(alt_main.o)
 .data          0x0000821c        0x0 ../PWM_Test_bsp/\libhal_bsp.a(alt_putstr.o)
 .data          0x0000821c        0x0 ../PWM_Test_bsp/\libhal_bsp.a(alt_sys_init.o)
 .data          0x0000821c        0x0 ../PWM_Test_bsp/\libhal_bsp.a(altera_avalon_jtag_uart_write.o)
 .data          0x0000821c        0x0 ../PWM_Test_bsp/\libhal_bsp.a(alt_dcache_flush_all.o)
 .data          0x0000821c        0x0 ../PWM_Test_bsp/\libhal_bsp.a(alt_icache_flush_all.o)
 .data          0x0000821c        0x0 ../PWM_Test_bsp/\libhal_bsp.a(altera_nios2_irq.o)
 .data          0x0000821c        0x0 c:/altera/11.1sp2/nios2eds/bin/gnu/h-i686-mingw32/bin/../lib/gcc/nios2-elf/4.1.2/../../../../nios2-elf/lib/mno-hw-mul\libsmallc.a(lib_a-strlen.o)
                0x0001021c                _gp = ABSOLUTE ((. + 0x8000))
                0x0001021c                PROVIDE (gp, _gp)
 *(.rwdata .rwdata.*)
 *(.sdata .sdata.* .gnu.linkonce.s.*)
 .sdata         0x0000821c        0x4 ../PWM_Test_bsp/\libhal_bsp.a(alt_sys_init.o)
                0x0000821c                jtag_uart_0
 *(.sdata2 .sdata2.* .gnu.linkonce.s2.*)
                0x00008220                . = ALIGN (0x4)
                0x00008220                _edata = ABSOLUTE (.)
                0x00008220                PROVIDE (edata, ABSOLUTE (.))
                0x00008220                PROVIDE (__ram_rwdata_end, ABSOLUTE (.))
                0x00008220                PROVIDE (__flash_rwdata_start, LOADADDR (.rwdata))

.bss            0x00008224        0xc
                0x00008224                __bss_start = ABSOLUTE (.)
                0x00008224                PROVIDE (__sbss_start, ABSOLUTE (.))
                0x00008224                PROVIDE (___sbss_start, ABSOLUTE (.))
 *(.dynsbss)
 *(.sbss .sbss.* .gnu.linkonce.sb.*)
 .sbss          0x00008224        0xc ../PWM_Test_bsp/\libhal_bsp.a(alt_main.o)
                0x00008224                alt_argc
                0x00008228                alt_argv
                0x0000822c                alt_envp
 *(.sbss2 .sbss2.* .gnu.linkonce.sb2.*)
 *(.scommon)
                0x00008230                PROVIDE (__sbss_end, ABSOLUTE (.))
                0x00008230                PROVIDE (___sbss_end, ABSOLUTE (.))
 *(.dynbss)
 *(.bss .bss.* .gnu.linkonce.b.*)
 .bss           0x00008230        0x0 ../PWM_Test_bsp//obj/HAL/src/crt0.o
 .bss           0x00008230        0x0 obj/default/hello_world_small.o
 .bss           0x00008230        0x0 ../PWM_Test_bsp/\libhal_bsp.a(alt_load.o)
 .bss           0x00008230        0x0 ../PWM_Test_bsp/\libhal_bsp.a(alt_main.o)
 .bss           0x00008230        0x0 ../PWM_Test_bsp/\libhal_bsp.a(alt_putstr.o)
 .bss           0x00008230        0x0 ../PWM_Test_bsp/\libhal_bsp.a(alt_sys_init.o)
 .bss           0x00008230        0x0 ../PWM_Test_bsp/\libhal_bsp.a(altera_avalon_jtag_uart_write.o)
 .bss           0x00008230        0x0 ../PWM_Test_bsp/\libhal_bsp.a(alt_dcache_flush_all.o)
 .bss           0x00008230        0x0 ../PWM_Test_bsp/\libhal_bsp.a(alt_icache_flush_all.o)
 .bss           0x00008230        0x0 ../PWM_Test_bsp/\libhal_bsp.a(altera_nios2_irq.o)
 .bss           0x00008230        0x0 c:/altera/11.1sp2/nios2eds/bin/gnu/h-i686-mingw32/bin/../lib/gcc/nios2-elf/4.1.2/../../../../nios2-elf/lib/mno-hw-mul\libsmallc.a(lib_a-strlen.o)
 *(COMMON)
                0x00008230                . = ALIGN (0x4)
                0x00008230                __bss_end = ABSOLUTE (.)

.onchip_memory2_0
                0x00008230        0x0
                0x00008230                PROVIDE (_alt_partition_onchip_memory2_0_start, ABSOLUTE (.))
 *(.onchip_memory2_0. onchip_memory2_0.*)
                0x00008230                . = ALIGN (0x4)
                0x00008230                PROVIDE (_alt_partition_onchip_memory2_0_end, ABSOLUTE (.))
                0x00008230                _end = ABSOLUTE (.)
                0x00008230                end = ABSOLUTE (.)
                0x00008230                __alt_stack_base = ABSOLUTE (.)
                0x00008230                PROVIDE (_alt_partition_onchip_memory2_0_load_addr, LOADADDR (.onchip_memory2_0))

.stab
 *(.stab)

.stabstr
 *(.stabstr)

.stab.excl
 *(.stab.excl)

.stab.exclstr
 *(.stab.exclstr)

.stab.index
 *(.stab.index)

.stab.indexstr
 *(.stab.indexstr)

.comment        0x00000000       0x26
 *(.comment)
 .comment       0x00000000       0x26 obj/default/hello_world_small.o
                                 0x27 (size before relaxing)
 .comment       0x00000000       0x27 ../PWM_Test_bsp/\libhal_bsp.a(alt_load.o)
 .comment       0x00000000       0x27 ../PWM_Test_bsp/\libhal_bsp.a(alt_main.o)
 .comment       0x00000000       0x27 ../PWM_Test_bsp/\libhal_bsp.a(alt_putstr.o)
 .comment       0x00000000       0x27 ../PWM_Test_bsp/\libhal_bsp.a(alt_sys_init.o)
 .comment       0x00000000       0x27 ../PWM_Test_bsp/\libhal_bsp.a(altera_avalon_jtag_uart_write.o)
 .comment       0x00000000       0x27 ../PWM_Test_bsp/\libhal_bsp.a(alt_dcache_flush_all.o)
 .comment       0x00000000       0x27 ../PWM_Test_bsp/\libhal_bsp.a(alt_icache_flush_all.o)
 .comment       0x00000000       0x27 ../PWM_Test_bsp/\libhal_bsp.a(altera_nios2_irq.o)
 .comment       0x00000000       0x27 c:/altera/11.1sp2/nios2eds/bin/gnu/h-i686-mingw32/bin/../lib/gcc/nios2-elf/4.1.2/../../../../nios2-elf/lib/mno-hw-mul\libsmallc.a(lib_a-strlen.o)

.debug
 *(.debug)

.line
 *(.line)

.debug_srcinfo
 *(.debug_srcinfo)

.debug_sfnames
 *(.debug_sfnames)

.debug_aranges  0x00000000      0x168
 *(.debug_aranges)
 .debug_aranges
                0x00000000       0x28 ../PWM_Test_bsp//obj/HAL/src/crt0.o
 .debug_aranges
                0x00000028       0x20 obj/default/hello_world_small.o
 .debug_aranges
                0x00000048       0x20 ../PWM_Test_bsp/\libhal_bsp.a(alt_load.o)
 .debug_aranges
                0x00000068       0x20 ../PWM_Test_bsp/\libhal_bsp.a(alt_main.o)
 .debug_aranges
                0x00000088       0x20 ../PWM_Test_bsp/\libhal_bsp.a(alt_putstr.o)
 .debug_aranges
                0x000000a8       0x20 ../PWM_Test_bsp/\libhal_bsp.a(alt_sys_init.o)
 .debug_aranges
                0x000000c8       0x20 ../PWM_Test_bsp/\libhal_bsp.a(altera_avalon_jtag_uart_write.o)
 .debug_aranges
                0x000000e8       0x20 ../PWM_Test_bsp/\libhal_bsp.a(alt_dcache_flush_all.o)
 .debug_aranges
                0x00000108       0x20 ../PWM_Test_bsp/\libhal_bsp.a(alt_icache_flush_all.o)
 .debug_aranges
                0x00000128       0x20 ../PWM_Test_bsp/\libhal_bsp.a(altera_nios2_irq.o)
 .debug_aranges
                0x00000148       0x20 c:/altera/11.1sp2/nios2eds/bin/gnu/h-i686-mingw32/bin/../lib/gcc/nios2-elf/4.1.2/../../../../nios2-elf/lib/mno-hw-mul\libsmallc.a(lib_a-strlen.o)

.debug_pubnames
                0x00000000      0x1b8
 *(.debug_pubnames)
 .debug_pubnames
                0x00000000       0x1b obj/default/hello_world_small.o
 .debug_pubnames
                0x0000001b       0x1f ../PWM_Test_bsp/\libhal_bsp.a(alt_load.o)
 .debug_pubnames
                0x0000003a       0x46 ../PWM_Test_bsp/\libhal_bsp.a(alt_main.o)
 .debug_pubnames
                0x00000080       0x21 ../PWM_Test_bsp/\libhal_bsp.a(alt_putstr.o)
 .debug_pubnames
                0x000000a1       0x44 ../PWM_Test_bsp/\libhal_bsp.a(alt_sys_init.o)
 .debug_pubnames
                0x000000e5       0x34 ../PWM_Test_bsp/\libhal_bsp.a(altera_avalon_jtag_uart_write.o)
 .debug_pubnames
                0x00000119       0x2b ../PWM_Test_bsp/\libhal_bsp.a(alt_dcache_flush_all.o)
 .debug_pubnames
                0x00000144       0x2b ../PWM_Test_bsp/\libhal_bsp.a(alt_icache_flush_all.o)
 .debug_pubnames
                0x0000016f       0x2c ../PWM_Test_bsp/\libhal_bsp.a(altera_nios2_irq.o)
 .debug_pubnames
                0x0000019b       0x1d c:/altera/11.1sp2/nios2eds/bin/gnu/h-i686-mingw32/bin/../lib/gcc/nios2-elf/4.1.2/../../../../nios2-elf/lib/mno-hw-mul\libsmallc.a(lib_a-strlen.o)

.debug_info     0x00000000      0x94e
 *(.debug_info .gnu.linkonce.wi.*)
 .debug_info    0x00000000       0x7c ../PWM_Test_bsp//obj/HAL/src/crt0.o
 .debug_info    0x0000007c       0x45 obj/default/hello_world_small.o
 .debug_info    0x000000c1      0x12e ../PWM_Test_bsp/\libhal_bsp.a(alt_load.o)
 .debug_info    0x000001ef      0x125 ../PWM_Test_bsp/\libhal_bsp.a(alt_main.o)
 .debug_info    0x00000314       0xc5 ../PWM_Test_bsp/\libhal_bsp.a(alt_putstr.o)
 .debug_info    0x000003d9      0x17d ../PWM_Test_bsp/\libhal_bsp.a(alt_sys_init.o)
 .debug_info    0x00000556      0x18f ../PWM_Test_bsp/\libhal_bsp.a(altera_avalon_jtag_uart_write.o)
 .debug_info    0x000006e5       0x8d ../PWM_Test_bsp/\libhal_bsp.a(alt_dcache_flush_all.o)
 .debug_info    0x00000772       0x8d ../PWM_Test_bsp/\libhal_bsp.a(alt_icache_flush_all.o)
 .debug_info    0x000007ff       0x8d ../PWM_Test_bsp/\libhal_bsp.a(altera_nios2_irq.o)
 .debug_info    0x0000088c       0xc2 c:/altera/11.1sp2/nios2eds/bin/gnu/h-i686-mingw32/bin/../lib/gcc/nios2-elf/4.1.2/../../../../nios2-elf/lib/mno-hw-mul\libsmallc.a(lib_a-strlen.o)

.debug_abbrev   0x00000000      0x509
 *(.debug_abbrev)
 .debug_abbrev  0x00000000       0x12 ../PWM_Test_bsp//obj/HAL/src/crt0.o
 .debug_abbrev  0x00000012       0x34 obj/default/hello_world_small.o
 .debug_abbrev  0x00000046       0x97 ../PWM_Test_bsp/\libhal_bsp.a(alt_load.o)
 .debug_abbrev  0x000000dd       0xa6 ../PWM_Test_bsp/\libhal_bsp.a(alt_main.o)
 .debug_abbrev  0x00000183       0x7c ../PWM_Test_bsp/\libhal_bsp.a(alt_putstr.o)
 .debug_abbrev  0x000001ff       0xe3 ../PWM_Test_bsp/\libhal_bsp.a(alt_sys_init.o)
 .debug_abbrev  0x000002e2       0xf0 ../PWM_Test_bsp/\libhal_bsp.a(altera_avalon_jtag_uart_write.o)
 .debug_abbrev  0x000003d2       0x3f ../PWM_Test_bsp/\libhal_bsp.a(alt_dcache_flush_all.o)
 .debug_abbrev  0x00000411       0x3f ../PWM_Test_bsp/\libhal_bsp.a(alt_icache_flush_all.o)
 .debug_abbrev  0x00000450       0x3f ../PWM_Test_bsp/\libhal_bsp.a(altera_nios2_irq.o)
 .debug_abbrev  0x0000048f       0x7a c:/altera/11.1sp2/nios2eds/bin/gnu/h-i686-mingw32/bin/../lib/gcc/nios2-elf/4.1.2/../../../../nios2-elf/lib/mno-hw-mul\libsmallc.a(lib_a-strlen.o)

.debug_line     0x00000000     0x1504
 *(.debug_line)
 .debug_line    0x00000000       0x66 ../PWM_Test_bsp//obj/HAL/src/crt0.o
 .debug_line    0x00000066       0xef obj/default/hello_world_small.o
 .debug_line    0x00000155      0x217 ../PWM_Test_bsp/\libhal_bsp.a(alt_load.o)
 .debug_line    0x0000036c      0x2c2 ../PWM_Test_bsp/\libhal_bsp.a(alt_main.o)
 .debug_line    0x0000062e      0x1d9 ../PWM_Test_bsp/\libhal_bsp.a(alt_putstr.o)
 .debug_line    0x00000807      0x286 ../PWM_Test_bsp/\libhal_bsp.a(alt_sys_init.o)
 .debug_line    0x00000a8d      0x2f4 ../PWM_Test_bsp/\libhal_bsp.a(altera_avalon_jtag_uart_write.o)
 .debug_line    0x00000d81      0x1b5 ../PWM_Test_bsp/\libhal_bsp.a(alt_dcache_flush_all.o)
 .debug_line    0x00000f36      0x1b5 ../PWM_Test_bsp/\libhal_bsp.a(alt_icache_flush_all.o)
 .debug_line    0x000010eb      0x1c9 ../PWM_Test_bsp/\libhal_bsp.a(altera_nios2_irq.o)
 .debug_line    0x000012b4      0x250 c:/altera/11.1sp2/nios2eds/bin/gnu/h-i686-mingw32/bin/../lib/gcc/nios2-elf/4.1.2/../../../../nios2-elf/lib/mno-hw-mul\libsmallc.a(lib_a-strlen.o)

.debug_frame    0x00000000      0x188
 *(.debug_frame)
 .debug_frame   0x00000000       0x28 obj/default/hello_world_small.o
 .debug_frame   0x00000028       0x38 ../PWM_Test_bsp/\libhal_bsp.a(alt_load.o)
 .debug_frame   0x00000060       0x28 ../PWM_Test_bsp/\libhal_bsp.a(alt_main.o)
 .debug_frame   0x00000088       0x28 ../PWM_Test_bsp/\libhal_bsp.a(alt_putstr.o)
 .debug_frame   0x000000b0       0x38 ../PWM_Test_bsp/\libhal_bsp.a(alt_sys_init.o)
 .debug_frame   0x000000e8       0x20 ../PWM_Test_bsp/\libhal_bsp.a(altera_avalon_jtag_uart_write.o)
 .debug_frame   0x00000108       0x20 ../PWM_Test_bsp/\libhal_bsp.a(alt_dcache_flush_all.o)
 .debug_frame   0x00000128       0x20 ../PWM_Test_bsp/\libhal_bsp.a(alt_icache_flush_all.o)
 .debug_frame   0x00000148       0x20 ../PWM_Test_bsp/\libhal_bsp.a(altera_nios2_irq.o)
 .debug_frame   0x00000168       0x20 c:/altera/11.1sp2/nios2eds/bin/gnu/h-i686-mingw32/bin/../lib/gcc/nios2-elf/4.1.2/../../../../nios2-elf/lib/mno-hw-mul\libsmallc.a(lib_a-strlen.o)

.debug_str      0x00000000      0x511
 *(.debug_str)
 .debug_str     0x00000000       0x67 obj/default/hello_world_small.o
                                 0x6c (size before relaxing)
 .debug_str     0x00000067      0x18c ../PWM_Test_bsp/\libhal_bsp.a(alt_load.o)
                                0x1d1 (size before relaxing)
 .debug_str     0x000001f3       0x75 ../PWM_Test_bsp/\libhal_bsp.a(alt_main.o)
                                0x155 (size before relaxing)
 .debug_str     0x00000268       0x4c ../PWM_Test_bsp/\libhal_bsp.a(alt_putstr.o)
                                0x12c (size before relaxing)
 .debug_str     0x000002b4       0x85 ../PWM_Test_bsp/\libhal_bsp.a(alt_sys_init.o)
                                0x1ca (size before relaxing)
 .debug_str     0x00000339       0x56 ../PWM_Test_bsp/\libhal_bsp.a(altera_avalon_jtag_uart_write.o)
                                0x1cd (size before relaxing)
 .debug_str     0x0000038f       0x34 ../PWM_Test_bsp/\libhal_bsp.a(alt_dcache_flush_all.o)
                                0x114 (size before relaxing)
 .debug_str     0x000003c3       0x34 ../PWM_Test_bsp/\libhal_bsp.a(alt_icache_flush_all.o)
                                0x114 (size before relaxing)
 .debug_str     0x000003f7       0x31 ../PWM_Test_bsp/\libhal_bsp.a(altera_nios2_irq.o)
                                0x111 (size before relaxing)
 .debug_str     0x00000428       0xe9 c:/altera/11.1sp2/nios2eds/bin/gnu/h-i686-mingw32/bin/../lib/gcc/nios2-elf/4.1.2/../../../../nios2-elf/lib/mno-hw-mul\libsmallc.a(lib_a-strlen.o)
                                0x184 (size before relaxing)

.debug_loc      0x00000000      0x11b
 *(.debug_loc)
 .debug_loc     0x00000000       0x1f obj/default/hello_world_small.o
 .debug_loc     0x0000001f       0x1f ../PWM_Test_bsp/\libhal_bsp.a(alt_load.o)
 .debug_loc     0x0000003e       0x1f ../PWM_Test_bsp/\libhal_bsp.a(alt_main.o)
 .debug_loc     0x0000005d       0x48 ../PWM_Test_bsp/\libhal_bsp.a(alt_putstr.o)
 .debug_loc     0x000000a5       0x32 ../PWM_Test_bsp/\libhal_bsp.a(alt_sys_init.o)
 .debug_loc     0x000000d7       0x26 ../PWM_Test_bsp/\libhal_bsp.a(altera_avalon_jtag_uart_write.o)
 .debug_loc     0x000000fd       0x1e c:/altera/11.1sp2/nios2eds/bin/gnu/h-i686-mingw32/bin/../lib/gcc/nios2-elf/4.1.2/../../../../nios2-elf/lib/mno-hw-mul\libsmallc.a(lib_a-strlen.o)

.debug_macinfo
 *(.debug_macinfo)

.debug_weaknames
 *(.debug_weaknames)

.debug_funcnames
 *(.debug_funcnames)

.debug_typenames
 *(.debug_typenames)

.debug_varnames
 *(.debug_varnames)

.debug_alt_sim_info
                0x00000000       0x10
 *(.debug_alt_sim_info)
 .debug_alt_sim_info
                0x00000000       0x10 ../PWM_Test_bsp//obj/HAL/src/crt0.o
                0x0000d000                __alt_data_end = 0xd000
                0x0000d000                PROVIDE (__alt_stack_pointer, __alt_data_end)
                0x00008230                PROVIDE (__alt_stack_limit, __alt_stack_base)
                0x00008230                PROVIDE (__alt_heap_start, end)
                0x0000d000                PROVIDE (__alt_heap_limit, 0xd000)
OUTPUT(PWM_Test.elf elf32-littlenios2)

.debug_ranges   0x00000000       0x20
 .debug_ranges  0x00000000       0x20 ../PWM_Test_bsp//obj/HAL/src/crt0.o
