Archive member included because of file (symbol)

c:/altera/11.1sp2/nios2eds/bin/gnu/h-i686-mingw32/bin/../lib/gcc/nios2-elf/4.1.2/../../../../nios2-elf/lib/mno-hw-mul\libsmallc.a(lib_a-printf.o)
                              obj/default/hello_world_small.o (printf)
c:/altera/11.1sp2/nios2eds/bin/gnu/h-i686-mingw32/bin/../lib/gcc/nios2-elf/4.1.2/../../../../nios2-elf/lib/mno-hw-mul\libsmallc.a(lib_a-vfprintf.o)
                              c:/altera/11.1sp2/nios2eds/bin/gnu/h-i686-mingw32/bin/../lib/gcc/nios2-elf/4.1.2/../../../../nios2-elf/lib/mno-hw-mul\libsmallc.a(lib_a-printf.o) (___vfprintf_internal_r)
c:/altera/11.1sp2/nios2eds/bin/gnu/h-i686-mingw32/bin/../lib/gcc/nios2-elf/4.1.2/../../../../nios2-elf/lib/mno-hw-mul\libsmallc.a(lib_a-fvwrite_small_dev.o)
                              c:/altera/11.1sp2/nios2eds/bin/gnu/h-i686-mingw32/bin/../lib/gcc/nios2-elf/4.1.2/../../../../nios2-elf/lib/mno-hw-mul\libsmallc.a(lib_a-printf.o) (__sfvwrite_small_dev)
c:/altera/11.1sp2/nios2eds/bin/gnu/h-i686-mingw32/bin/../lib/gcc/nios2-elf/4.1.2/../../../../nios2-elf/lib/mno-hw-mul\libsmallc.a(lib_a-impure.o)
                              c:/altera/11.1sp2/nios2eds/bin/gnu/h-i686-mingw32/bin/../lib/gcc/nios2-elf/4.1.2/../../../../nios2-elf/lib/mno-hw-mul\libsmallc.a(lib_a-printf.o) (_impure_ptr)
c:/altera/11.1sp2/nios2eds/bin/gnu/h-i686-mingw32/bin/../lib/gcc/nios2-elf/4.1.2/../../../../nios2-elf/lib/mno-hw-mul\libsmallc.a(lib_a-strlen.o)
                              c:/altera/11.1sp2/nios2eds/bin/gnu/h-i686-mingw32/bin/../lib/gcc/nios2-elf/4.1.2/../../../../nios2-elf/lib/mno-hw-mul\libsmallc.a(lib_a-vfprintf.o) (strlen)
c:/altera/11.1sp2/nios2eds/bin/gnu/h-i686-mingw32/bin/../lib/gcc/nios2-elf/4.1.2/../../../../nios2-elf/lib/mno-hw-mul\libsmallc.a(lib_a-writer.o)
                              c:/altera/11.1sp2/nios2eds/bin/gnu/h-i686-mingw32/bin/../lib/gcc/nios2-elf/4.1.2/../../../../nios2-elf/lib/mno-hw-mul\libsmallc.a(lib_a-fvwrite_small_dev.o) (_write_r)
c:/altera/11.1sp2/nios2eds/bin/gnu/h-i686-mingw32/bin/../lib/gcc/nios2-elf/4.1.2/../../../../nios2-elf/lib/mno-hw-mul\libsmallc.a(lib_a-int_errno.o)
                              c:/altera/11.1sp2/nios2eds/bin/gnu/h-i686-mingw32/bin/../lib/gcc/nios2-elf/4.1.2/../../../../nios2-elf/lib/mno-hw-mul\libsmallc.a(lib_a-writer.o) (errno)
c:/altera/11.1sp2/nios2eds/bin/gnu/h-i686-mingw32/bin/../lib/gcc/nios2-elf/4.1.2/mno-hw-mul\libgcc.a(lib2-divmod.o)
                              c:/altera/11.1sp2/nios2eds/bin/gnu/h-i686-mingw32/bin/../lib/gcc/nios2-elf/4.1.2/../../../../nios2-elf/lib/mno-hw-mul\libsmallc.a(lib_a-vfprintf.o) (__udivsi3)
c:/altera/11.1sp2/nios2eds/bin/gnu/h-i686-mingw32/bin/../lib/gcc/nios2-elf/4.1.2/mno-hw-mul\libgcc.a(lib2-mul.o)
                              c:/altera/11.1sp2/nios2eds/bin/gnu/h-i686-mingw32/bin/../lib/gcc/nios2-elf/4.1.2/../../../../nios2-elf/lib/mno-hw-mul\libsmallc.a(lib_a-vfprintf.o) (__mulsi3)
../Test3_receptionNMEA_bsp/\libhal_bsp.a(alt_load.o)
                              ../Test3_receptionNMEA_bsp//obj/HAL/src/crt0.o (alt_load)
../Test3_receptionNMEA_bsp/\libhal_bsp.a(alt_main.o)
                              ../Test3_receptionNMEA_bsp//obj/HAL/src/crt0.o (alt_main)
../Test3_receptionNMEA_bsp/\libhal_bsp.a(alt_putstr.o)
                              obj/default/hello_world_small.o (alt_putstr)
../Test3_receptionNMEA_bsp/\libhal_bsp.a(alt_write.o)
                              c:/altera/11.1sp2/nios2eds/bin/gnu/h-i686-mingw32/bin/../lib/gcc/nios2-elf/4.1.2/../../../../nios2-elf/lib/mno-hw-mul\libsmallc.a(lib_a-writer.o) (write)
../Test3_receptionNMEA_bsp/\libhal_bsp.a(alt_sys_init.o)
                              ../Test3_receptionNMEA_bsp/\libhal_bsp.a(alt_main.o) (alt_sys_init)
../Test3_receptionNMEA_bsp/\libhal_bsp.a(altera_avalon_jtag_uart_write.o)
                              ../Test3_receptionNMEA_bsp/\libhal_bsp.a(alt_putstr.o) (altera_avalon_jtag_uart_write)
../Test3_receptionNMEA_bsp/\libhal_bsp.a(alt_dcache_flush_all.o)
                              ../Test3_receptionNMEA_bsp/\libhal_bsp.a(alt_load.o) (alt_dcache_flush_all)
../Test3_receptionNMEA_bsp/\libhal_bsp.a(alt_errno.o)
                              ../Test3_receptionNMEA_bsp/\libhal_bsp.a(alt_write.o) (alt_errno)
../Test3_receptionNMEA_bsp/\libhal_bsp.a(alt_icache_flush_all.o)
                              ../Test3_receptionNMEA_bsp/\libhal_bsp.a(alt_load.o) (alt_icache_flush_all)
../Test3_receptionNMEA_bsp/\libhal_bsp.a(altera_nios2_irq.o)
                              ../Test3_receptionNMEA_bsp/\libhal_bsp.a(alt_sys_init.o) (altera_nios2_irq_init)

Allocating common symbols
Common symbol       size              file

errno               0x4               c:/altera/11.1sp2/nios2eds/bin/gnu/h-i686-mingw32/bin/../lib/gcc/nios2-elf/4.1.2/../../../../nios2-elf/lib/mno-hw-mul\libsmallc.a(lib_a-int_errno.o)

Memory Configuration

Name             Origin             Length             Attributes
reset            0x00008000         0x00000020
onchip_memory2_0 0x00008020         0x00004e00
*default*        0x00000000         0xffffffff

Linker script and memory map

LOAD ../Test3_receptionNMEA_bsp//obj/HAL/src/crt0.o
                0x0000800c                exit = _exit
LOAD obj/default/hello_world_small.o
LOAD c:/altera/11.1sp2/nios2eds/bin/gnu/h-i686-mingw32/bin/../lib/gcc/nios2-elf/4.1.2/../../../../nios2-elf/lib/mno-hw-mul\libstdc++.a
LOAD c:/altera/11.1sp2/nios2eds/bin/gnu/h-i686-mingw32/bin/../lib/gcc/nios2-elf/4.1.2/../../../../nios2-elf/lib/mno-hw-mul\libm.a
LOAD c:/altera/11.1sp2/nios2eds/bin/gnu/h-i686-mingw32/bin/../lib/gcc/nios2-elf/4.1.2/mno-hw-mul\libgcc.a
START GROUP
LOAD c:/altera/11.1sp2/nios2eds/bin/gnu/h-i686-mingw32/bin/../lib/gcc/nios2-elf/4.1.2/../../../../nios2-elf/lib/mno-hw-mul\libsmallc.a
LOAD c:/altera/11.1sp2/nios2eds/bin/gnu/h-i686-mingw32/bin/../lib/gcc/nios2-elf/4.1.2/mno-hw-mul\libgcc.a
LOAD ../Test3_receptionNMEA_bsp/\libhal_bsp.a
END GROUP
LOAD c:/altera/11.1sp2/nios2eds/bin/gnu/h-i686-mingw32/bin/../lib/gcc/nios2-elf/4.1.2/mno-hw-mul\libgcc.a
                0x00008000                __alt_mem_onchip_memory2_0 = 0x8000

.entry          0x00008000       0x20
 *(.entry)
 .entry         0x00008000       0x20 ../Test3_receptionNMEA_bsp//obj/HAL/src/crt0.o
                0x00008000                __reset
                0x0000800c                _exit

.exceptions     0x00008020        0x0
                0x00008020                PROVIDE (__ram_exceptions_start, ABSOLUTE (.))
                0x00008020                . = ALIGN (0x20)
 *(.irq)
 *(.exceptions.entry.label)
 *(.exceptions.entry.user)
 *(.exceptions.entry)
 *(.exceptions.irqtest.user)
 *(.exceptions.irqtest)
 *(.exceptions.irqhandler.user)
 *(.exceptions.irqhandler)
 *(.exceptions.irqreturn.user)
 *(.exceptions.irqreturn)
 *(.exceptions.notirq.label)
 *(.exceptions.notirq.user)
 *(.exceptions.notirq)
 *(.exceptions.soft.user)
 *(.exceptions.soft)
 *(.exceptions.unknown.user)
 *(.exceptions.unknown)
 *(.exceptions.exit.label)
 *(.exceptions.exit.user)
 *(.exceptions.exit)
 *(.exceptions)
                0x00008020                PROVIDE (__ram_exceptions_end, ABSOLUTE (.))
                0x00008020                PROVIDE (__flash_exceptions_start, LOADADDR (.exceptions))

.text           0x00008020      0xd08
                0x00008020                PROVIDE (stext, ABSOLUTE (.))
 *(.interp)
 *(.hash)
 *(.dynsym)
 *(.dynstr)
 *(.gnu.version)
 *(.gnu.version_d)
 *(.gnu.version_r)
 *(.rel.init)
 *(.rela.init)
 *(.rel.text .rel.text.* .rel.gnu.linkonce.t.*)
 *(.rela.text .rela.text.* .rela.gnu.linkonce.t.*)
 *(.rel.fini)
 *(.rela.fini)
 *(.rel.rodata .rel.rodata.* .rel.gnu.linkonce.r.*)
 *(.rela.rodata .rela.rodata.* .rela.gnu.linkonce.r.*)
 *(.rel.data .rel.data.* .rel.gnu.linkonce.d.*)
 *(.rela.data .rela.data.* .rela.gnu.linkonce.d.*)
 *(.rel.tdata .rel.tdata.* .rel.gnu.linkonce.td.*)
 *(.rela.tdata .rela.tdata.* .rela.gnu.linkonce.td.*)
 *(.rel.tbss .rel.tbss.* .rel.gnu.linkonce.tb.*)
 *(.rela.tbss .rela.tbss.* .rela.gnu.linkonce.tb.*)
 *(.rel.ctors)
 *(.rela.ctors)
 *(.rel.dtors)
 *(.rela.dtors)
 *(.rel.got)
 *(.rela.got)
 *(.rel.sdata .rel.sdata.* .rel.gnu.linkonce.s.*)
 *(.rela.sdata .rela.sdata.* .rela.gnu.linkonce.s.*)
 *(.rel.sbss .rel.sbss.* .rel.gnu.linkonce.sb.*)
 *(.rela.sbss .rela.sbss.* .rela.gnu.linkonce.sb.*)
 *(.rel.sdata2 .rel.sdata2.* .rel.gnu.linkonce.s2.*)
 *(.rela.sdata2 .rela.sdata2.* .rela.gnu.linkonce.s2.*)
 *(.rel.sbss2 .rel.sbss2.* .rel.gnu.linkonce.sb2.*)
 *(.rela.sbss2 .rela.sbss2.* .rela.gnu.linkonce.sb2.*)
 *(.rel.bss .rel.bss.* .rel.gnu.linkonce.b.*)
 *(.rela.bss .rela.bss.* .rela.gnu.linkonce.b.*)
 *(.rel.plt)
 *(.rela.plt)
 *(.rel.dyn)
 *(.init)
 *(.plt)
 *(.text .stub .text.* .gnu.linkonce.t.*)
 .text          0x00008020       0x3c ../Test3_receptionNMEA_bsp//obj/HAL/src/crt0.o
                0x00008020                _start
 .text          0x0000805c       0xe8 obj/default/hello_world_small.o
                0x0000805c                main
 .text          0x00008144       0x98 c:/altera/11.1sp2/nios2eds/bin/gnu/h-i686-mingw32/bin/../lib/gcc/nios2-elf/4.1.2/../../../../nios2-elf/lib/mno-hw-mul\libsmallc.a(lib_a-printf.o)
                0x00008144                printf
                0x00008198                _printf_r
 .text          0x000081dc      0x6a4 c:/altera/11.1sp2/nios2eds/bin/gnu/h-i686-mingw32/bin/../lib/gcc/nios2-elf/4.1.2/../../../../nios2-elf/lib/mno-hw-mul\libsmallc.a(lib_a-vfprintf.o)
                0x0000825c                ___vfprintf_internal_r
                0x0000885c                __vfprintf_internal
 .text          0x00008880       0xbc c:/altera/11.1sp2/nios2eds/bin/gnu/h-i686-mingw32/bin/../lib/gcc/nios2-elf/4.1.2/../../../../nios2-elf/lib/mno-hw-mul\libsmallc.a(lib_a-fvwrite_small_dev.o)
                0x00008880                __sfvwrite_small_dev
 .text          0x0000893c        0x0 c:/altera/11.1sp2/nios2eds/bin/gnu/h-i686-mingw32/bin/../lib/gcc/nios2-elf/4.1.2/../../../../nios2-elf/lib/mno-hw-mul\libsmallc.a(lib_a-impure.o)
 .text          0x0000893c       0x20 c:/altera/11.1sp2/nios2eds/bin/gnu/h-i686-mingw32/bin/../lib/gcc/nios2-elf/4.1.2/../../../../nios2-elf/lib/mno-hw-mul\libsmallc.a(lib_a-strlen.o)
                0x0000893c                strlen
 .text          0x0000895c       0x78 c:/altera/11.1sp2/nios2eds/bin/gnu/h-i686-mingw32/bin/../lib/gcc/nios2-elf/4.1.2/../../../../nios2-elf/lib/mno-hw-mul\libsmallc.a(lib_a-writer.o)
                0x0000895c                _write_r
 .text          0x000089d4        0x0 c:/altera/11.1sp2/nios2eds/bin/gnu/h-i686-mingw32/bin/../lib/gcc/nios2-elf/4.1.2/../../../../nios2-elf/lib/mno-hw-mul\libsmallc.a(lib_a-int_errno.o)
 .text          0x000089d4      0x14c c:/altera/11.1sp2/nios2eds/bin/gnu/h-i686-mingw32/bin/../lib/gcc/nios2-elf/4.1.2/mno-hw-mul\libgcc.a(lib2-divmod.o)
                0x00008a50                __divsi3
                0x00008ab0                __modsi3
                0x00008b10                __udivsi3
                0x00008b18                __umodsi3
 .text          0x00008b20       0x38 c:/altera/11.1sp2/nios2eds/bin/gnu/h-i686-mingw32/bin/../lib/gcc/nios2-elf/4.1.2/mno-hw-mul\libgcc.a(lib2-mul.o)
                0x00008b20                __mulsi3
 .text          0x00008b58       0x8c ../Test3_receptionNMEA_bsp/\libhal_bsp.a(alt_load.o)
                0x00008b78                alt_load
 .text          0x00008be4       0x2c ../Test3_receptionNMEA_bsp/\libhal_bsp.a(alt_main.o)
                0x00008be4                alt_main
 .text          0x00008c10       0x38 ../Test3_receptionNMEA_bsp/\libhal_bsp.a(alt_putstr.o)
                0x00008c10                alt_putstr
 .text          0x00008c48       0x78 ../Test3_receptionNMEA_bsp/\libhal_bsp.a(alt_write.o)
                0x00008c48                write
 .text          0x00008cc0       0x24 ../Test3_receptionNMEA_bsp/\libhal_bsp.a(alt_sys_init.o)
                0x00008cc0                alt_sys_init
                0x00008cc4                alt_irq_init
 .text          0x00008ce4       0x34 ../Test3_receptionNMEA_bsp/\libhal_bsp.a(altera_avalon_jtag_uart_write.o)
                0x00008ce4                altera_avalon_jtag_uart_write
 .text          0x00008d18        0x4 ../Test3_receptionNMEA_bsp/\libhal_bsp.a(alt_dcache_flush_all.o)
                0x00008d18                alt_dcache_flush_all
 .text          0x00008d1c        0x0 ../Test3_receptionNMEA_bsp/\libhal_bsp.a(alt_errno.o)
 .text          0x00008d1c        0x4 ../Test3_receptionNMEA_bsp/\libhal_bsp.a(alt_icache_flush_all.o)
                0x00008d1c                alt_icache_flush_all
 .text          0x00008d20        0x8 ../Test3_receptionNMEA_bsp/\libhal_bsp.a(altera_nios2_irq.o)
                0x00008d20                altera_nios2_irq_init
 *(.gnu.warning.*)
 *(.fini)
                0x00008d28                PROVIDE (__etext, ABSOLUTE (.))
                0x00008d28                PROVIDE (_etext, ABSOLUTE (.))
                0x00008d28                PROVIDE (etext, ABSOLUTE (.))
 *(.eh_frame_hdr)
                0x00008d28                . = ALIGN (0x4)
                0x00008d28                PROVIDE (__preinit_array_start, ABSOLUTE (.))
 *(.preinit_array)
                0x00008d28                PROVIDE (__preinit_array_end, ABSOLUTE (.))
                0x00008d28                PROVIDE (__init_array_start, ABSOLUTE (.))
 *(.init_array)
                0x00008d28                PROVIDE (__init_array_end, ABSOLUTE (.))
                0x00008d28                PROVIDE (__fini_array_start, ABSOLUTE (.))
 *(.fini_array)
                0x00008d28                PROVIDE (__fini_array_end, ABSOLUTE (.))
 *(.eh_frame)
 *(.gcc_except_table)
 *(.dynamic)
                0x00008d28                PROVIDE (__CTOR_LIST__, ABSOLUTE (.))
 *(.ctors)
 *(SORT(.ctors.*))
                0x00008d28                PROVIDE (__CTOR_END__, ABSOLUTE (.))
                0x00008d28                PROVIDE (__DTOR_LIST__, ABSOLUTE (.))
 *(.dtors)
 *(SORT(.dtors.*))
                0x00008d28                PROVIDE (__DTOR_END__, ABSOLUTE (.))
 *(.jcr)
                0x00008d28                . = ALIGN (0x4)

.rodata         0x00008d28       0x64
                0x00008d28                PROVIDE (__ram_rodata_start, ABSOLUTE (.))
                0x00008d28                . = ALIGN (0x4)
 *(.rodata .rodata.* .gnu.linkonce.r.*)
 .rodata.str1.4
                0x00008d28       0x64 obj/default/hello_world_small.o
 *(.rodata1)
                0x00008d8c                . = ALIGN (0x4)
                0x00008d8c                PROVIDE (__ram_rodata_end, ABSOLUTE (.))
                0x00008d28                PROVIDE (__flash_rodata_start, LOADADDR (.rodata))

.rwdata         0x00008d8c       0xf0 load address 0x00008e7c
                0x00008d8c                PROVIDE (__ram_rwdata_start, ABSOLUTE (.))
                0x00008d8c                . = ALIGN (0x4)
 *(.got.plt)
 *(.got)
 *(.data1)
 *(.data .data.* .gnu.linkonce.d.*)
 .data          0x00008d8c        0x0 ../Test3_receptionNMEA_bsp//obj/HAL/src/crt0.o
 .data          0x00008d8c        0x0 obj/default/hello_world_small.o
 .data          0x00008d8c        0x0 c:/altera/11.1sp2/nios2eds/bin/gnu/h-i686-mingw32/bin/../lib/gcc/nios2-elf/4.1.2/../../../../nios2-elf/lib/mno-hw-mul\libsmallc.a(lib_a-printf.o)
 .data          0x00008d8c        0x0 c:/altera/11.1sp2/nios2eds/bin/gnu/h-i686-mingw32/bin/../lib/gcc/nios2-elf/4.1.2/../../../../nios2-elf/lib/mno-hw-mul\libsmallc.a(lib_a-vfprintf.o)
 .data          0x00008d8c        0x0 c:/altera/11.1sp2/nios2eds/bin/gnu/h-i686-mingw32/bin/../lib/gcc/nios2-elf/4.1.2/../../../../nios2-elf/lib/mno-hw-mul\libsmallc.a(lib_a-fvwrite_small_dev.o)
 .data          0x00008d8c       0xe0 c:/altera/11.1sp2/nios2eds/bin/gnu/h-i686-mingw32/bin/../lib/gcc/nios2-elf/4.1.2/../../../../nios2-elf/lib/mno-hw-mul\libsmallc.a(lib_a-impure.o)
 .data          0x00008e6c        0x0 c:/altera/11.1sp2/nios2eds/bin/gnu/h-i686-mingw32/bin/../lib/gcc/nios2-elf/4.1.2/../../../../nios2-elf/lib/mno-hw-mul\libsmallc.a(lib_a-strlen.o)
 .data          0x00008e6c        0x0 c:/altera/11.1sp2/nios2eds/bin/gnu/h-i686-mingw32/bin/../lib/gcc/nios2-elf/4.1.2/../../../../nios2-elf/lib/mno-hw-mul\libsmallc.a(lib_a-writer.o)
 .data          0x00008e6c        0x0 c:/altera/11.1sp2/nios2eds/bin/gnu/h-i686-mingw32/bin/../lib/gcc/nios2-elf/4.1.2/../../../../nios2-elf/lib/mno-hw-mul\libsmallc.a(lib_a-int_errno.o)
 .data          0x00008e6c        0x0 c:/altera/11.1sp2/nios2eds/bin/gnu/h-i686-mingw32/bin/../lib/gcc/nios2-elf/4.1.2/mno-hw-mul\libgcc.a(lib2-divmod.o)
 .data          0x00008e6c        0x0 c:/altera/11.1sp2/nios2eds/bin/gnu/h-i686-mingw32/bin/../lib/gcc/nios2-elf/4.1.2/mno-hw-mul\libgcc.a(lib2-mul.o)
 .data          0x00008e6c        0x0 ../Test3_receptionNMEA_bsp/\libhal_bsp.a(alt_load.o)
 .data          0x00008e6c        0x0 ../Test3_receptionNMEA_bsp/\libhal_bsp.a(alt_main.o)
 .data          0x00008e6c        0x0 ../Test3_receptionNMEA_bsp/\libhal_bsp.a(alt_putstr.o)
 .data          0x00008e6c        0x0 ../Test3_receptionNMEA_bsp/\libhal_bsp.a(alt_write.o)
 .data          0x00008e6c        0x0 ../Test3_receptionNMEA_bsp/\libhal_bsp.a(alt_sys_init.o)
 .data          0x00008e6c        0x0 ../Test3_receptionNMEA_bsp/\libhal_bsp.a(altera_avalon_jtag_uart_write.o)
 .data          0x00008e6c        0x0 ../Test3_receptionNMEA_bsp/\libhal_bsp.a(alt_dcache_flush_all.o)
 .data          0x00008e6c        0x0 ../Test3_receptionNMEA_bsp/\libhal_bsp.a(alt_errno.o)
 .data          0x00008e6c        0x0 ../Test3_receptionNMEA_bsp/\libhal_bsp.a(alt_icache_flush_all.o)
 .data          0x00008e6c        0x0 ../Test3_receptionNMEA_bsp/\libhal_bsp.a(altera_nios2_irq.o)
                0x00010e6c                _gp = ABSOLUTE ((. + 0x8000))
                0x00010e6c                PROVIDE (gp, _gp)
 *(.rwdata .rwdata.*)
 *(.sdata .sdata.* .gnu.linkonce.s.*)
 .sdata         0x00008e6c        0x8 c:/altera/11.1sp2/nios2eds/bin/gnu/h-i686-mingw32/bin/../lib/gcc/nios2-elf/4.1.2/../../../../nios2-elf/lib/mno-hw-mul\libsmallc.a(lib_a-impure.o)
                0x00008e6c                _impure_ptr
                0x00008e70                _global_impure_ptr
 .sdata         0x00008e74        0x4 ../Test3_receptionNMEA_bsp/\libhal_bsp.a(alt_sys_init.o)
                0x00008e74                jtag_uart_0
 .sdata         0x00008e78        0x4 ../Test3_receptionNMEA_bsp/\libhal_bsp.a(alt_errno.o)
                0x00008e78                alt_errno
 *(.sdata2 .sdata2.* .gnu.linkonce.s2.*)
                0x00008e7c                . = ALIGN (0x4)
                0x00008e7c                _edata = ABSOLUTE (.)
                0x00008e7c                PROVIDE (edata, ABSOLUTE (.))
                0x00008e7c                PROVIDE (__ram_rwdata_end, ABSOLUTE (.))
                0x00008e7c                PROVIDE (__flash_rwdata_start, LOADADDR (.rwdata))

.bss            0x00008f6c       0x10
                0x00008f6c                __bss_start = ABSOLUTE (.)
                0x00008f6c                PROVIDE (__sbss_start, ABSOLUTE (.))
                0x00008f6c                PROVIDE (___sbss_start, ABSOLUTE (.))
 *(.dynsbss)
 *(.sbss .sbss.* .gnu.linkonce.sb.*)
 .sbss          0x00008f6c        0x4 c:/altera/11.1sp2/nios2eds/bin/gnu/h-i686-mingw32/bin/../lib/gcc/nios2-elf/4.1.2/../../../../nios2-elf/lib/mno-hw-mul\libsmallc.a(lib_a-int_errno.o)
                0x00008f6c                errno
 .sbss          0x00008f70        0xc ../Test3_receptionNMEA_bsp/\libhal_bsp.a(alt_main.o)
                0x00008f70                alt_argc
                0x00008f74                alt_argv
                0x00008f78                alt_envp
 *(.sbss2 .sbss2.* .gnu.linkonce.sb2.*)
 *(.scommon)
                0x00008f7c                PROVIDE (__sbss_end, ABSOLUTE (.))
                0x00008f7c                PROVIDE (___sbss_end, ABSOLUTE (.))
 *(.dynbss)
 *(.bss .bss.* .gnu.linkonce.b.*)
 .bss           0x00008f7c        0x0 ../Test3_receptionNMEA_bsp//obj/HAL/src/crt0.o
 .bss           0x00008f7c        0x0 obj/default/hello_world_small.o
 .bss           0x00008f7c        0x0 c:/altera/11.1sp2/nios2eds/bin/gnu/h-i686-mingw32/bin/../lib/gcc/nios2-elf/4.1.2/../../../../nios2-elf/lib/mno-hw-mul\libsmallc.a(lib_a-printf.o)
 .bss           0x00008f7c        0x0 c:/altera/11.1sp2/nios2eds/bin/gnu/h-i686-mingw32/bin/../lib/gcc/nios2-elf/4.1.2/../../../../nios2-elf/lib/mno-hw-mul\libsmallc.a(lib_a-vfprintf.o)
 .bss           0x00008f7c        0x0 c:/altera/11.1sp2/nios2eds/bin/gnu/h-i686-mingw32/bin/../lib/gcc/nios2-elf/4.1.2/../../../../nios2-elf/lib/mno-hw-mul\libsmallc.a(lib_a-fvwrite_small_dev.o)
 .bss           0x00008f7c        0x0 c:/altera/11.1sp2/nios2eds/bin/gnu/h-i686-mingw32/bin/../lib/gcc/nios2-elf/4.1.2/../../../../nios2-elf/lib/mno-hw-mul\libsmallc.a(lib_a-impure.o)
 .bss           0x00008f7c        0x0 c:/altera/11.1sp2/nios2eds/bin/gnu/h-i686-mingw32/bin/../lib/gcc/nios2-elf/4.1.2/../../../../nios2-elf/lib/mno-hw-mul\libsmallc.a(lib_a-strlen.o)
 .bss           0x00008f7c        0x0 c:/altera/11.1sp2/nios2eds/bin/gnu/h-i686-mingw32/bin/../lib/gcc/nios2-elf/4.1.2/../../../../nios2-elf/lib/mno-hw-mul\libsmallc.a(lib_a-writer.o)
 .bss           0x00008f7c        0x0 c:/altera/11.1sp2/nios2eds/bin/gnu/h-i686-mingw32/bin/../lib/gcc/nios2-elf/4.1.2/../../../../nios2-elf/lib/mno-hw-mul\libsmallc.a(lib_a-int_errno.o)
 .bss           0x00008f7c        0x0 c:/altera/11.1sp2/nios2eds/bin/gnu/h-i686-mingw32/bin/../lib/gcc/nios2-elf/4.1.2/mno-hw-mul\libgcc.a(lib2-divmod.o)
 .bss           0x00008f7c        0x0 c:/altera/11.1sp2/nios2eds/bin/gnu/h-i686-mingw32/bin/../lib/gcc/nios2-elf/4.1.2/mno-hw-mul\libgcc.a(lib2-mul.o)
 .bss           0x00008f7c        0x0 ../Test3_receptionNMEA_bsp/\libhal_bsp.a(alt_load.o)
 .bss           0x00008f7c        0x0 ../Test3_receptionNMEA_bsp/\libhal_bsp.a(alt_main.o)
 .bss           0x00008f7c        0x0 ../Test3_receptionNMEA_bsp/\libhal_bsp.a(alt_putstr.o)
 .bss           0x00008f7c        0x0 ../Test3_receptionNMEA_bsp/\libhal_bsp.a(alt_write.o)
 .bss           0x00008f7c        0x0 ../Test3_receptionNMEA_bsp/\libhal_bsp.a(alt_sys_init.o)
 .bss           0x00008f7c        0x0 ../Test3_receptionNMEA_bsp/\libhal_bsp.a(altera_avalon_jtag_uart_write.o)
 .bss           0x00008f7c        0x0 ../Test3_receptionNMEA_bsp/\libhal_bsp.a(alt_dcache_flush_all.o)
 .bss           0x00008f7c        0x0 ../Test3_receptionNMEA_bsp/\libhal_bsp.a(alt_errno.o)
 .bss           0x00008f7c        0x0 ../Test3_receptionNMEA_bsp/\libhal_bsp.a(alt_icache_flush_all.o)
 .bss           0x00008f7c        0x0 ../Test3_receptionNMEA_bsp/\libhal_bsp.a(altera_nios2_irq.o)
 *(COMMON)
                0x00008f7c                . = ALIGN (0x4)
                0x00008f7c                __bss_end = ABSOLUTE (.)

.onchip_memory2_0
                0x00008f7c        0x0
                0x00008f7c                PROVIDE (_alt_partition_onchip_memory2_0_start, ABSOLUTE (.))
 *(.onchip_memory2_0. onchip_memory2_0.*)
                0x00008f7c                . = ALIGN (0x4)
                0x00008f7c                PROVIDE (_alt_partition_onchip_memory2_0_end, ABSOLUTE (.))
                0x00008f7c                _end = ABSOLUTE (.)
                0x00008f7c                end = ABSOLUTE (.)
                0x00008f7c                __alt_stack_base = ABSOLUTE (.)
                0x00008f7c                PROVIDE (_alt_partition_onchip_memory2_0_load_addr, LOADADDR (.onchip_memory2_0))

.stab
 *(.stab)

.stabstr
 *(.stabstr)

.stab.excl
 *(.stab.excl)

.stab.exclstr
 *(.stab.exclstr)

.stab.index
 *(.stab.index)

.stab.indexstr
 *(.stab.indexstr)

.comment        0x00000000       0x26
 *(.comment)
 .comment       0x00000000       0x26 obj/default/hello_world_small.o
                                 0x27 (size before relaxing)
 .comment       0x00000000       0x27 c:/altera/11.1sp2/nios2eds/bin/gnu/h-i686-mingw32/bin/../lib/gcc/nios2-elf/4.1.2/../../../../nios2-elf/lib/mno-hw-mul\libsmallc.a(lib_a-printf.o)
 .comment       0x00000000       0x27 c:/altera/11.1sp2/nios2eds/bin/gnu/h-i686-mingw32/bin/../lib/gcc/nios2-elf/4.1.2/../../../../nios2-elf/lib/mno-hw-mul\libsmallc.a(lib_a-vfprintf.o)
 .comment       0x00000000       0x27 c:/altera/11.1sp2/nios2eds/bin/gnu/h-i686-mingw32/bin/../lib/gcc/nios2-elf/4.1.2/../../../../nios2-elf/lib/mno-hw-mul\libsmallc.a(lib_a-fvwrite_small_dev.o)
 .comment       0x00000000       0x27 c:/altera/11.1sp2/nios2eds/bin/gnu/h-i686-mingw32/bin/../lib/gcc/nios2-elf/4.1.2/../../../../nios2-elf/lib/mno-hw-mul\libsmallc.a(lib_a-impure.o)
 .comment       0x00000000       0x27 c:/altera/11.1sp2/nios2eds/bin/gnu/h-i686-mingw32/bin/../lib/gcc/nios2-elf/4.1.2/../../../../nios2-elf/lib/mno-hw-mul\libsmallc.a(lib_a-strlen.o)
 .comment       0x00000000       0x27 c:/altera/11.1sp2/nios2eds/bin/gnu/h-i686-mingw32/bin/../lib/gcc/nios2-elf/4.1.2/../../../../nios2-elf/lib/mno-hw-mul\libsmallc.a(lib_a-writer.o)
 .comment       0x00000000       0x27 c:/altera/11.1sp2/nios2eds/bin/gnu/h-i686-mingw32/bin/../lib/gcc/nios2-elf/4.1.2/../../../../nios2-elf/lib/mno-hw-mul\libsmallc.a(lib_a-int_errno.o)
 .comment       0x00000000       0x27 c:/altera/11.1sp2/nios2eds/bin/gnu/h-i686-mingw32/bin/../lib/gcc/nios2-elf/4.1.2/mno-hw-mul\libgcc.a(lib2-divmod.o)
 .comment       0x00000000       0x27 c:/altera/11.1sp2/nios2eds/bin/gnu/h-i686-mingw32/bin/../lib/gcc/nios2-elf/4.1.2/mno-hw-mul\libgcc.a(lib2-mul.o)
 .comment       0x00000000       0x27 ../Test3_receptionNMEA_bsp/\libhal_bsp.a(alt_load.o)
 .comment       0x00000000       0x27 ../Test3_receptionNMEA_bsp/\libhal_bsp.a(alt_main.o)
 .comment       0x00000000       0x27 ../Test3_receptionNMEA_bsp/\libhal_bsp.a(alt_putstr.o)
 .comment       0x00000000       0x27 ../Test3_receptionNMEA_bsp/\libhal_bsp.a(alt_write.o)
 .comment       0x00000000       0x27 ../Test3_receptionNMEA_bsp/\libhal_bsp.a(alt_sys_init.o)
 .comment       0x00000000       0x27 ../Test3_receptionNMEA_bsp/\libhal_bsp.a(altera_avalon_jtag_uart_write.o)
 .comment       0x00000000       0x27 ../Test3_receptionNMEA_bsp/\libhal_bsp.a(alt_dcache_flush_all.o)
 .comment       0x00000000       0x27 ../Test3_receptionNMEA_bsp/\libhal_bsp.a(alt_errno.o)
 .comment       0x00000000       0x27 ../Test3_receptionNMEA_bsp/\libhal_bsp.a(alt_icache_flush_all.o)
 .comment       0x00000000       0x27 ../Test3_receptionNMEA_bsp/\libhal_bsp.a(altera_nios2_irq.o)

.debug
 *(.debug)

.line
 *(.line)

.debug_srcinfo
 *(.debug_srcinfo)

.debug_sfnames
 *(.debug_sfnames)

.debug_aranges  0x00000000      0x248
 *(.debug_aranges)
 .debug_aranges
                0x00000000       0x28 ../Test3_receptionNMEA_bsp//obj/HAL/src/crt0.o
 .debug_aranges
                0x00000028       0x20 obj/default/hello_world_small.o
 .debug_aranges
                0x00000048       0x20 c:/altera/11.1sp2/nios2eds/bin/gnu/h-i686-mingw32/bin/../lib/gcc/nios2-elf/4.1.2/../../../../nios2-elf/lib/mno-hw-mul\libsmallc.a(lib_a-printf.o)
 .debug_aranges
                0x00000068       0x20 c:/altera/11.1sp2/nios2eds/bin/gnu/h-i686-mingw32/bin/../lib/gcc/nios2-elf/4.1.2/../../../../nios2-elf/lib/mno-hw-mul\libsmallc.a(lib_a-vfprintf.o)
 .debug_aranges
                0x00000088       0x20 c:/altera/11.1sp2/nios2eds/bin/gnu/h-i686-mingw32/bin/../lib/gcc/nios2-elf/4.1.2/../../../../nios2-elf/lib/mno-hw-mul\libsmallc.a(lib_a-fvwrite_small_dev.o)
 .debug_aranges
                0x000000a8       0x20 c:/altera/11.1sp2/nios2eds/bin/gnu/h-i686-mingw32/bin/../lib/gcc/nios2-elf/4.1.2/../../../../nios2-elf/lib/mno-hw-mul\libsmallc.a(lib_a-strlen.o)
 .debug_aranges
                0x000000c8       0x20 c:/altera/11.1sp2/nios2eds/bin/gnu/h-i686-mingw32/bin/../lib/gcc/nios2-elf/4.1.2/../../../../nios2-elf/lib/mno-hw-mul\libsmallc.a(lib_a-writer.o)
 .debug_aranges
                0x000000e8       0x20 c:/altera/11.1sp2/nios2eds/bin/gnu/h-i686-mingw32/bin/../lib/gcc/nios2-elf/4.1.2/mno-hw-mul\libgcc.a(lib2-divmod.o)
 .debug_aranges
                0x00000108       0x20 c:/altera/11.1sp2/nios2eds/bin/gnu/h-i686-mingw32/bin/../lib/gcc/nios2-elf/4.1.2/mno-hw-mul\libgcc.a(lib2-mul.o)
 .debug_aranges
                0x00000128       0x20 ../Test3_receptionNMEA_bsp/\libhal_bsp.a(alt_load.o)
 .debug_aranges
                0x00000148       0x20 ../Test3_receptionNMEA_bsp/\libhal_bsp.a(alt_main.o)
 .debug_aranges
                0x00000168       0x20 ../Test3_receptionNMEA_bsp/\libhal_bsp.a(alt_putstr.o)
 .debug_aranges
                0x00000188       0x20 ../Test3_receptionNMEA_bsp/\libhal_bsp.a(alt_write.o)
 .debug_aranges
                0x000001a8       0x20 ../Test3_receptionNMEA_bsp/\libhal_bsp.a(alt_sys_init.o)
 .debug_aranges
                0x000001c8       0x20 ../Test3_receptionNMEA_bsp/\libhal_bsp.a(altera_avalon_jtag_uart_write.o)
 .debug_aranges
                0x000001e8       0x20 ../Test3_receptionNMEA_bsp/\libhal_bsp.a(alt_dcache_flush_all.o)
 .debug_aranges
                0x00000208       0x20 ../Test3_receptionNMEA_bsp/\libhal_bsp.a(alt_icache_flush_all.o)
 .debug_aranges
                0x00000228       0x20 ../Test3_receptionNMEA_bsp/\libhal_bsp.a(altera_nios2_irq.o)

.debug_pubnames
                0x00000000      0x36a
 *(.debug_pubnames)
 .debug_pubnames
                0x00000000       0x1b obj/default/hello_world_small.o
 .debug_pubnames
                0x0000001b       0x2b c:/altera/11.1sp2/nios2eds/bin/gnu/h-i686-mingw32/bin/../lib/gcc/nios2-elf/4.1.2/../../../../nios2-elf/lib/mno-hw-mul\libsmallc.a(lib_a-printf.o)
 .debug_pubnames
                0x00000046       0x45 c:/altera/11.1sp2/nios2eds/bin/gnu/h-i686-mingw32/bin/../lib/gcc/nios2-elf/4.1.2/../../../../nios2-elf/lib/mno-hw-mul\libsmallc.a(lib_a-vfprintf.o)
 .debug_pubnames
                0x0000008b       0x2b c:/altera/11.1sp2/nios2eds/bin/gnu/h-i686-mingw32/bin/../lib/gcc/nios2-elf/4.1.2/../../../../nios2-elf/lib/mno-hw-mul\libsmallc.a(lib_a-fvwrite_small_dev.o)
 .debug_pubnames
                0x000000b6       0x39 c:/altera/11.1sp2/nios2eds/bin/gnu/h-i686-mingw32/bin/../lib/gcc/nios2-elf/4.1.2/../../../../nios2-elf/lib/mno-hw-mul\libsmallc.a(lib_a-impure.o)
 .debug_pubnames
                0x000000ef       0x1d c:/altera/11.1sp2/nios2eds/bin/gnu/h-i686-mingw32/bin/../lib/gcc/nios2-elf/4.1.2/../../../../nios2-elf/lib/mno-hw-mul\libsmallc.a(lib_a-strlen.o)
 .debug_pubnames
                0x0000010c       0x1f c:/altera/11.1sp2/nios2eds/bin/gnu/h-i686-mingw32/bin/../lib/gcc/nios2-elf/4.1.2/../../../../nios2-elf/lib/mno-hw-mul\libsmallc.a(lib_a-writer.o)
 .debug_pubnames
                0x0000012b       0x1c c:/altera/11.1sp2/nios2eds/bin/gnu/h-i686-mingw32/bin/../lib/gcc/nios2-elf/4.1.2/../../../../nios2-elf/lib/mno-hw-mul\libsmallc.a(lib_a-int_errno.o)
 .debug_pubnames
                0x00000147       0x48 c:/altera/11.1sp2/nios2eds/bin/gnu/h-i686-mingw32/bin/../lib/gcc/nios2-elf/4.1.2/mno-hw-mul\libgcc.a(lib2-divmod.o)
 .debug_pubnames
                0x0000018f       0x1f c:/altera/11.1sp2/nios2eds/bin/gnu/h-i686-mingw32/bin/../lib/gcc/nios2-elf/4.1.2/mno-hw-mul\libgcc.a(lib2-mul.o)
 .debug_pubnames
                0x000001ae       0x1f ../Test3_receptionNMEA_bsp/\libhal_bsp.a(alt_load.o)
 .debug_pubnames
                0x000001cd       0x46 ../Test3_receptionNMEA_bsp/\libhal_bsp.a(alt_main.o)
 .debug_pubnames
                0x00000213       0x21 ../Test3_receptionNMEA_bsp/\libhal_bsp.a(alt_putstr.o)
 .debug_pubnames
                0x00000234       0x1c ../Test3_receptionNMEA_bsp/\libhal_bsp.a(alt_write.o)
 .debug_pubnames
                0x00000250       0x44 ../Test3_receptionNMEA_bsp/\libhal_bsp.a(alt_sys_init.o)
 .debug_pubnames
                0x00000294       0x34 ../Test3_receptionNMEA_bsp/\libhal_bsp.a(altera_avalon_jtag_uart_write.o)
 .debug_pubnames
                0x000002c8       0x2b ../Test3_receptionNMEA_bsp/\libhal_bsp.a(alt_dcache_flush_all.o)
 .debug_pubnames
                0x000002f3       0x20 ../Test3_receptionNMEA_bsp/\libhal_bsp.a(alt_errno.o)
 .debug_pubnames
                0x00000313       0x2b ../Test3_receptionNMEA_bsp/\libhal_bsp.a(alt_icache_flush_all.o)
 .debug_pubnames
                0x0000033e       0x2c ../Test3_receptionNMEA_bsp/\libhal_bsp.a(altera_nios2_irq.o)

.debug_info     0x00000000     0x32c9
 *(.debug_info .gnu.linkonce.wi.*)
 .debug_info    0x00000000       0x87 ../Test3_receptionNMEA_bsp//obj/HAL/src/crt0.o
 .debug_info    0x00000087       0x92 obj/default/hello_world_small.o
 .debug_info    0x00000119      0x6c8 c:/altera/11.1sp2/nios2eds/bin/gnu/h-i686-mingw32/bin/../lib/gcc/nios2-elf/4.1.2/../../../../nios2-elf/lib/mno-hw-mul\libsmallc.a(lib_a-printf.o)
 .debug_info    0x000007e1      0x94c c:/altera/11.1sp2/nios2eds/bin/gnu/h-i686-mingw32/bin/../lib/gcc/nios2-elf/4.1.2/../../../../nios2-elf/lib/mno-hw-mul\libsmallc.a(lib_a-vfprintf.o)
 .debug_info    0x0000112d      0x68e c:/altera/11.1sp2/nios2eds/bin/gnu/h-i686-mingw32/bin/../lib/gcc/nios2-elf/4.1.2/../../../../nios2-elf/lib/mno-hw-mul\libsmallc.a(lib_a-fvwrite_small_dev.o)
 .debug_info    0x000017bb      0x636 c:/altera/11.1sp2/nios2eds/bin/gnu/h-i686-mingw32/bin/../lib/gcc/nios2-elf/4.1.2/../../../../nios2-elf/lib/mno-hw-mul\libsmallc.a(lib_a-impure.o)
 .debug_info    0x00001df1       0xc2 c:/altera/11.1sp2/nios2eds/bin/gnu/h-i686-mingw32/bin/../lib/gcc/nios2-elf/4.1.2/../../../../nios2-elf/lib/mno-hw-mul\libsmallc.a(lib_a-strlen.o)
 .debug_info    0x00001eb3      0x68c c:/altera/11.1sp2/nios2eds/bin/gnu/h-i686-mingw32/bin/../lib/gcc/nios2-elf/4.1.2/../../../../nios2-elf/lib/mno-hw-mul\libsmallc.a(lib_a-writer.o)
 .debug_info    0x0000253f       0x8c c:/altera/11.1sp2/nios2eds/bin/gnu/h-i686-mingw32/bin/../lib/gcc/nios2-elf/4.1.2/../../../../nios2-elf/lib/mno-hw-mul\libsmallc.a(lib_a-int_errno.o)
 .debug_info    0x000025cb      0x21c c:/altera/11.1sp2/nios2eds/bin/gnu/h-i686-mingw32/bin/../lib/gcc/nios2-elf/4.1.2/mno-hw-mul\libgcc.a(lib2-divmod.o)
 .debug_info    0x000027e7       0xf3 c:/altera/11.1sp2/nios2eds/bin/gnu/h-i686-mingw32/bin/../lib/gcc/nios2-elf/4.1.2/mno-hw-mul\libgcc.a(lib2-mul.o)
 .debug_info    0x000028da      0x12e ../Test3_receptionNMEA_bsp/\libhal_bsp.a(alt_load.o)
 .debug_info    0x00002a08      0x125 ../Test3_receptionNMEA_bsp/\libhal_bsp.a(alt_main.o)
 .debug_info    0x00002b2d       0xc5 ../Test3_receptionNMEA_bsp/\libhal_bsp.a(alt_putstr.o)
 .debug_info    0x00002bf2      0x179 ../Test3_receptionNMEA_bsp/\libhal_bsp.a(alt_write.o)
 .debug_info    0x00002d6b      0x17d ../Test3_receptionNMEA_bsp/\libhal_bsp.a(alt_sys_init.o)
 .debug_info    0x00002ee8      0x18f ../Test3_receptionNMEA_bsp/\libhal_bsp.a(altera_avalon_jtag_uart_write.o)
 .debug_info    0x00003077       0x8d ../Test3_receptionNMEA_bsp/\libhal_bsp.a(alt_dcache_flush_all.o)
 .debug_info    0x00003104       0xab ../Test3_receptionNMEA_bsp/\libhal_bsp.a(alt_errno.o)
 .debug_info    0x000031af       0x8d ../Test3_receptionNMEA_bsp/\libhal_bsp.a(alt_icache_flush_all.o)
 .debug_info    0x0000323c       0x8d ../Test3_receptionNMEA_bsp/\libhal_bsp.a(altera_nios2_irq.o)

.debug_abbrev   0x00000000      0xfc9
 *(.debug_abbrev)
 .debug_abbrev  0x00000000       0x12 ../Test3_receptionNMEA_bsp//obj/HAL/src/crt0.o
 .debug_abbrev  0x00000012       0x3f obj/default/hello_world_small.o
 .debug_abbrev  0x00000051      0x179 c:/altera/11.1sp2/nios2eds/bin/gnu/h-i686-mingw32/bin/../lib/gcc/nios2-elf/4.1.2/../../../../nios2-elf/lib/mno-hw-mul\libsmallc.a(lib_a-printf.o)
 .debug_abbrev  0x000001ca      0x247 c:/altera/11.1sp2/nios2eds/bin/gnu/h-i686-mingw32/bin/../lib/gcc/nios2-elf/4.1.2/../../../../nios2-elf/lib/mno-hw-mul\libsmallc.a(lib_a-vfprintf.o)
 .debug_abbrev  0x00000411      0x179 c:/altera/11.1sp2/nios2eds/bin/gnu/h-i686-mingw32/bin/../lib/gcc/nios2-elf/4.1.2/../../../../nios2-elf/lib/mno-hw-mul\libsmallc.a(lib_a-fvwrite_small_dev.o)
 .debug_abbrev  0x0000058a      0x13f c:/altera/11.1sp2/nios2eds/bin/gnu/h-i686-mingw32/bin/../lib/gcc/nios2-elf/4.1.2/../../../../nios2-elf/lib/mno-hw-mul\libsmallc.a(lib_a-impure.o)
 .debug_abbrev  0x000006c9       0x7a c:/altera/11.1sp2/nios2eds/bin/gnu/h-i686-mingw32/bin/../lib/gcc/nios2-elf/4.1.2/../../../../nios2-elf/lib/mno-hw-mul\libsmallc.a(lib_a-strlen.o)
 .debug_abbrev  0x00000743      0x16c c:/altera/11.1sp2/nios2eds/bin/gnu/h-i686-mingw32/bin/../lib/gcc/nios2-elf/4.1.2/../../../../nios2-elf/lib/mno-hw-mul\libsmallc.a(lib_a-writer.o)
 .debug_abbrev  0x000008af       0x3b c:/altera/11.1sp2/nios2eds/bin/gnu/h-i686-mingw32/bin/../lib/gcc/nios2-elf/4.1.2/../../../../nios2-elf/lib/mno-hw-mul\libsmallc.a(lib_a-int_errno.o)
 .debug_abbrev  0x000008ea       0xe0 c:/altera/11.1sp2/nios2eds/bin/gnu/h-i686-mingw32/bin/../lib/gcc/nios2-elf/4.1.2/mno-hw-mul\libgcc.a(lib2-divmod.o)
 .debug_abbrev  0x000009ca       0x7b c:/altera/11.1sp2/nios2eds/bin/gnu/h-i686-mingw32/bin/../lib/gcc/nios2-elf/4.1.2/mno-hw-mul\libgcc.a(lib2-mul.o)
 .debug_abbrev  0x00000a45       0x97 ../Test3_receptionNMEA_bsp/\libhal_bsp.a(alt_load.o)
 .debug_abbrev  0x00000adc       0xa6 ../Test3_receptionNMEA_bsp/\libhal_bsp.a(alt_main.o)
 .debug_abbrev  0x00000b82       0x7c ../Test3_receptionNMEA_bsp/\libhal_bsp.a(alt_putstr.o)
 .debug_abbrev  0x00000bfe       0xdd ../Test3_receptionNMEA_bsp/\libhal_bsp.a(alt_write.o)
 .debug_abbrev  0x00000cdb       0xe3 ../Test3_receptionNMEA_bsp/\libhal_bsp.a(alt_sys_init.o)
 .debug_abbrev  0x00000dbe       0xf0 ../Test3_receptionNMEA_bsp/\libhal_bsp.a(altera_avalon_jtag_uart_write.o)
 .debug_abbrev  0x00000eae       0x3f ../Test3_receptionNMEA_bsp/\libhal_bsp.a(alt_dcache_flush_all.o)
 .debug_abbrev  0x00000eed       0x5e ../Test3_receptionNMEA_bsp/\libhal_bsp.a(alt_errno.o)
 .debug_abbrev  0x00000f4b       0x3f ../Test3_receptionNMEA_bsp/\libhal_bsp.a(alt_icache_flush_all.o)
 .debug_abbrev  0x00000f8a       0x3f ../Test3_receptionNMEA_bsp/\libhal_bsp.a(altera_nios2_irq.o)

.debug_line     0x00000000     0x3020
 *(.debug_line)
 .debug_line    0x00000000       0x66 ../Test3_receptionNMEA_bsp//obj/HAL/src/crt0.o
 .debug_line    0x00000066      0x244 obj/default/hello_world_small.o
 .debug_line    0x000002aa      0x2be c:/altera/11.1sp2/nios2eds/bin/gnu/h-i686-mingw32/bin/../lib/gcc/nios2-elf/4.1.2/../../../../nios2-elf/lib/mno-hw-mul\libsmallc.a(lib_a-printf.o)
 .debug_line    0x00000568      0x5f3 c:/altera/11.1sp2/nios2eds/bin/gnu/h-i686-mingw32/bin/../lib/gcc/nios2-elf/4.1.2/../../../../nios2-elf/lib/mno-hw-mul\libsmallc.a(lib_a-vfprintf.o)
 .debug_line    0x00000b5b      0x2a9 c:/altera/11.1sp2/nios2eds/bin/gnu/h-i686-mingw32/bin/../lib/gcc/nios2-elf/4.1.2/../../../../nios2-elf/lib/mno-hw-mul\libsmallc.a(lib_a-fvwrite_small_dev.o)
 .debug_line    0x00000e04      0x230 c:/altera/11.1sp2/nios2eds/bin/gnu/h-i686-mingw32/bin/../lib/gcc/nios2-elf/4.1.2/../../../../nios2-elf/lib/mno-hw-mul\libsmallc.a(lib_a-impure.o)
 .debug_line    0x00001034      0x250 c:/altera/11.1sp2/nios2eds/bin/gnu/h-i686-mingw32/bin/../lib/gcc/nios2-elf/4.1.2/../../../../nios2-elf/lib/mno-hw-mul\libsmallc.a(lib_a-strlen.o)
 .debug_line    0x00001284      0x29d c:/altera/11.1sp2/nios2eds/bin/gnu/h-i686-mingw32/bin/../lib/gcc/nios2-elf/4.1.2/../../../../nios2-elf/lib/mno-hw-mul\libsmallc.a(lib_a-writer.o)
 .debug_line    0x00001521      0x1e2 c:/altera/11.1sp2/nios2eds/bin/gnu/h-i686-mingw32/bin/../lib/gcc/nios2-elf/4.1.2/../../../../nios2-elf/lib/mno-hw-mul\libsmallc.a(lib_a-int_errno.o)
 .debug_line    0x00001703      0x24f c:/altera/11.1sp2/nios2eds/bin/gnu/h-i686-mingw32/bin/../lib/gcc/nios2-elf/4.1.2/mno-hw-mul\libgcc.a(lib2-divmod.o)
 .debug_line    0x00001952      0x11a c:/altera/11.1sp2/nios2eds/bin/gnu/h-i686-mingw32/bin/../lib/gcc/nios2-elf/4.1.2/mno-hw-mul\libgcc.a(lib2-mul.o)
 .debug_line    0x00001a6c      0x217 ../Test3_receptionNMEA_bsp/\libhal_bsp.a(alt_load.o)
 .debug_line    0x00001c83      0x2c2 ../Test3_receptionNMEA_bsp/\libhal_bsp.a(alt_main.o)
 .debug_line    0x00001f45      0x1d9 ../Test3_receptionNMEA_bsp/\libhal_bsp.a(alt_putstr.o)
 .debug_line    0x0000211e      0x2ab ../Test3_receptionNMEA_bsp/\libhal_bsp.a(alt_write.o)
 .debug_line    0x000023c9      0x286 ../Test3_receptionNMEA_bsp/\libhal_bsp.a(alt_sys_init.o)
 .debug_line    0x0000264f      0x2f4 ../Test3_receptionNMEA_bsp/\libhal_bsp.a(altera_avalon_jtag_uart_write.o)
 .debug_line    0x00002943      0x1b5 ../Test3_receptionNMEA_bsp/\libhal_bsp.a(alt_dcache_flush_all.o)
 .debug_line    0x00002af8      0x1aa ../Test3_receptionNMEA_bsp/\libhal_bsp.a(alt_errno.o)
 .debug_line    0x00002ca2      0x1b5 ../Test3_receptionNMEA_bsp/\libhal_bsp.a(alt_icache_flush_all.o)
 .debug_line    0x00002e57      0x1c9 ../Test3_receptionNMEA_bsp/\libhal_bsp.a(altera_nios2_irq.o)

.debug_frame    0x00000000      0x340
 *(.debug_frame)
 .debug_frame   0x00000000       0x28 obj/default/hello_world_small.o
 .debug_frame   0x00000028       0x40 c:/altera/11.1sp2/nios2eds/bin/gnu/h-i686-mingw32/bin/../lib/gcc/nios2-elf/4.1.2/../../../../nios2-elf/lib/mno-hw-mul\libsmallc.a(lib_a-printf.o)
 .debug_frame   0x00000068       0x64 c:/altera/11.1sp2/nios2eds/bin/gnu/h-i686-mingw32/bin/../lib/gcc/nios2-elf/4.1.2/../../../../nios2-elf/lib/mno-hw-mul\libsmallc.a(lib_a-vfprintf.o)
 .debug_frame   0x000000cc       0x30 c:/altera/11.1sp2/nios2eds/bin/gnu/h-i686-mingw32/bin/../lib/gcc/nios2-elf/4.1.2/../../../../nios2-elf/lib/mno-hw-mul\libsmallc.a(lib_a-fvwrite_small_dev.o)
 .debug_frame   0x000000fc       0x20 c:/altera/11.1sp2/nios2eds/bin/gnu/h-i686-mingw32/bin/../lib/gcc/nios2-elf/4.1.2/../../../../nios2-elf/lib/mno-hw-mul\libsmallc.a(lib_a-strlen.o)
 .debug_frame   0x0000011c       0x2c c:/altera/11.1sp2/nios2eds/bin/gnu/h-i686-mingw32/bin/../lib/gcc/nios2-elf/4.1.2/../../../../nios2-elf/lib/mno-hw-mul\libsmallc.a(lib_a-writer.o)
 .debug_frame   0x00000148       0x70 c:/altera/11.1sp2/nios2eds/bin/gnu/h-i686-mingw32/bin/../lib/gcc/nios2-elf/4.1.2/mno-hw-mul\libgcc.a(lib2-divmod.o)
 .debug_frame   0x000001b8       0x20 c:/altera/11.1sp2/nios2eds/bin/gnu/h-i686-mingw32/bin/../lib/gcc/nios2-elf/4.1.2/mno-hw-mul\libgcc.a(lib2-mul.o)
 .debug_frame   0x000001d8       0x38 ../Test3_receptionNMEA_bsp/\libhal_bsp.a(alt_load.o)
 .debug_frame   0x00000210       0x28 ../Test3_receptionNMEA_bsp/\libhal_bsp.a(alt_main.o)
 .debug_frame   0x00000238       0x28 ../Test3_receptionNMEA_bsp/\libhal_bsp.a(alt_putstr.o)
 .debug_frame   0x00000260       0x28 ../Test3_receptionNMEA_bsp/\libhal_bsp.a(alt_write.o)
 .debug_frame   0x00000288       0x38 ../Test3_receptionNMEA_bsp/\libhal_bsp.a(alt_sys_init.o)
 .debug_frame   0x000002c0       0x20 ../Test3_receptionNMEA_bsp/\libhal_bsp.a(altera_avalon_jtag_uart_write.o)
 .debug_frame   0x000002e0       0x20 ../Test3_receptionNMEA_bsp/\libhal_bsp.a(alt_dcache_flush_all.o)
 .debug_frame   0x00000300       0x20 ../Test3_receptionNMEA_bsp/\libhal_bsp.a(alt_icache_flush_all.o)
 .debug_frame   0x00000320       0x20 ../Test3_receptionNMEA_bsp/\libhal_bsp.a(altera_nios2_irq.o)

.debug_str      0x00000000      0xd40
 *(.debug_str)
 .debug_str     0x00000000       0xc2 obj/default/hello_world_small.o
                                0x100 (size before relaxing)
 .debug_str     0x000000c2      0x3a3 c:/altera/11.1sp2/nios2eds/bin/gnu/h-i686-mingw32/bin/../lib/gcc/nios2-elf/4.1.2/../../../../nios2-elf/lib/mno-hw-mul\libsmallc.a(lib_a-printf.o)
                                0x466 (size before relaxing)
 .debug_str     0x00000465      0x115 c:/altera/11.1sp2/nios2eds/bin/gnu/h-i686-mingw32/bin/../lib/gcc/nios2-elf/4.1.2/../../../../nios2-elf/lib/mno-hw-mul\libsmallc.a(lib_a-vfprintf.o)
                                0x562 (size before relaxing)
 .debug_str     0x0000057a       0x70 c:/altera/11.1sp2/nios2eds/bin/gnu/h-i686-mingw32/bin/../lib/gcc/nios2-elf/4.1.2/../../../../nios2-elf/lib/mno-hw-mul\libsmallc.a(lib_a-fvwrite_small_dev.o)
                                0x46a (size before relaxing)
 .debug_str     0x000005ea       0xf8 c:/altera/11.1sp2/nios2eds/bin/gnu/h-i686-mingw32/bin/../lib/gcc/nios2-elf/4.1.2/../../../../nios2-elf/lib/mno-hw-mul\libsmallc.a(lib_a-impure.o)
                                0x45d (size before relaxing)
 .debug_str     0x000006e2       0xe2 c:/altera/11.1sp2/nios2eds/bin/gnu/h-i686-mingw32/bin/../lib/gcc/nios2-elf/4.1.2/../../../../nios2-elf/lib/mno-hw-mul\libsmallc.a(lib_a-strlen.o)
                                0x184 (size before relaxing)
 .debug_str     0x000007c4       0x4f c:/altera/11.1sp2/nios2eds/bin/gnu/h-i686-mingw32/bin/../lib/gcc/nios2-elf/4.1.2/../../../../nios2-elf/lib/mno-hw-mul\libsmallc.a(lib_a-writer.o)
                                0x451 (size before relaxing)
 .debug_str     0x00000813       0x40 c:/altera/11.1sp2/nios2eds/bin/gnu/h-i686-mingw32/bin/../lib/gcc/nios2-elf/4.1.2/../../../../nios2-elf/lib/mno-hw-mul\libsmallc.a(lib_a-int_errno.o)
                                0x177 (size before relaxing)
 .debug_str     0x00000853      0x10b c:/altera/11.1sp2/nios2eds/bin/gnu/h-i686-mingw32/bin/../lib/gcc/nios2-elf/4.1.2/mno-hw-mul\libgcc.a(lib2-divmod.o)
                                0x1b4 (size before relaxing)
 .debug_str     0x0000095e       0x37 c:/altera/11.1sp2/nios2eds/bin/gnu/h-i686-mingw32/bin/../lib/gcc/nios2-elf/4.1.2/mno-hw-mul\libgcc.a(lib2-mul.o)
                                0x175 (size before relaxing)
 .debug_str     0x00000995      0x147 ../Test3_receptionNMEA_bsp/\libhal_bsp.a(alt_load.o)
                                0x1dc (size before relaxing)
 .debug_str     0x00000adc       0x70 ../Test3_receptionNMEA_bsp/\libhal_bsp.a(alt_main.o)
                                0x160 (size before relaxing)
 .debug_str     0x00000b4c       0x4c ../Test3_receptionNMEA_bsp/\libhal_bsp.a(alt_putstr.o)
                                0x137 (size before relaxing)
 .debug_str     0x00000b98       0x2c ../Test3_receptionNMEA_bsp/\libhal_bsp.a(alt_write.o)
                                0x18c (size before relaxing)
 .debug_str     0x00000bc4       0x85 ../Test3_receptionNMEA_bsp/\libhal_bsp.a(alt_sys_init.o)
                                0x1d5 (size before relaxing)
 .debug_str     0x00000c49       0x4a ../Test3_receptionNMEA_bsp/\libhal_bsp.a(altera_avalon_jtag_uart_write.o)
                                0x1d8 (size before relaxing)
 .debug_str     0x00000c93       0x34 ../Test3_receptionNMEA_bsp/\libhal_bsp.a(alt_dcache_flush_all.o)
                                0x11f (size before relaxing)
 .debug_str     0x00000cc7       0x14 ../Test3_receptionNMEA_bsp/\libhal_bsp.a(alt_errno.o)
                                0x10f (size before relaxing)
 .debug_str     0x00000cdb       0x34 ../Test3_receptionNMEA_bsp/\libhal_bsp.a(alt_icache_flush_all.o)
                                0x11f (size before relaxing)
 .debug_str     0x00000d0f       0x31 ../Test3_receptionNMEA_bsp/\libhal_bsp.a(altera_nios2_irq.o)
                                0x11c (size before relaxing)

.debug_loc      0x00000000      0xd02
 *(.debug_loc)
 .debug_loc     0x00000000       0x1f obj/default/hello_world_small.o
 .debug_loc     0x0000001f       0x8d c:/altera/11.1sp2/nios2eds/bin/gnu/h-i686-mingw32/bin/../lib/gcc/nios2-elf/4.1.2/../../../../nios2-elf/lib/mno-hw-mul\libsmallc.a(lib_a-printf.o)
 .debug_loc     0x000000ac      0x6a6 c:/altera/11.1sp2/nios2eds/bin/gnu/h-i686-mingw32/bin/../lib/gcc/nios2-elf/4.1.2/../../../../nios2-elf/lib/mno-hw-mul\libsmallc.a(lib_a-vfprintf.o)
 .debug_loc     0x00000752      0x162 c:/altera/11.1sp2/nios2eds/bin/gnu/h-i686-mingw32/bin/../lib/gcc/nios2-elf/4.1.2/../../../../nios2-elf/lib/mno-hw-mul\libsmallc.a(lib_a-fvwrite_small_dev.o)
 .debug_loc     0x000008b4       0x1e c:/altera/11.1sp2/nios2eds/bin/gnu/h-i686-mingw32/bin/../lib/gcc/nios2-elf/4.1.2/../../../../nios2-elf/lib/mno-hw-mul\libsmallc.a(lib_a-strlen.o)
 .debug_loc     0x000008d2       0x97 c:/altera/11.1sp2/nios2eds/bin/gnu/h-i686-mingw32/bin/../lib/gcc/nios2-elf/4.1.2/../../../../nios2-elf/lib/mno-hw-mul\libsmallc.a(lib_a-writer.o)
 .debug_loc     0x00000969      0x1d2 c:/altera/11.1sp2/nios2eds/bin/gnu/h-i686-mingw32/bin/../lib/gcc/nios2-elf/4.1.2/mno-hw-mul\libgcc.a(lib2-divmod.o)
 .debug_loc     0x00000b3b       0x4f c:/altera/11.1sp2/nios2eds/bin/gnu/h-i686-mingw32/bin/../lib/gcc/nios2-elf/4.1.2/mno-hw-mul\libgcc.a(lib2-mul.o)
 .debug_loc     0x00000b8a       0x1f ../Test3_receptionNMEA_bsp/\libhal_bsp.a(alt_load.o)
 .debug_loc     0x00000ba9       0x1f ../Test3_receptionNMEA_bsp/\libhal_bsp.a(alt_main.o)
 .debug_loc     0x00000bc8       0x48 ../Test3_receptionNMEA_bsp/\libhal_bsp.a(alt_putstr.o)
 .debug_loc     0x00000c10       0x9a ../Test3_receptionNMEA_bsp/\libhal_bsp.a(alt_write.o)
 .debug_loc     0x00000caa       0x32 ../Test3_receptionNMEA_bsp/\libhal_bsp.a(alt_sys_init.o)
 .debug_loc     0x00000cdc       0x26 ../Test3_receptionNMEA_bsp/\libhal_bsp.a(altera_avalon_jtag_uart_write.o)

.debug_macinfo
 *(.debug_macinfo)

.debug_weaknames
 *(.debug_weaknames)

.debug_funcnames
 *(.debug_funcnames)

.debug_typenames
 *(.debug_typenames)

.debug_varnames
 *(.debug_varnames)

.debug_alt_sim_info
                0x00000000       0x10
 *(.debug_alt_sim_info)
 .debug_alt_sim_info
                0x00000000       0x10 ../Test3_receptionNMEA_bsp//obj/HAL/src/crt0.o
                0x0000ce20                __alt_data_end = 0xce20
                0x0000ce20                PROVIDE (__alt_stack_pointer, __alt_data_end)
                0x00008f7c                PROVIDE (__alt_stack_limit, __alt_stack_base)
                0x00008f7c                PROVIDE (__alt_heap_start, end)
                0x0000ce20                PROVIDE (__alt_heap_limit, 0xce20)
OUTPUT(Test3_receptionNMEA.elf elf32-littlenios2)

.debug_ranges   0x00000000       0xc8
 .debug_ranges  0x00000000       0x20 ../Test3_receptionNMEA_bsp//obj/HAL/src/crt0.o
 .debug_ranges  0x00000020       0xa8 c:/altera/11.1sp2/nios2eds/bin/gnu/h-i686-mingw32/bin/../lib/gcc/nios2-elf/4.1.2/../../../../nios2-elf/lib/mno-hw-mul\libsmallc.a(lib_a-vfprintf.o)
