Archive member included because of file (symbol)

c:/altera/11.1sp2/nios2eds/bin/gnu/h-i686-mingw32/bin/../lib/gcc/nios2-elf/4.1.2/../../../../nios2-elf/lib/mno-hw-mul\libsmallc.a(lib_a-printf.o)
                              obj/default/hello_world_small.o (printf)
c:/altera/11.1sp2/nios2eds/bin/gnu/h-i686-mingw32/bin/../lib/gcc/nios2-elf/4.1.2/../../../../nios2-elf/lib/mno-hw-mul\libsmallc.a(lib_a-puts.o)
                              obj/default/hello_world_small.o (puts)
c:/altera/11.1sp2/nios2eds/bin/gnu/h-i686-mingw32/bin/../lib/gcc/nios2-elf/4.1.2/../../../../nios2-elf/lib/mno-hw-mul\libsmallc.a(lib_a-strlen.o)
                              c:/altera/11.1sp2/nios2eds/bin/gnu/h-i686-mingw32/bin/../lib/gcc/nios2-elf/4.1.2/../../../../nios2-elf/lib/mno-hw-mul\libsmallc.a(lib_a-puts.o) (strlen)
c:/altera/11.1sp2/nios2eds/bin/gnu/h-i686-mingw32/bin/../lib/gcc/nios2-elf/4.1.2/../../../../nios2-elf/lib/mno-hw-mul\libsmallc.a(lib_a-vfprintf.o)
                              c:/altera/11.1sp2/nios2eds/bin/gnu/h-i686-mingw32/bin/../lib/gcc/nios2-elf/4.1.2/../../../../nios2-elf/lib/mno-hw-mul\libsmallc.a(lib_a-printf.o) (___vfprintf_internal_r)
c:/altera/11.1sp2/nios2eds/bin/gnu/h-i686-mingw32/bin/../lib/gcc/nios2-elf/4.1.2/../../../../nios2-elf/lib/mno-hw-mul\libsmallc.a(lib_a-fvwrite_small_dev.o)
                              c:/altera/11.1sp2/nios2eds/bin/gnu/h-i686-mingw32/bin/../lib/gcc/nios2-elf/4.1.2/../../../../nios2-elf/lib/mno-hw-mul\libsmallc.a(lib_a-printf.o) (__sfvwrite_small_dev)
c:/altera/11.1sp2/nios2eds/bin/gnu/h-i686-mingw32/bin/../lib/gcc/nios2-elf/4.1.2/../../../../nios2-elf/lib/mno-hw-mul\libsmallc.a(lib_a-impure.o)
                              c:/altera/11.1sp2/nios2eds/bin/gnu/h-i686-mingw32/bin/../lib/gcc/nios2-elf/4.1.2/../../../../nios2-elf/lib/mno-hw-mul\libsmallc.a(lib_a-printf.o) (_impure_ptr)
c:/altera/11.1sp2/nios2eds/bin/gnu/h-i686-mingw32/bin/../lib/gcc/nios2-elf/4.1.2/../../../../nios2-elf/lib/mno-hw-mul\libsmallc.a(lib_a-writer.o)
                              c:/altera/11.1sp2/nios2eds/bin/gnu/h-i686-mingw32/bin/../lib/gcc/nios2-elf/4.1.2/../../../../nios2-elf/lib/mno-hw-mul\libsmallc.a(lib_a-fvwrite_small_dev.o) (_write_r)
c:/altera/11.1sp2/nios2eds/bin/gnu/h-i686-mingw32/bin/../lib/gcc/nios2-elf/4.1.2/../../../../nios2-elf/lib/mno-hw-mul\libsmallc.a(lib_a-int_errno.o)
                              c:/altera/11.1sp2/nios2eds/bin/gnu/h-i686-mingw32/bin/../lib/gcc/nios2-elf/4.1.2/../../../../nios2-elf/lib/mno-hw-mul\libsmallc.a(lib_a-writer.o) (errno)
c:/altera/11.1sp2/nios2eds/bin/gnu/h-i686-mingw32/bin/../lib/gcc/nios2-elf/4.1.2/mno-hw-mul\libgcc.a(lib2-divmod.o)
                              c:/altera/11.1sp2/nios2eds/bin/gnu/h-i686-mingw32/bin/../lib/gcc/nios2-elf/4.1.2/../../../../nios2-elf/lib/mno-hw-mul\libsmallc.a(lib_a-vfprintf.o) (__udivsi3)
c:/altera/11.1sp2/nios2eds/bin/gnu/h-i686-mingw32/bin/../lib/gcc/nios2-elf/4.1.2/mno-hw-mul\libgcc.a(lib2-mul.o)
                              c:/altera/11.1sp2/nios2eds/bin/gnu/h-i686-mingw32/bin/../lib/gcc/nios2-elf/4.1.2/../../../../nios2-elf/lib/mno-hw-mul\libsmallc.a(lib_a-vfprintf.o) (__mulsi3)
../Test1_bsp/\libhal_bsp.a(alt_load.o)
                              ../Test1_bsp//obj/HAL/src/crt0.o (alt_load)
../Test1_bsp/\libhal_bsp.a(alt_main.o)
                              ../Test1_bsp//obj/HAL/src/crt0.o (alt_main)
../Test1_bsp/\libhal_bsp.a(alt_usleep.o)
                              obj/default/hello_world_small.o (usleep)
../Test1_bsp/\libhal_bsp.a(alt_write.o)
                              c:/altera/11.1sp2/nios2eds/bin/gnu/h-i686-mingw32/bin/../lib/gcc/nios2-elf/4.1.2/../../../../nios2-elf/lib/mno-hw-mul\libsmallc.a(lib_a-writer.o) (write)
../Test1_bsp/\libhal_bsp.a(alt_sys_init.o)
                              ../Test1_bsp/\libhal_bsp.a(alt_main.o) (alt_sys_init)
../Test1_bsp/\libhal_bsp.a(altera_avalon_jtag_uart_write.o)
                              ../Test1_bsp/\libhal_bsp.a(alt_write.o) (altera_avalon_jtag_uart_write)
../Test1_bsp/\libhal_bsp.a(alt_busy_sleep.o)
                              ../Test1_bsp/\libhal_bsp.a(alt_usleep.o) (alt_busy_sleep)
../Test1_bsp/\libhal_bsp.a(alt_dcache_flush_all.o)
                              ../Test1_bsp/\libhal_bsp.a(alt_load.o) (alt_dcache_flush_all)
../Test1_bsp/\libhal_bsp.a(alt_errno.o)
                              ../Test1_bsp/\libhal_bsp.a(alt_write.o) (alt_errno)
../Test1_bsp/\libhal_bsp.a(alt_icache_flush_all.o)
                              ../Test1_bsp/\libhal_bsp.a(alt_load.o) (alt_icache_flush_all)
../Test1_bsp/\libhal_bsp.a(altera_nios2_irq.o)
                              ../Test1_bsp/\libhal_bsp.a(alt_sys_init.o) (altera_nios2_irq_init)

Allocating common symbols
Common symbol       size              file

errno               0x4               c:/altera/11.1sp2/nios2eds/bin/gnu/h-i686-mingw32/bin/../lib/gcc/nios2-elf/4.1.2/../../../../nios2-elf/lib/mno-hw-mul\libsmallc.a(lib_a-int_errno.o)

Memory Configuration

Name             Origin             Length             Attributes
reset            0x00008000         0x00000020
onchip_memory2_0 0x00008020         0x00004e00
*default*        0x00000000         0xffffffff

Linker script and memory map

LOAD ../Test1_bsp//obj/HAL/src/crt0.o
                0x0000800c                exit = _exit
LOAD obj/default/hello_world_small.o
LOAD c:/altera/11.1sp2/nios2eds/bin/gnu/h-i686-mingw32/bin/../lib/gcc/nios2-elf/4.1.2/../../../../nios2-elf/lib/mno-hw-mul\libstdc++.a
LOAD c:/altera/11.1sp2/nios2eds/bin/gnu/h-i686-mingw32/bin/../lib/gcc/nios2-elf/4.1.2/../../../../nios2-elf/lib/mno-hw-mul\libm.a
LOAD c:/altera/11.1sp2/nios2eds/bin/gnu/h-i686-mingw32/bin/../lib/gcc/nios2-elf/4.1.2/mno-hw-mul\libgcc.a
START GROUP
LOAD c:/altera/11.1sp2/nios2eds/bin/gnu/h-i686-mingw32/bin/../lib/gcc/nios2-elf/4.1.2/../../../../nios2-elf/lib/mno-hw-mul\libsmallc.a
LOAD c:/altera/11.1sp2/nios2eds/bin/gnu/h-i686-mingw32/bin/../lib/gcc/nios2-elf/4.1.2/mno-hw-mul\libgcc.a
LOAD ../Test1_bsp/\libhal_bsp.a
END GROUP
LOAD c:/altera/11.1sp2/nios2eds/bin/gnu/h-i686-mingw32/bin/../lib/gcc/nios2-elf/4.1.2/mno-hw-mul\libgcc.a
                0x00008000                __alt_mem_onchip_memory2_0 = 0x8000

.entry          0x00008000       0x20
 *(.entry)
 .entry         0x00008000       0x20 ../Test1_bsp//obj/HAL/src/crt0.o
                0x00008000                __reset
                0x0000800c                _exit

.exceptions     0x00008020        0x0
                0x00008020                PROVIDE (__ram_exceptions_start, ABSOLUTE (.))
                0x00008020                . = ALIGN (0x20)
 *(.irq)
 *(.exceptions.entry.label)
 *(.exceptions.entry.user)
 *(.exceptions.entry)
 *(.exceptions.irqtest.user)
 *(.exceptions.irqtest)
 *(.exceptions.irqhandler.user)
 *(.exceptions.irqhandler)
 *(.exceptions.irqreturn.user)
 *(.exceptions.irqreturn)
 *(.exceptions.notirq.label)
 *(.exceptions.notirq.user)
 *(.exceptions.notirq)
 *(.exceptions.soft.user)
 *(.exceptions.soft)
 *(.exceptions.unknown.user)
 *(.exceptions.unknown)
 *(.exceptions.exit.label)
 *(.exceptions.exit.user)
 *(.exceptions.exit)
 *(.exceptions)
                0x00008020                PROVIDE (__ram_exceptions_end, ABSOLUTE (.))
                0x00008020                PROVIDE (__flash_exceptions_start, LOADADDR (.exceptions))

.text           0x00008020      0xe68
                0x00008020                PROVIDE (stext, ABSOLUTE (.))
 *(.interp)
 *(.hash)
 *(.dynsym)
 *(.dynstr)
 *(.gnu.version)
 *(.gnu.version_d)
 *(.gnu.version_r)
 *(.rel.init)
 *(.rela.init)
 *(.rel.text .rel.text.* .rel.gnu.linkonce.t.*)
 *(.rela.text .rela.text.* .rela.gnu.linkonce.t.*)
 *(.rel.fini)
 *(.rela.fini)
 *(.rel.rodata .rel.rodata.* .rel.gnu.linkonce.r.*)
 *(.rela.rodata .rela.rodata.* .rela.gnu.linkonce.r.*)
 *(.rel.data .rel.data.* .rel.gnu.linkonce.d.*)
 *(.rela.data .rela.data.* .rela.gnu.linkonce.d.*)
 *(.rel.tdata .rel.tdata.* .rel.gnu.linkonce.td.*)
 *(.rela.tdata .rela.tdata.* .rela.gnu.linkonce.td.*)
 *(.rel.tbss .rel.tbss.* .rel.gnu.linkonce.tb.*)
 *(.rela.tbss .rela.tbss.* .rela.gnu.linkonce.tb.*)
 *(.rel.ctors)
 *(.rela.ctors)
 *(.rel.dtors)
 *(.rela.dtors)
 *(.rel.got)
 *(.rela.got)
 *(.rel.sdata .rel.sdata.* .rel.gnu.linkonce.s.*)
 *(.rela.sdata .rela.sdata.* .rela.gnu.linkonce.s.*)
 *(.rel.sbss .rel.sbss.* .rel.gnu.linkonce.sb.*)
 *(.rela.sbss .rela.sbss.* .rela.gnu.linkonce.sb.*)
 *(.rel.sdata2 .rel.sdata2.* .rel.gnu.linkonce.s2.*)
 *(.rela.sdata2 .rela.sdata2.* .rela.gnu.linkonce.s2.*)
 *(.rel.sbss2 .rel.sbss2.* .rel.gnu.linkonce.sb2.*)
 *(.rela.sbss2 .rela.sbss2.* .rela.gnu.linkonce.sb2.*)
 *(.rel.bss .rel.bss.* .rel.gnu.linkonce.b.*)
 *(.rela.bss .rela.bss.* .rela.gnu.linkonce.b.*)
 *(.rel.plt)
 *(.rela.plt)
 *(.rel.dyn)
 *(.init)
 *(.plt)
 *(.text .stub .text.* .gnu.linkonce.t.*)
 .text          0x00008020       0x3c ../Test1_bsp//obj/HAL/src/crt0.o
                0x00008020                _start
 .text          0x0000805c      0x14c obj/default/hello_world_small.o
                0x0000805c                main
 .text          0x000081a8       0x98 c:/altera/11.1sp2/nios2eds/bin/gnu/h-i686-mingw32/bin/../lib/gcc/nios2-elf/4.1.2/../../../../nios2-elf/lib/mno-hw-mul\libsmallc.a(lib_a-printf.o)
                0x000081a8                printf
                0x000081fc                _printf_r
 .text          0x00008240       0xa4 c:/altera/11.1sp2/nios2eds/bin/gnu/h-i686-mingw32/bin/../lib/gcc/nios2-elf/4.1.2/../../../../nios2-elf/lib/mno-hw-mul\libsmallc.a(lib_a-puts.o)
                0x00008240                _puts_r
                0x000082d0                puts
 .text          0x000082e4       0x20 c:/altera/11.1sp2/nios2eds/bin/gnu/h-i686-mingw32/bin/../lib/gcc/nios2-elf/4.1.2/../../../../nios2-elf/lib/mno-hw-mul\libsmallc.a(lib_a-strlen.o)
                0x000082e4                strlen
 .text          0x00008304      0x6a4 c:/altera/11.1sp2/nios2eds/bin/gnu/h-i686-mingw32/bin/../lib/gcc/nios2-elf/4.1.2/../../../../nios2-elf/lib/mno-hw-mul\libsmallc.a(lib_a-vfprintf.o)
                0x00008384                ___vfprintf_internal_r
                0x00008984                __vfprintf_internal
 .text          0x000089a8       0xbc c:/altera/11.1sp2/nios2eds/bin/gnu/h-i686-mingw32/bin/../lib/gcc/nios2-elf/4.1.2/../../../../nios2-elf/lib/mno-hw-mul\libsmallc.a(lib_a-fvwrite_small_dev.o)
                0x000089a8                __sfvwrite_small_dev
 .text          0x00008a64        0x0 c:/altera/11.1sp2/nios2eds/bin/gnu/h-i686-mingw32/bin/../lib/gcc/nios2-elf/4.1.2/../../../../nios2-elf/lib/mno-hw-mul\libsmallc.a(lib_a-impure.o)
 .text          0x00008a64       0x78 c:/altera/11.1sp2/nios2eds/bin/gnu/h-i686-mingw32/bin/../lib/gcc/nios2-elf/4.1.2/../../../../nios2-elf/lib/mno-hw-mul\libsmallc.a(lib_a-writer.o)
                0x00008a64                _write_r
 .text          0x00008adc        0x0 c:/altera/11.1sp2/nios2eds/bin/gnu/h-i686-mingw32/bin/../lib/gcc/nios2-elf/4.1.2/../../../../nios2-elf/lib/mno-hw-mul\libsmallc.a(lib_a-int_errno.o)
 .text          0x00008adc      0x14c c:/altera/11.1sp2/nios2eds/bin/gnu/h-i686-mingw32/bin/../lib/gcc/nios2-elf/4.1.2/mno-hw-mul\libgcc.a(lib2-divmod.o)
                0x00008b58                __divsi3
                0x00008bb8                __modsi3
                0x00008c18                __udivsi3
                0x00008c20                __umodsi3
 .text          0x00008c28       0x38 c:/altera/11.1sp2/nios2eds/bin/gnu/h-i686-mingw32/bin/../lib/gcc/nios2-elf/4.1.2/mno-hw-mul\libgcc.a(lib2-mul.o)
                0x00008c28                __mulsi3
 .text          0x00008c60       0x8c ../Test1_bsp/\libhal_bsp.a(alt_load.o)
                0x00008c80                alt_load
 .text          0x00008cec       0x2c ../Test1_bsp/\libhal_bsp.a(alt_main.o)
                0x00008cec                alt_main
 .text          0x00008d18        0x4 ../Test1_bsp/\libhal_bsp.a(alt_usleep.o)
                0x00008d18                usleep
 .text          0x00008d1c       0x78 ../Test1_bsp/\libhal_bsp.a(alt_write.o)
                0x00008d1c                write
 .text          0x00008d94       0x24 ../Test1_bsp/\libhal_bsp.a(alt_sys_init.o)
                0x00008d94                alt_sys_init
                0x00008d98                alt_irq_init
 .text          0x00008db8       0x34 ../Test1_bsp/\libhal_bsp.a(altera_avalon_jtag_uart_write.o)
                0x00008db8                altera_avalon_jtag_uart_write
 .text          0x00008dec       0x8c ../Test1_bsp/\libhal_bsp.a(alt_busy_sleep.o)
                0x00008dec                alt_busy_sleep
 .text          0x00008e78        0x4 ../Test1_bsp/\libhal_bsp.a(alt_dcache_flush_all.o)
                0x00008e78                alt_dcache_flush_all
 .text          0x00008e7c        0x0 ../Test1_bsp/\libhal_bsp.a(alt_errno.o)
 .text          0x00008e7c        0x4 ../Test1_bsp/\libhal_bsp.a(alt_icache_flush_all.o)
                0x00008e7c                alt_icache_flush_all
 .text          0x00008e80        0x8 ../Test1_bsp/\libhal_bsp.a(altera_nios2_irq.o)
                0x00008e80                altera_nios2_irq_init
 *(.gnu.warning.*)
 *(.fini)
                0x00008e88                PROVIDE (__etext, ABSOLUTE (.))
                0x00008e88                PROVIDE (_etext, ABSOLUTE (.))
                0x00008e88                PROVIDE (etext, ABSOLUTE (.))
 *(.eh_frame_hdr)
                0x00008e88                . = ALIGN (0x4)
                0x00008e88                PROVIDE (__preinit_array_start, ABSOLUTE (.))
 *(.preinit_array)
                0x00008e88                PROVIDE (__preinit_array_end, ABSOLUTE (.))
                0x00008e88                PROVIDE (__init_array_start, ABSOLUTE (.))
 *(.init_array)
                0x00008e88                PROVIDE (__init_array_end, ABSOLUTE (.))
                0x00008e88                PROVIDE (__fini_array_start, ABSOLUTE (.))
 *(.fini_array)
                0x00008e88                PROVIDE (__fini_array_end, ABSOLUTE (.))
 *(.eh_frame)
 *(.gcc_except_table)
 *(.dynamic)
                0x00008e88                PROVIDE (__CTOR_LIST__, ABSOLUTE (.))
 *(.ctors)
 *(SORT(.ctors.*))
                0x00008e88                PROVIDE (__CTOR_END__, ABSOLUTE (.))
                0x00008e88                PROVIDE (__DTOR_LIST__, ABSOLUTE (.))
 *(.dtors)
 *(SORT(.dtors.*))
                0x00008e88                PROVIDE (__DTOR_END__, ABSOLUTE (.))
 *(.jcr)
                0x00008e88                . = ALIGN (0x4)

.rodata         0x00008e88       0x8c
                0x00008e88                PROVIDE (__ram_rodata_start, ABSOLUTE (.))
                0x00008e88                . = ALIGN (0x4)
 *(.rodata .rodata.* .gnu.linkonce.r.*)
 .rodata.str1.4
                0x00008e88       0x89 obj/default/hello_world_small.o
                                 0x8c (size before relaxing)
 .rodata.str1.4
                0x00000000       0x8c c:/altera/11.1sp2/nios2eds/bin/gnu/h-i686-mingw32/bin/../lib/gcc/nios2-elf/4.1.2/../../../../nios2-elf/lib/mno-hw-mul\libsmallc.a(lib_a-puts.o)
                                  0x4 (size before relaxing)
 *(.rodata1)
                0x00008f14                . = ALIGN (0x4)
 *fill*         0x00008f11        0x3 00
                0x00008f14                PROVIDE (__ram_rodata_end, ABSOLUTE (.))
                0x00008e88                PROVIDE (__flash_rodata_start, LOADADDR (.rodata))

.rwdata         0x00008f14       0xf0 load address 0x00009004
                0x00008f14                PROVIDE (__ram_rwdata_start, ABSOLUTE (.))
                0x00008f14                . = ALIGN (0x4)
 *(.got.plt)
 *(.got)
 *(.data1)
 *(.data .data.* .gnu.linkonce.d.*)
 .data          0x00008f14        0x0 ../Test1_bsp//obj/HAL/src/crt0.o
 .data          0x00008f14        0x0 obj/default/hello_world_small.o
 .data          0x00008f14        0x0 c:/altera/11.1sp2/nios2eds/bin/gnu/h-i686-mingw32/bin/../lib/gcc/nios2-elf/4.1.2/../../../../nios2-elf/lib/mno-hw-mul\libsmallc.a(lib_a-printf.o)
 .data          0x00008f14        0x0 c:/altera/11.1sp2/nios2eds/bin/gnu/h-i686-mingw32/bin/../lib/gcc/nios2-elf/4.1.2/../../../../nios2-elf/lib/mno-hw-mul\libsmallc.a(lib_a-puts.o)
 .data          0x00008f14        0x0 c:/altera/11.1sp2/nios2eds/bin/gnu/h-i686-mingw32/bin/../lib/gcc/nios2-elf/4.1.2/../../../../nios2-elf/lib/mno-hw-mul\libsmallc.a(lib_a-strlen.o)
 .data          0x00008f14        0x0 c:/altera/11.1sp2/nios2eds/bin/gnu/h-i686-mingw32/bin/../lib/gcc/nios2-elf/4.1.2/../../../../nios2-elf/lib/mno-hw-mul\libsmallc.a(lib_a-vfprintf.o)
 .data          0x00008f14        0x0 c:/altera/11.1sp2/nios2eds/bin/gnu/h-i686-mingw32/bin/../lib/gcc/nios2-elf/4.1.2/../../../../nios2-elf/lib/mno-hw-mul\libsmallc.a(lib_a-fvwrite_small_dev.o)
 .data          0x00008f14       0xe0 c:/altera/11.1sp2/nios2eds/bin/gnu/h-i686-mingw32/bin/../lib/gcc/nios2-elf/4.1.2/../../../../nios2-elf/lib/mno-hw-mul\libsmallc.a(lib_a-impure.o)
 .data          0x00008ff4        0x0 c:/altera/11.1sp2/nios2eds/bin/gnu/h-i686-mingw32/bin/../lib/gcc/nios2-elf/4.1.2/../../../../nios2-elf/lib/mno-hw-mul\libsmallc.a(lib_a-writer.o)
 .data          0x00008ff4        0x0 c:/altera/11.1sp2/nios2eds/bin/gnu/h-i686-mingw32/bin/../lib/gcc/nios2-elf/4.1.2/../../../../nios2-elf/lib/mno-hw-mul\libsmallc.a(lib_a-int_errno.o)
 .data          0x00008ff4        0x0 c:/altera/11.1sp2/nios2eds/bin/gnu/h-i686-mingw32/bin/../lib/gcc/nios2-elf/4.1.2/mno-hw-mul\libgcc.a(lib2-divmod.o)
 .data          0x00008ff4        0x0 c:/altera/11.1sp2/nios2eds/bin/gnu/h-i686-mingw32/bin/../lib/gcc/nios2-elf/4.1.2/mno-hw-mul\libgcc.a(lib2-mul.o)
 .data          0x00008ff4        0x0 ../Test1_bsp/\libhal_bsp.a(alt_load.o)
 .data          0x00008ff4        0x0 ../Test1_bsp/\libhal_bsp.a(alt_main.o)
 .data          0x00008ff4        0x0 ../Test1_bsp/\libhal_bsp.a(alt_usleep.o)
 .data          0x00008ff4        0x0 ../Test1_bsp/\libhal_bsp.a(alt_write.o)
 .data          0x00008ff4        0x0 ../Test1_bsp/\libhal_bsp.a(alt_sys_init.o)
 .data          0x00008ff4        0x0 ../Test1_bsp/\libhal_bsp.a(altera_avalon_jtag_uart_write.o)
 .data          0x00008ff4        0x0 ../Test1_bsp/\libhal_bsp.a(alt_busy_sleep.o)
 .data          0x00008ff4        0x0 ../Test1_bsp/\libhal_bsp.a(alt_dcache_flush_all.o)
 .data          0x00008ff4        0x0 ../Test1_bsp/\libhal_bsp.a(alt_errno.o)
 .data          0x00008ff4        0x0 ../Test1_bsp/\libhal_bsp.a(alt_icache_flush_all.o)
 .data          0x00008ff4        0x0 ../Test1_bsp/\libhal_bsp.a(altera_nios2_irq.o)
                0x00010ff4                _gp = ABSOLUTE ((. + 0x8000))
                0x00010ff4                PROVIDE (gp, _gp)
 *(.rwdata .rwdata.*)
 *(.sdata .sdata.* .gnu.linkonce.s.*)
 .sdata         0x00008ff4        0x8 c:/altera/11.1sp2/nios2eds/bin/gnu/h-i686-mingw32/bin/../lib/gcc/nios2-elf/4.1.2/../../../../nios2-elf/lib/mno-hw-mul\libsmallc.a(lib_a-impure.o)
                0x00008ff4                _impure_ptr
                0x00008ff8                _global_impure_ptr
 .sdata         0x00008ffc        0x4 ../Test1_bsp/\libhal_bsp.a(alt_sys_init.o)
                0x00008ffc                jtag_uart_0
 .sdata         0x00009000        0x4 ../Test1_bsp/\libhal_bsp.a(alt_errno.o)
                0x00009000                alt_errno
 *(.sdata2 .sdata2.* .gnu.linkonce.s2.*)
                0x00009004                . = ALIGN (0x4)
                0x00009004                _edata = ABSOLUTE (.)
                0x00009004                PROVIDE (edata, ABSOLUTE (.))
                0x00009004                PROVIDE (__ram_rwdata_end, ABSOLUTE (.))
                0x00009004                PROVIDE (__flash_rwdata_start, LOADADDR (.rwdata))

.bss            0x000090f4       0x10
                0x000090f4                __bss_start = ABSOLUTE (.)
                0x000090f4                PROVIDE (__sbss_start, ABSOLUTE (.))
                0x000090f4                PROVIDE (___sbss_start, ABSOLUTE (.))
 *(.dynsbss)
 *(.sbss .sbss.* .gnu.linkonce.sb.*)
 .sbss          0x000090f4        0x4 c:/altera/11.1sp2/nios2eds/bin/gnu/h-i686-mingw32/bin/../lib/gcc/nios2-elf/4.1.2/../../../../nios2-elf/lib/mno-hw-mul\libsmallc.a(lib_a-int_errno.o)
                0x000090f4                errno
 .sbss          0x000090f8        0xc ../Test1_bsp/\libhal_bsp.a(alt_main.o)
                0x000090f8                alt_argc
                0x000090fc                alt_argv
                0x00009100                alt_envp
 *(.sbss2 .sbss2.* .gnu.linkonce.sb2.*)
 *(.scommon)
                0x00009104                PROVIDE (__sbss_end, ABSOLUTE (.))
                0x00009104                PROVIDE (___sbss_end, ABSOLUTE (.))
 *(.dynbss)
 *(.bss .bss.* .gnu.linkonce.b.*)
 .bss           0x00009104        0x0 ../Test1_bsp//obj/HAL/src/crt0.o
 .bss           0x00009104        0x0 obj/default/hello_world_small.o
 .bss           0x00009104        0x0 c:/altera/11.1sp2/nios2eds/bin/gnu/h-i686-mingw32/bin/../lib/gcc/nios2-elf/4.1.2/../../../../nios2-elf/lib/mno-hw-mul\libsmallc.a(lib_a-printf.o)
 .bss           0x00009104        0x0 c:/altera/11.1sp2/nios2eds/bin/gnu/h-i686-mingw32/bin/../lib/gcc/nios2-elf/4.1.2/../../../../nios2-elf/lib/mno-hw-mul\libsmallc.a(lib_a-puts.o)
 .bss           0x00009104        0x0 c:/altera/11.1sp2/nios2eds/bin/gnu/h-i686-mingw32/bin/../lib/gcc/nios2-elf/4.1.2/../../../../nios2-elf/lib/mno-hw-mul\libsmallc.a(lib_a-strlen.o)
 .bss           0x00009104        0x0 c:/altera/11.1sp2/nios2eds/bin/gnu/h-i686-mingw32/bin/../lib/gcc/nios2-elf/4.1.2/../../../../nios2-elf/lib/mno-hw-mul\libsmallc.a(lib_a-vfprintf.o)
 .bss           0x00009104        0x0 c:/altera/11.1sp2/nios2eds/bin/gnu/h-i686-mingw32/bin/../lib/gcc/nios2-elf/4.1.2/../../../../nios2-elf/lib/mno-hw-mul\libsmallc.a(lib_a-fvwrite_small_dev.o)
 .bss           0x00009104        0x0 c:/altera/11.1sp2/nios2eds/bin/gnu/h-i686-mingw32/bin/../lib/gcc/nios2-elf/4.1.2/../../../../nios2-elf/lib/mno-hw-mul\libsmallc.a(lib_a-impure.o)
 .bss           0x00009104        0x0 c:/altera/11.1sp2/nios2eds/bin/gnu/h-i686-mingw32/bin/../lib/gcc/nios2-elf/4.1.2/../../../../nios2-elf/lib/mno-hw-mul\libsmallc.a(lib_a-writer.o)
 .bss           0x00009104        0x0 c:/altera/11.1sp2/nios2eds/bin/gnu/h-i686-mingw32/bin/../lib/gcc/nios2-elf/4.1.2/../../../../nios2-elf/lib/mno-hw-mul\libsmallc.a(lib_a-int_errno.o)
 .bss           0x00009104        0x0 c:/altera/11.1sp2/nios2eds/bin/gnu/h-i686-mingw32/bin/../lib/gcc/nios2-elf/4.1.2/mno-hw-mul\libgcc.a(lib2-divmod.o)
 .bss           0x00009104        0x0 c:/altera/11.1sp2/nios2eds/bin/gnu/h-i686-mingw32/bin/../lib/gcc/nios2-elf/4.1.2/mno-hw-mul\libgcc.a(lib2-mul.o)
 .bss           0x00009104        0x0 ../Test1_bsp/\libhal_bsp.a(alt_load.o)
 .bss           0x00009104        0x0 ../Test1_bsp/\libhal_bsp.a(alt_main.o)
 .bss           0x00009104        0x0 ../Test1_bsp/\libhal_bsp.a(alt_usleep.o)
 .bss           0x00009104        0x0 ../Test1_bsp/\libhal_bsp.a(alt_write.o)
 .bss           0x00009104        0x0 ../Test1_bsp/\libhal_bsp.a(alt_sys_init.o)
 .bss           0x00009104        0x0 ../Test1_bsp/\libhal_bsp.a(altera_avalon_jtag_uart_write.o)
 .bss           0x00009104        0x0 ../Test1_bsp/\libhal_bsp.a(alt_busy_sleep.o)
 .bss           0x00009104        0x0 ../Test1_bsp/\libhal_bsp.a(alt_dcache_flush_all.o)
 .bss           0x00009104        0x0 ../Test1_bsp/\libhal_bsp.a(alt_errno.o)
 .bss           0x00009104        0x0 ../Test1_bsp/\libhal_bsp.a(alt_icache_flush_all.o)
 .bss           0x00009104        0x0 ../Test1_bsp/\libhal_bsp.a(altera_nios2_irq.o)
 *(COMMON)
                0x00009104                . = ALIGN (0x4)
                0x00009104                __bss_end = ABSOLUTE (.)

.onchip_memory2_0
                0x00009104        0x0
                0x00009104                PROVIDE (_alt_partition_onchip_memory2_0_start, ABSOLUTE (.))
 *(.onchip_memory2_0. onchip_memory2_0.*)
                0x00009104                . = ALIGN (0x4)
                0x00009104                PROVIDE (_alt_partition_onchip_memory2_0_end, ABSOLUTE (.))
                0x00009104                _end = ABSOLUTE (.)
                0x00009104                end = ABSOLUTE (.)
                0x00009104                __alt_stack_base = ABSOLUTE (.)
                0x00009104                PROVIDE (_alt_partition_onchip_memory2_0_load_addr, LOADADDR (.onchip_memory2_0))

.stab
 *(.stab)

.stabstr
 *(.stabstr)

.stab.excl
 *(.stab.excl)

.stab.exclstr
 *(.stab.exclstr)

.stab.index
 *(.stab.index)

.stab.indexstr
 *(.stab.indexstr)

.comment        0x00000000       0x26
 *(.comment)
 .comment       0x00000000       0x26 obj/default/hello_world_small.o
                                 0x27 (size before relaxing)
 .comment       0x00000000       0x27 c:/altera/11.1sp2/nios2eds/bin/gnu/h-i686-mingw32/bin/../lib/gcc/nios2-elf/4.1.2/../../../../nios2-elf/lib/mno-hw-mul\libsmallc.a(lib_a-printf.o)
 .comment       0x00000000       0x27 c:/altera/11.1sp2/nios2eds/bin/gnu/h-i686-mingw32/bin/../lib/gcc/nios2-elf/4.1.2/../../../../nios2-elf/lib/mno-hw-mul\libsmallc.a(lib_a-puts.o)
 .comment       0x00000000       0x27 c:/altera/11.1sp2/nios2eds/bin/gnu/h-i686-mingw32/bin/../lib/gcc/nios2-elf/4.1.2/../../../../nios2-elf/lib/mno-hw-mul\libsmallc.a(lib_a-strlen.o)
 .comment       0x00000000       0x27 c:/altera/11.1sp2/nios2eds/bin/gnu/h-i686-mingw32/bin/../lib/gcc/nios2-elf/4.1.2/../../../../nios2-elf/lib/mno-hw-mul\libsmallc.a(lib_a-vfprintf.o)
 .comment       0x00000000       0x27 c:/altera/11.1sp2/nios2eds/bin/gnu/h-i686-mingw32/bin/../lib/gcc/nios2-elf/4.1.2/../../../../nios2-elf/lib/mno-hw-mul\libsmallc.a(lib_a-fvwrite_small_dev.o)
 .comment       0x00000000       0x27 c:/altera/11.1sp2/nios2eds/bin/gnu/h-i686-mingw32/bin/../lib/gcc/nios2-elf/4.1.2/../../../../nios2-elf/lib/mno-hw-mul\libsmallc.a(lib_a-impure.o)
 .comment       0x00000000       0x27 c:/altera/11.1sp2/nios2eds/bin/gnu/h-i686-mingw32/bin/../lib/gcc/nios2-elf/4.1.2/../../../../nios2-elf/lib/mno-hw-mul\libsmallc.a(lib_a-writer.o)
 .comment       0x00000000       0x27 c:/altera/11.1sp2/nios2eds/bin/gnu/h-i686-mingw32/bin/../lib/gcc/nios2-elf/4.1.2/../../../../nios2-elf/lib/mno-hw-mul\libsmallc.a(lib_a-int_errno.o)
 .comment       0x00000000       0x27 c:/altera/11.1sp2/nios2eds/bin/gnu/h-i686-mingw32/bin/../lib/gcc/nios2-elf/4.1.2/mno-hw-mul\libgcc.a(lib2-divmod.o)
 .comment       0x00000000       0x27 c:/altera/11.1sp2/nios2eds/bin/gnu/h-i686-mingw32/bin/../lib/gcc/nios2-elf/4.1.2/mno-hw-mul\libgcc.a(lib2-mul.o)
 .comment       0x00000000       0x27 ../Test1_bsp/\libhal_bsp.a(alt_load.o)
 .comment       0x00000000       0x27 ../Test1_bsp/\libhal_bsp.a(alt_main.o)
 .comment       0x00000000       0x27 ../Test1_bsp/\libhal_bsp.a(alt_usleep.o)
 .comment       0x00000000       0x27 ../Test1_bsp/\libhal_bsp.a(alt_write.o)
 .comment       0x00000000       0x27 ../Test1_bsp/\libhal_bsp.a(alt_sys_init.o)
 .comment       0x00000000       0x27 ../Test1_bsp/\libhal_bsp.a(altera_avalon_jtag_uart_write.o)
 .comment       0x00000000       0x27 ../Test1_bsp/\libhal_bsp.a(alt_busy_sleep.o)
 .comment       0x00000000       0x27 ../Test1_bsp/\libhal_bsp.a(alt_dcache_flush_all.o)
 .comment       0x00000000       0x27 ../Test1_bsp/\libhal_bsp.a(alt_errno.o)
 .comment       0x00000000       0x27 ../Test1_bsp/\libhal_bsp.a(alt_icache_flush_all.o)
 .comment       0x00000000       0x27 ../Test1_bsp/\libhal_bsp.a(altera_nios2_irq.o)

.debug
 *(.debug)

.line
 *(.line)

.debug_srcinfo
 *(.debug_srcinfo)

.debug_sfnames
 *(.debug_sfnames)

.debug_aranges  0x00000000      0x288
 *(.debug_aranges)
 .debug_aranges
                0x00000000       0x28 ../Test1_bsp//obj/HAL/src/crt0.o
 .debug_aranges
                0x00000028       0x20 obj/default/hello_world_small.o
 .debug_aranges
                0x00000048       0x20 c:/altera/11.1sp2/nios2eds/bin/gnu/h-i686-mingw32/bin/../lib/gcc/nios2-elf/4.1.2/../../../../nios2-elf/lib/mno-hw-mul\libsmallc.a(lib_a-printf.o)
 .debug_aranges
                0x00000068       0x20 c:/altera/11.1sp2/nios2eds/bin/gnu/h-i686-mingw32/bin/../lib/gcc/nios2-elf/4.1.2/../../../../nios2-elf/lib/mno-hw-mul\libsmallc.a(lib_a-puts.o)
 .debug_aranges
                0x00000088       0x20 c:/altera/11.1sp2/nios2eds/bin/gnu/h-i686-mingw32/bin/../lib/gcc/nios2-elf/4.1.2/../../../../nios2-elf/lib/mno-hw-mul\libsmallc.a(lib_a-strlen.o)
 .debug_aranges
                0x000000a8       0x20 c:/altera/11.1sp2/nios2eds/bin/gnu/h-i686-mingw32/bin/../lib/gcc/nios2-elf/4.1.2/../../../../nios2-elf/lib/mno-hw-mul\libsmallc.a(lib_a-vfprintf.o)
 .debug_aranges
                0x000000c8       0x20 c:/altera/11.1sp2/nios2eds/bin/gnu/h-i686-mingw32/bin/../lib/gcc/nios2-elf/4.1.2/../../../../nios2-elf/lib/mno-hw-mul\libsmallc.a(lib_a-fvwrite_small_dev.o)
 .debug_aranges
                0x000000e8       0x20 c:/altera/11.1sp2/nios2eds/bin/gnu/h-i686-mingw32/bin/../lib/gcc/nios2-elf/4.1.2/../../../../nios2-elf/lib/mno-hw-mul\libsmallc.a(lib_a-writer.o)
 .debug_aranges
                0x00000108       0x20 c:/altera/11.1sp2/nios2eds/bin/gnu/h-i686-mingw32/bin/../lib/gcc/nios2-elf/4.1.2/mno-hw-mul\libgcc.a(lib2-divmod.o)
 .debug_aranges
                0x00000128       0x20 c:/altera/11.1sp2/nios2eds/bin/gnu/h-i686-mingw32/bin/../lib/gcc/nios2-elf/4.1.2/mno-hw-mul\libgcc.a(lib2-mul.o)
 .debug_aranges
                0x00000148       0x20 ../Test1_bsp/\libhal_bsp.a(alt_load.o)
 .debug_aranges
                0x00000168       0x20 ../Test1_bsp/\libhal_bsp.a(alt_main.o)
 .debug_aranges
                0x00000188       0x20 ../Test1_bsp/\libhal_bsp.a(alt_usleep.o)
 .debug_aranges
                0x000001a8       0x20 ../Test1_bsp/\libhal_bsp.a(alt_write.o)
 .debug_aranges
                0x000001c8       0x20 ../Test1_bsp/\libhal_bsp.a(alt_sys_init.o)
 .debug_aranges
                0x000001e8       0x20 ../Test1_bsp/\libhal_bsp.a(altera_avalon_jtag_uart_write.o)
 .debug_aranges
                0x00000208       0x20 ../Test1_bsp/\libhal_bsp.a(alt_busy_sleep.o)
 .debug_aranges
                0x00000228       0x20 ../Test1_bsp/\libhal_bsp.a(alt_dcache_flush_all.o)
 .debug_aranges
                0x00000248       0x20 ../Test1_bsp/\libhal_bsp.a(alt_icache_flush_all.o)
 .debug_aranges
                0x00000268       0x20 ../Test1_bsp/\libhal_bsp.a(altera_nios2_irq.o)

.debug_pubnames
                0x00000000      0x3b2
 *(.debug_pubnames)
 .debug_pubnames
                0x00000000       0x1b obj/default/hello_world_small.o
 .debug_pubnames
                0x0000001b       0x2b c:/altera/11.1sp2/nios2eds/bin/gnu/h-i686-mingw32/bin/../lib/gcc/nios2-elf/4.1.2/../../../../nios2-elf/lib/mno-hw-mul\libsmallc.a(lib_a-printf.o)
 .debug_pubnames
                0x00000046       0x27 c:/altera/11.1sp2/nios2eds/bin/gnu/h-i686-mingw32/bin/../lib/gcc/nios2-elf/4.1.2/../../../../nios2-elf/lib/mno-hw-mul\libsmallc.a(lib_a-puts.o)
 .debug_pubnames
                0x0000006d       0x1d c:/altera/11.1sp2/nios2eds/bin/gnu/h-i686-mingw32/bin/../lib/gcc/nios2-elf/4.1.2/../../../../nios2-elf/lib/mno-hw-mul\libsmallc.a(lib_a-strlen.o)
 .debug_pubnames
                0x0000008a       0x45 c:/altera/11.1sp2/nios2eds/bin/gnu/h-i686-mingw32/bin/../lib/gcc/nios2-elf/4.1.2/../../../../nios2-elf/lib/mno-hw-mul\libsmallc.a(lib_a-vfprintf.o)
 .debug_pubnames
                0x000000cf       0x2b c:/altera/11.1sp2/nios2eds/bin/gnu/h-i686-mingw32/bin/../lib/gcc/nios2-elf/4.1.2/../../../../nios2-elf/lib/mno-hw-mul\libsmallc.a(lib_a-fvwrite_small_dev.o)
 .debug_pubnames
                0x000000fa       0x39 c:/altera/11.1sp2/nios2eds/bin/gnu/h-i686-mingw32/bin/../lib/gcc/nios2-elf/4.1.2/../../../../nios2-elf/lib/mno-hw-mul\libsmallc.a(lib_a-impure.o)
 .debug_pubnames
                0x00000133       0x1f c:/altera/11.1sp2/nios2eds/bin/gnu/h-i686-mingw32/bin/../lib/gcc/nios2-elf/4.1.2/../../../../nios2-elf/lib/mno-hw-mul\libsmallc.a(lib_a-writer.o)
 .debug_pubnames
                0x00000152       0x1c c:/altera/11.1sp2/nios2eds/bin/gnu/h-i686-mingw32/bin/../lib/gcc/nios2-elf/4.1.2/../../../../nios2-elf/lib/mno-hw-mul\libsmallc.a(lib_a-int_errno.o)
 .debug_pubnames
                0x0000016e       0x48 c:/altera/11.1sp2/nios2eds/bin/gnu/h-i686-mingw32/bin/../lib/gcc/nios2-elf/4.1.2/mno-hw-mul\libgcc.a(lib2-divmod.o)
 .debug_pubnames
                0x000001b6       0x1f c:/altera/11.1sp2/nios2eds/bin/gnu/h-i686-mingw32/bin/../lib/gcc/nios2-elf/4.1.2/mno-hw-mul\libgcc.a(lib2-mul.o)
 .debug_pubnames
                0x000001d5       0x1f ../Test1_bsp/\libhal_bsp.a(alt_load.o)
 .debug_pubnames
                0x000001f4       0x46 ../Test1_bsp/\libhal_bsp.a(alt_main.o)
 .debug_pubnames
                0x0000023a       0x1d ../Test1_bsp/\libhal_bsp.a(alt_usleep.o)
 .debug_pubnames
                0x00000257       0x1c ../Test1_bsp/\libhal_bsp.a(alt_write.o)
 .debug_pubnames
                0x00000273       0x44 ../Test1_bsp/\libhal_bsp.a(alt_sys_init.o)
 .debug_pubnames
                0x000002b7       0x34 ../Test1_bsp/\libhal_bsp.a(altera_avalon_jtag_uart_write.o)
 .debug_pubnames
                0x000002eb       0x25 ../Test1_bsp/\libhal_bsp.a(alt_busy_sleep.o)
 .debug_pubnames
                0x00000310       0x2b ../Test1_bsp/\libhal_bsp.a(alt_dcache_flush_all.o)
 .debug_pubnames
                0x0000033b       0x20 ../Test1_bsp/\libhal_bsp.a(alt_errno.o)
 .debug_pubnames
                0x0000035b       0x2b ../Test1_bsp/\libhal_bsp.a(alt_icache_flush_all.o)
 .debug_pubnames
                0x00000386       0x2c ../Test1_bsp/\libhal_bsp.a(altera_nios2_irq.o)

.debug_info     0x00000000     0x3a2b
 *(.debug_info .gnu.linkonce.wi.*)
 .debug_info    0x00000000       0x81 ../Test1_bsp//obj/HAL/src/crt0.o
 .debug_info    0x00000081       0xbf obj/default/hello_world_small.o
 .debug_info    0x00000140      0x6c8 c:/altera/11.1sp2/nios2eds/bin/gnu/h-i686-mingw32/bin/../lib/gcc/nios2-elf/4.1.2/../../../../nios2-elf/lib/mno-hw-mul\libsmallc.a(lib_a-printf.o)
 .debug_info    0x00000808      0x685 c:/altera/11.1sp2/nios2eds/bin/gnu/h-i686-mingw32/bin/../lib/gcc/nios2-elf/4.1.2/../../../../nios2-elf/lib/mno-hw-mul\libsmallc.a(lib_a-puts.o)
 .debug_info    0x00000e8d       0xc2 c:/altera/11.1sp2/nios2eds/bin/gnu/h-i686-mingw32/bin/../lib/gcc/nios2-elf/4.1.2/../../../../nios2-elf/lib/mno-hw-mul\libsmallc.a(lib_a-strlen.o)
 .debug_info    0x00000f4f      0x94c c:/altera/11.1sp2/nios2eds/bin/gnu/h-i686-mingw32/bin/../lib/gcc/nios2-elf/4.1.2/../../../../nios2-elf/lib/mno-hw-mul\libsmallc.a(lib_a-vfprintf.o)
 .debug_info    0x0000189b      0x68e c:/altera/11.1sp2/nios2eds/bin/gnu/h-i686-mingw32/bin/../lib/gcc/nios2-elf/4.1.2/../../../../nios2-elf/lib/mno-hw-mul\libsmallc.a(lib_a-fvwrite_small_dev.o)
 .debug_info    0x00001f29      0x636 c:/altera/11.1sp2/nios2eds/bin/gnu/h-i686-mingw32/bin/../lib/gcc/nios2-elf/4.1.2/../../../../nios2-elf/lib/mno-hw-mul\libsmallc.a(lib_a-impure.o)
 .debug_info    0x0000255f      0x68c c:/altera/11.1sp2/nios2eds/bin/gnu/h-i686-mingw32/bin/../lib/gcc/nios2-elf/4.1.2/../../../../nios2-elf/lib/mno-hw-mul\libsmallc.a(lib_a-writer.o)
 .debug_info    0x00002beb       0x8c c:/altera/11.1sp2/nios2eds/bin/gnu/h-i686-mingw32/bin/../lib/gcc/nios2-elf/4.1.2/../../../../nios2-elf/lib/mno-hw-mul\libsmallc.a(lib_a-int_errno.o)
 .debug_info    0x00002c77      0x21c c:/altera/11.1sp2/nios2eds/bin/gnu/h-i686-mingw32/bin/../lib/gcc/nios2-elf/4.1.2/mno-hw-mul\libgcc.a(lib2-divmod.o)
 .debug_info    0x00002e93       0xf3 c:/altera/11.1sp2/nios2eds/bin/gnu/h-i686-mingw32/bin/../lib/gcc/nios2-elf/4.1.2/mno-hw-mul\libgcc.a(lib2-mul.o)
 .debug_info    0x00002f86      0x12e ../Test1_bsp/\libhal_bsp.a(alt_load.o)
 .debug_info    0x000030b4      0x125 ../Test1_bsp/\libhal_bsp.a(alt_main.o)
 .debug_info    0x000031d9       0xab ../Test1_bsp/\libhal_bsp.a(alt_usleep.o)
 .debug_info    0x00003284      0x179 ../Test1_bsp/\libhal_bsp.a(alt_write.o)
 .debug_info    0x000033fd      0x17d ../Test1_bsp/\libhal_bsp.a(alt_sys_init.o)
 .debug_info    0x0000357a      0x18f ../Test1_bsp/\libhal_bsp.a(altera_avalon_jtag_uart_write.o)
 .debug_info    0x00003709       0xd0 ../Test1_bsp/\libhal_bsp.a(alt_busy_sleep.o)
 .debug_info    0x000037d9       0x8d ../Test1_bsp/\libhal_bsp.a(alt_dcache_flush_all.o)
 .debug_info    0x00003866       0xab ../Test1_bsp/\libhal_bsp.a(alt_errno.o)
 .debug_info    0x00003911       0x8d ../Test1_bsp/\libhal_bsp.a(alt_icache_flush_all.o)
 .debug_info    0x0000399e       0x8d ../Test1_bsp/\libhal_bsp.a(altera_nios2_irq.o)

.debug_abbrev   0x00000000     0x11bf
 *(.debug_abbrev)
 .debug_abbrev  0x00000000       0x12 ../Test1_bsp//obj/HAL/src/crt0.o
 .debug_abbrev  0x00000012       0x5b obj/default/hello_world_small.o
 .debug_abbrev  0x0000006d      0x179 c:/altera/11.1sp2/nios2eds/bin/gnu/h-i686-mingw32/bin/../lib/gcc/nios2-elf/4.1.2/../../../../nios2-elf/lib/mno-hw-mul\libsmallc.a(lib_a-printf.o)
 .debug_abbrev  0x000001e6      0x180 c:/altera/11.1sp2/nios2eds/bin/gnu/h-i686-mingw32/bin/../lib/gcc/nios2-elf/4.1.2/../../../../nios2-elf/lib/mno-hw-mul\libsmallc.a(lib_a-puts.o)
 .debug_abbrev  0x00000366       0x7a c:/altera/11.1sp2/nios2eds/bin/gnu/h-i686-mingw32/bin/../lib/gcc/nios2-elf/4.1.2/../../../../nios2-elf/lib/mno-hw-mul\libsmallc.a(lib_a-strlen.o)
 .debug_abbrev  0x000003e0      0x247 c:/altera/11.1sp2/nios2eds/bin/gnu/h-i686-mingw32/bin/../lib/gcc/nios2-elf/4.1.2/../../../../nios2-elf/lib/mno-hw-mul\libsmallc.a(lib_a-vfprintf.o)
 .debug_abbrev  0x00000627      0x179 c:/altera/11.1sp2/nios2eds/bin/gnu/h-i686-mingw32/bin/../lib/gcc/nios2-elf/4.1.2/../../../../nios2-elf/lib/mno-hw-mul\libsmallc.a(lib_a-fvwrite_small_dev.o)
 .debug_abbrev  0x000007a0      0x13f c:/altera/11.1sp2/nios2eds/bin/gnu/h-i686-mingw32/bin/../lib/gcc/nios2-elf/4.1.2/../../../../nios2-elf/lib/mno-hw-mul\libsmallc.a(lib_a-impure.o)
 .debug_abbrev  0x000008df      0x16c c:/altera/11.1sp2/nios2eds/bin/gnu/h-i686-mingw32/bin/../lib/gcc/nios2-elf/4.1.2/../../../../nios2-elf/lib/mno-hw-mul\libsmallc.a(lib_a-writer.o)
 .debug_abbrev  0x00000a4b       0x3b c:/altera/11.1sp2/nios2eds/bin/gnu/h-i686-mingw32/bin/../lib/gcc/nios2-elf/4.1.2/../../../../nios2-elf/lib/mno-hw-mul\libsmallc.a(lib_a-int_errno.o)
 .debug_abbrev  0x00000a86       0xe0 c:/altera/11.1sp2/nios2eds/bin/gnu/h-i686-mingw32/bin/../lib/gcc/nios2-elf/4.1.2/mno-hw-mul\libgcc.a(lib2-divmod.o)
 .debug_abbrev  0x00000b66       0x7b c:/altera/11.1sp2/nios2eds/bin/gnu/h-i686-mingw32/bin/../lib/gcc/nios2-elf/4.1.2/mno-hw-mul\libgcc.a(lib2-mul.o)
 .debug_abbrev  0x00000be1       0x97 ../Test1_bsp/\libhal_bsp.a(alt_load.o)
 .debug_abbrev  0x00000c78       0xa6 ../Test1_bsp/\libhal_bsp.a(alt_main.o)
 .debug_abbrev  0x00000d1e       0x5d ../Test1_bsp/\libhal_bsp.a(alt_usleep.o)
 .debug_abbrev  0x00000d7b       0xdd ../Test1_bsp/\libhal_bsp.a(alt_write.o)
 .debug_abbrev  0x00000e58       0xe3 ../Test1_bsp/\libhal_bsp.a(alt_sys_init.o)
 .debug_abbrev  0x00000f3b       0xf0 ../Test1_bsp/\libhal_bsp.a(altera_avalon_jtag_uart_write.o)
 .debug_abbrev  0x0000102b       0x79 ../Test1_bsp/\libhal_bsp.a(alt_busy_sleep.o)
 .debug_abbrev  0x000010a4       0x3f ../Test1_bsp/\libhal_bsp.a(alt_dcache_flush_all.o)
 .debug_abbrev  0x000010e3       0x5e ../Test1_bsp/\libhal_bsp.a(alt_errno.o)
 .debug_abbrev  0x00001141       0x3f ../Test1_bsp/\libhal_bsp.a(alt_icache_flush_all.o)
 .debug_abbrev  0x00001180       0x3f ../Test1_bsp/\libhal_bsp.a(altera_nios2_irq.o)

.debug_line     0x00000000     0x359a
 *(.debug_line)
 .debug_line    0x00000000       0x66 ../Test1_bsp//obj/HAL/src/crt0.o
 .debug_line    0x00000066      0x285 obj/default/hello_world_small.o
 .debug_line    0x000002eb      0x2be c:/altera/11.1sp2/nios2eds/bin/gnu/h-i686-mingw32/bin/../lib/gcc/nios2-elf/4.1.2/../../../../nios2-elf/lib/mno-hw-mul\libsmallc.a(lib_a-printf.o)
 .debug_line    0x000005a9      0x2b2 c:/altera/11.1sp2/nios2eds/bin/gnu/h-i686-mingw32/bin/../lib/gcc/nios2-elf/4.1.2/../../../../nios2-elf/lib/mno-hw-mul\libsmallc.a(lib_a-puts.o)
 .debug_line    0x0000085b      0x250 c:/altera/11.1sp2/nios2eds/bin/gnu/h-i686-mingw32/bin/../lib/gcc/nios2-elf/4.1.2/../../../../nios2-elf/lib/mno-hw-mul\libsmallc.a(lib_a-strlen.o)
 .debug_line    0x00000aab      0x5f3 c:/altera/11.1sp2/nios2eds/bin/gnu/h-i686-mingw32/bin/../lib/gcc/nios2-elf/4.1.2/../../../../nios2-elf/lib/mno-hw-mul\libsmallc.a(lib_a-vfprintf.o)
 .debug_line    0x0000109e      0x2a9 c:/altera/11.1sp2/nios2eds/bin/gnu/h-i686-mingw32/bin/../lib/gcc/nios2-elf/4.1.2/../../../../nios2-elf/lib/mno-hw-mul\libsmallc.a(lib_a-fvwrite_small_dev.o)
 .debug_line    0x00001347      0x230 c:/altera/11.1sp2/nios2eds/bin/gnu/h-i686-mingw32/bin/../lib/gcc/nios2-elf/4.1.2/../../../../nios2-elf/lib/mno-hw-mul\libsmallc.a(lib_a-impure.o)
 .debug_line    0x00001577      0x29d c:/altera/11.1sp2/nios2eds/bin/gnu/h-i686-mingw32/bin/../lib/gcc/nios2-elf/4.1.2/../../../../nios2-elf/lib/mno-hw-mul\libsmallc.a(lib_a-writer.o)
 .debug_line    0x00001814      0x1e2 c:/altera/11.1sp2/nios2eds/bin/gnu/h-i686-mingw32/bin/../lib/gcc/nios2-elf/4.1.2/../../../../nios2-elf/lib/mno-hw-mul\libsmallc.a(lib_a-int_errno.o)
 .debug_line    0x000019f6      0x24f c:/altera/11.1sp2/nios2eds/bin/gnu/h-i686-mingw32/bin/../lib/gcc/nios2-elf/4.1.2/mno-hw-mul\libgcc.a(lib2-divmod.o)
 .debug_line    0x00001c45      0x11a c:/altera/11.1sp2/nios2eds/bin/gnu/h-i686-mingw32/bin/../lib/gcc/nios2-elf/4.1.2/mno-hw-mul\libgcc.a(lib2-mul.o)
 .debug_line    0x00001d5f      0x217 ../Test1_bsp/\libhal_bsp.a(alt_load.o)
 .debug_line    0x00001f76      0x2c2 ../Test1_bsp/\libhal_bsp.a(alt_main.o)
 .debug_line    0x00002238      0x202 ../Test1_bsp/\libhal_bsp.a(alt_usleep.o)
 .debug_line    0x0000243a      0x2ab ../Test1_bsp/\libhal_bsp.a(alt_write.o)
 .debug_line    0x000026e5      0x286 ../Test1_bsp/\libhal_bsp.a(alt_sys_init.o)
 .debug_line    0x0000296b      0x2f4 ../Test1_bsp/\libhal_bsp.a(altera_avalon_jtag_uart_write.o)
 .debug_line    0x00002c5f      0x25e ../Test1_bsp/\libhal_bsp.a(alt_busy_sleep.o)
 .debug_line    0x00002ebd      0x1b5 ../Test1_bsp/\libhal_bsp.a(alt_dcache_flush_all.o)
 .debug_line    0x00003072      0x1aa ../Test1_bsp/\libhal_bsp.a(alt_errno.o)
 .debug_line    0x0000321c      0x1b5 ../Test1_bsp/\libhal_bsp.a(alt_icache_flush_all.o)
 .debug_line    0x000033d1      0x1c9 ../Test1_bsp/\libhal_bsp.a(altera_nios2_irq.o)

.debug_frame    0x00000000      0x39c
 *(.debug_frame)
 .debug_frame   0x00000000       0x28 obj/default/hello_world_small.o
 .debug_frame   0x00000028       0x40 c:/altera/11.1sp2/nios2eds/bin/gnu/h-i686-mingw32/bin/../lib/gcc/nios2-elf/4.1.2/../../../../nios2-elf/lib/mno-hw-mul\libsmallc.a(lib_a-printf.o)
 .debug_frame   0x00000068       0x3c c:/altera/11.1sp2/nios2eds/bin/gnu/h-i686-mingw32/bin/../lib/gcc/nios2-elf/4.1.2/../../../../nios2-elf/lib/mno-hw-mul\libsmallc.a(lib_a-puts.o)
 .debug_frame   0x000000a4       0x20 c:/altera/11.1sp2/nios2eds/bin/gnu/h-i686-mingw32/bin/../lib/gcc/nios2-elf/4.1.2/../../../../nios2-elf/lib/mno-hw-mul\libsmallc.a(lib_a-strlen.o)
 .debug_frame   0x000000c4       0x64 c:/altera/11.1sp2/nios2eds/bin/gnu/h-i686-mingw32/bin/../lib/gcc/nios2-elf/4.1.2/../../../../nios2-elf/lib/mno-hw-mul\libsmallc.a(lib_a-vfprintf.o)
 .debug_frame   0x00000128       0x30 c:/altera/11.1sp2/nios2eds/bin/gnu/h-i686-mingw32/bin/../lib/gcc/nios2-elf/4.1.2/../../../../nios2-elf/lib/mno-hw-mul\libsmallc.a(lib_a-fvwrite_small_dev.o)
 .debug_frame   0x00000158       0x2c c:/altera/11.1sp2/nios2eds/bin/gnu/h-i686-mingw32/bin/../lib/gcc/nios2-elf/4.1.2/../../../../nios2-elf/lib/mno-hw-mul\libsmallc.a(lib_a-writer.o)
 .debug_frame   0x00000184       0x70 c:/altera/11.1sp2/nios2eds/bin/gnu/h-i686-mingw32/bin/../lib/gcc/nios2-elf/4.1.2/mno-hw-mul\libgcc.a(lib2-divmod.o)
 .debug_frame   0x000001f4       0x20 c:/altera/11.1sp2/nios2eds/bin/gnu/h-i686-mingw32/bin/../lib/gcc/nios2-elf/4.1.2/mno-hw-mul\libgcc.a(lib2-mul.o)
 .debug_frame   0x00000214       0x38 ../Test1_bsp/\libhal_bsp.a(alt_load.o)
 .debug_frame   0x0000024c       0x28 ../Test1_bsp/\libhal_bsp.a(alt_main.o)
 .debug_frame   0x00000274       0x20 ../Test1_bsp/\libhal_bsp.a(alt_usleep.o)
 .debug_frame   0x00000294       0x28 ../Test1_bsp/\libhal_bsp.a(alt_write.o)
 .debug_frame   0x000002bc       0x38 ../Test1_bsp/\libhal_bsp.a(alt_sys_init.o)
 .debug_frame   0x000002f4       0x20 ../Test1_bsp/\libhal_bsp.a(altera_avalon_jtag_uart_write.o)
 .debug_frame   0x00000314       0x28 ../Test1_bsp/\libhal_bsp.a(alt_busy_sleep.o)
 .debug_frame   0x0000033c       0x20 ../Test1_bsp/\libhal_bsp.a(alt_dcache_flush_all.o)
 .debug_frame   0x0000035c       0x20 ../Test1_bsp/\libhal_bsp.a(alt_icache_flush_all.o)
 .debug_frame   0x0000037c       0x20 ../Test1_bsp/\libhal_bsp.a(altera_nios2_irq.o)

.debug_str      0x00000000      0xdc5
 *(.debug_str)
 .debug_str     0x00000000       0xbc obj/default/hello_world_small.o
                                 0xfa (size before relaxing)
 .debug_str     0x000000bc      0x3a3 c:/altera/11.1sp2/nios2eds/bin/gnu/h-i686-mingw32/bin/../lib/gcc/nios2-elf/4.1.2/../../../../nios2-elf/lib/mno-hw-mul\libsmallc.a(lib_a-printf.o)
                                0x466 (size before relaxing)
 .debug_str     0x0000045f       0x48 c:/altera/11.1sp2/nios2eds/bin/gnu/h-i686-mingw32/bin/../lib/gcc/nios2-elf/4.1.2/../../../../nios2-elf/lib/mno-hw-mul\libsmallc.a(lib_a-puts.o)
                                0x450 (size before relaxing)
 .debug_str     0x000004a7       0xe2 c:/altera/11.1sp2/nios2eds/bin/gnu/h-i686-mingw32/bin/../lib/gcc/nios2-elf/4.1.2/../../../../nios2-elf/lib/mno-hw-mul\libsmallc.a(lib_a-strlen.o)
                                0x184 (size before relaxing)
 .debug_str     0x00000589      0x115 c:/altera/11.1sp2/nios2eds/bin/gnu/h-i686-mingw32/bin/../lib/gcc/nios2-elf/4.1.2/../../../../nios2-elf/lib/mno-hw-mul\libsmallc.a(lib_a-vfprintf.o)
                                0x562 (size before relaxing)
 .debug_str     0x0000069e       0x70 c:/altera/11.1sp2/nios2eds/bin/gnu/h-i686-mingw32/bin/../lib/gcc/nios2-elf/4.1.2/../../../../nios2-elf/lib/mno-hw-mul\libsmallc.a(lib_a-fvwrite_small_dev.o)
                                0x46a (size before relaxing)
 .debug_str     0x0000070e       0xf8 c:/altera/11.1sp2/nios2eds/bin/gnu/h-i686-mingw32/bin/../lib/gcc/nios2-elf/4.1.2/../../../../nios2-elf/lib/mno-hw-mul\libsmallc.a(lib_a-impure.o)
                                0x45d (size before relaxing)
 .debug_str     0x00000806       0x4f c:/altera/11.1sp2/nios2eds/bin/gnu/h-i686-mingw32/bin/../lib/gcc/nios2-elf/4.1.2/../../../../nios2-elf/lib/mno-hw-mul\libsmallc.a(lib_a-writer.o)
                                0x451 (size before relaxing)
 .debug_str     0x00000855       0x40 c:/altera/11.1sp2/nios2eds/bin/gnu/h-i686-mingw32/bin/../lib/gcc/nios2-elf/4.1.2/../../../../nios2-elf/lib/mno-hw-mul\libsmallc.a(lib_a-int_errno.o)
                                0x177 (size before relaxing)
 .debug_str     0x00000895      0x10b c:/altera/11.1sp2/nios2eds/bin/gnu/h-i686-mingw32/bin/../lib/gcc/nios2-elf/4.1.2/mno-hw-mul\libgcc.a(lib2-divmod.o)
                                0x1b4 (size before relaxing)
 .debug_str     0x000009a0       0x37 c:/altera/11.1sp2/nios2eds/bin/gnu/h-i686-mingw32/bin/../lib/gcc/nios2-elf/4.1.2/mno-hw-mul\libgcc.a(lib2-mul.o)
                                0x175 (size before relaxing)
 .debug_str     0x000009d7      0x141 ../Test1_bsp/\libhal_bsp.a(alt_load.o)
                                0x1d6 (size before relaxing)
 .debug_str     0x00000b18       0x70 ../Test1_bsp/\libhal_bsp.a(alt_main.o)
                                0x15a (size before relaxing)
 .debug_str     0x00000b88       0x27 ../Test1_bsp/\libhal_bsp.a(alt_usleep.o)
                                0x10c (size before relaxing)
 .debug_str     0x00000baf       0x58 ../Test1_bsp/\libhal_bsp.a(alt_write.o)
                                0x186 (size before relaxing)
 .debug_str     0x00000c07       0x85 ../Test1_bsp/\libhal_bsp.a(alt_sys_init.o)
                                0x1cf (size before relaxing)
 .debug_str     0x00000c8c       0x4a ../Test1_bsp/\libhal_bsp.a(altera_avalon_jtag_uart_write.o)
                                0x1d2 (size before relaxing)
 .debug_str     0x00000cd6       0x42 ../Test1_bsp/\libhal_bsp.a(alt_busy_sleep.o)
                                0x12f (size before relaxing)
 .debug_str     0x00000d18       0x34 ../Test1_bsp/\libhal_bsp.a(alt_dcache_flush_all.o)
                                0x119 (size before relaxing)
 .debug_str     0x00000d4c       0x14 ../Test1_bsp/\libhal_bsp.a(alt_errno.o)
                                0x109 (size before relaxing)
 .debug_str     0x00000d60       0x34 ../Test1_bsp/\libhal_bsp.a(alt_icache_flush_all.o)
                                0x119 (size before relaxing)
 .debug_str     0x00000d94       0x31 ../Test1_bsp/\libhal_bsp.a(altera_nios2_irq.o)
                                0x116 (size before relaxing)

.debug_loc      0x00000000      0xdf0
 *(.debug_loc)
 .debug_loc     0x00000000       0x50 obj/default/hello_world_small.o
 .debug_loc     0x00000050       0x8d c:/altera/11.1sp2/nios2eds/bin/gnu/h-i686-mingw32/bin/../lib/gcc/nios2-elf/4.1.2/../../../../nios2-elf/lib/mno-hw-mul\libsmallc.a(lib_a-printf.o)
 .debug_loc     0x000000dd       0xa2 c:/altera/11.1sp2/nios2eds/bin/gnu/h-i686-mingw32/bin/../lib/gcc/nios2-elf/4.1.2/../../../../nios2-elf/lib/mno-hw-mul\libsmallc.a(lib_a-puts.o)
 .debug_loc     0x0000017f       0x1e c:/altera/11.1sp2/nios2eds/bin/gnu/h-i686-mingw32/bin/../lib/gcc/nios2-elf/4.1.2/../../../../nios2-elf/lib/mno-hw-mul\libsmallc.a(lib_a-strlen.o)
 .debug_loc     0x0000019d      0x6a6 c:/altera/11.1sp2/nios2eds/bin/gnu/h-i686-mingw32/bin/../lib/gcc/nios2-elf/4.1.2/../../../../nios2-elf/lib/mno-hw-mul\libsmallc.a(lib_a-vfprintf.o)
 .debug_loc     0x00000843      0x162 c:/altera/11.1sp2/nios2eds/bin/gnu/h-i686-mingw32/bin/../lib/gcc/nios2-elf/4.1.2/../../../../nios2-elf/lib/mno-hw-mul\libsmallc.a(lib_a-fvwrite_small_dev.o)
 .debug_loc     0x000009a5       0x97 c:/altera/11.1sp2/nios2eds/bin/gnu/h-i686-mingw32/bin/../lib/gcc/nios2-elf/4.1.2/../../../../nios2-elf/lib/mno-hw-mul\libsmallc.a(lib_a-writer.o)
 .debug_loc     0x00000a3c      0x1d2 c:/altera/11.1sp2/nios2eds/bin/gnu/h-i686-mingw32/bin/../lib/gcc/nios2-elf/4.1.2/mno-hw-mul\libgcc.a(lib2-divmod.o)
 .debug_loc     0x00000c0e       0x4f c:/altera/11.1sp2/nios2eds/bin/gnu/h-i686-mingw32/bin/../lib/gcc/nios2-elf/4.1.2/mno-hw-mul\libgcc.a(lib2-mul.o)
 .debug_loc     0x00000c5d       0x1f ../Test1_bsp/\libhal_bsp.a(alt_load.o)
 .debug_loc     0x00000c7c       0x1f ../Test1_bsp/\libhal_bsp.a(alt_main.o)
 .debug_loc     0x00000c9b       0x13 ../Test1_bsp/\libhal_bsp.a(alt_usleep.o)
 .debug_loc     0x00000cae       0x9a ../Test1_bsp/\libhal_bsp.a(alt_write.o)
 .debug_loc     0x00000d48       0x32 ../Test1_bsp/\libhal_bsp.a(alt_sys_init.o)
 .debug_loc     0x00000d7a       0x26 ../Test1_bsp/\libhal_bsp.a(altera_avalon_jtag_uart_write.o)
 .debug_loc     0x00000da0       0x50 ../Test1_bsp/\libhal_bsp.a(alt_busy_sleep.o)

.debug_macinfo
 *(.debug_macinfo)

.debug_weaknames
 *(.debug_weaknames)

.debug_funcnames
 *(.debug_funcnames)

.debug_typenames
 *(.debug_typenames)

.debug_varnames
 *(.debug_varnames)

.debug_alt_sim_info
                0x00000000       0x40
 *(.debug_alt_sim_info)
 .debug_alt_sim_info
                0x00000000       0x10 ../Test1_bsp//obj/HAL/src/crt0.o
 .debug_alt_sim_info
                0x00000010       0x30 ../Test1_bsp/\libhal_bsp.a(alt_busy_sleep.o)
                0x0000ce20                __alt_data_end = 0xce20
                0x0000ce20                PROVIDE (__alt_stack_pointer, __alt_data_end)
                0x00009104                PROVIDE (__alt_stack_limit, __alt_stack_base)
                0x00009104                PROVIDE (__alt_heap_start, end)
                0x0000ce20                PROVIDE (__alt_heap_limit, 0xce20)
OUTPUT(Test1.elf elf32-littlenios2)

.debug_ranges   0x00000000       0xc8
 .debug_ranges  0x00000000       0x20 ../Test1_bsp//obj/HAL/src/crt0.o
 .debug_ranges  0x00000020       0xa8 c:/altera/11.1sp2/nios2eds/bin/gnu/h-i686-mingw32/bin/../lib/gcc/nios2-elf/4.1.2/../../../../nios2-elf/lib/mno-hw-mul\libsmallc.a(lib_a-vfprintf.o)
