--------------------------------------------------------------------------------------
Timing Analyzer Summary
--------------------------------------------------------------------------------------

Type           : Worst-case tco
Slack          : N/A
Required Time  : None
Actual Time    : 11.479 ns
From           : compteur_bcd:U1_cpt|Cpt_interne[2]
To             : led_bcd[2]
From Clock     : Clk_I
To Clock       : --
Failed Paths   : 0

Type           : Clock Setup: 'Clk_I'
Slack          : N/A
Required Time  : None
Actual Time    : 234.96 MHz ( period = 4.256 ns )
From           : diviseur:U0_div|cpt[14]
To             : diviseur:U0_div|clk_Oo
From Clock     : Clk_I
To Clock       : Clk_I
Failed Paths   : 0

Type           : Total number of failed paths
Slack          : 
Required Time  : 
Actual Time    : 
From           : 
To             : 
From Clock     : 
To Clock       : 
Failed Paths   : 0

--------------------------------------------------------------------------------------

