------------------------------------------------------------
TimeQuest Timing Analyzer Summary
------------------------------------------------------------

Type  : Slow Model Setup 'clk'
Slack : -3.014
TNS   : -80.763

Type  : Slow Model Setup 'diviseur1ms:U0_div1000|clk_Oo'
Slack : -0.887
TNS   : -4.830

Type  : Slow Model Hold 'clk'
Slack : -2.485
TNS   : -2.485

Type  : Slow Model Hold 'diviseur1ms:U0_div1000|clk_Oo'
Slack : 0.528
TNS   : 0.000

Type  : Slow Model Minimum Pulse Width 'clk'
Slack : -1.222
TNS   : -38.222

Type  : Slow Model Minimum Pulse Width 'diviseur1ms:U0_div1000|clk_Oo'
Slack : -0.500
TNS   : -16.000

Type  : Fast Model Setup 'clk'
Slack : -0.842
TNS   : -19.610

Type  : Fast Model Setup 'diviseur1ms:U0_div1000|clk_Oo'
Slack : 0.155
TNS   : 0.000

Type  : Fast Model Hold 'clk'
Slack : -1.598
TNS   : -1.598

Type  : Fast Model Hold 'diviseur1ms:U0_div1000|clk_Oo'
Slack : 0.245
TNS   : 0.000

Type  : Fast Model Minimum Pulse Width 'clk'
Slack : -1.222
TNS   : -38.222

Type  : Fast Model Minimum Pulse Width 'diviseur1ms:U0_div1000|clk_Oo'
Slack : -0.500
TNS   : -16.000

------------------------------------------------------------
