Archive member included because of file (symbol)

c:/altera/11.1sp2/nios2eds/bin/gnu/h-i686-mingw32/bin/../lib/gcc/nios2-elf/4.1.2/../../../../nios2-elf/lib/mno-hw-mul\libsmallc.a(lib_a-printf.o)
                              obj/default/hello_world_small.o (printf)
c:/altera/11.1sp2/nios2eds/bin/gnu/h-i686-mingw32/bin/../lib/gcc/nios2-elf/4.1.2/../../../../nios2-elf/lib/mno-hw-mul\libsmallc.a(lib_a-vfprintf.o)
                              c:/altera/11.1sp2/nios2eds/bin/gnu/h-i686-mingw32/bin/../lib/gcc/nios2-elf/4.1.2/../../../../nios2-elf/lib/mno-hw-mul\libsmallc.a(lib_a-printf.o) (___vfprintf_internal_r)
c:/altera/11.1sp2/nios2eds/bin/gnu/h-i686-mingw32/bin/../lib/gcc/nios2-elf/4.1.2/../../../../nios2-elf/lib/mno-hw-mul\libsmallc.a(lib_a-fvwrite_small_dev.o)
                              c:/altera/11.1sp2/nios2eds/bin/gnu/h-i686-mingw32/bin/../lib/gcc/nios2-elf/4.1.2/../../../../nios2-elf/lib/mno-hw-mul\libsmallc.a(lib_a-printf.o) (__sfvwrite_small_dev)
c:/altera/11.1sp2/nios2eds/bin/gnu/h-i686-mingw32/bin/../lib/gcc/nios2-elf/4.1.2/../../../../nios2-elf/lib/mno-hw-mul\libsmallc.a(lib_a-impure.o)
                              c:/altera/11.1sp2/nios2eds/bin/gnu/h-i686-mingw32/bin/../lib/gcc/nios2-elf/4.1.2/../../../../nios2-elf/lib/mno-hw-mul\libsmallc.a(lib_a-printf.o) (_impure_ptr)
c:/altera/11.1sp2/nios2eds/bin/gnu/h-i686-mingw32/bin/../lib/gcc/nios2-elf/4.1.2/../../../../nios2-elf/lib/mno-hw-mul\libsmallc.a(lib_a-strlen.o)
                              c:/altera/11.1sp2/nios2eds/bin/gnu/h-i686-mingw32/bin/../lib/gcc/nios2-elf/4.1.2/../../../../nios2-elf/lib/mno-hw-mul\libsmallc.a(lib_a-vfprintf.o) (strlen)
c:/altera/11.1sp2/nios2eds/bin/gnu/h-i686-mingw32/bin/../lib/gcc/nios2-elf/4.1.2/../../../../nios2-elf/lib/mno-hw-mul\libsmallc.a(lib_a-writer.o)
                              c:/altera/11.1sp2/nios2eds/bin/gnu/h-i686-mingw32/bin/../lib/gcc/nios2-elf/4.1.2/../../../../nios2-elf/lib/mno-hw-mul\libsmallc.a(lib_a-fvwrite_small_dev.o) (_write_r)
c:/altera/11.1sp2/nios2eds/bin/gnu/h-i686-mingw32/bin/../lib/gcc/nios2-elf/4.1.2/../../../../nios2-elf/lib/mno-hw-mul\libsmallc.a(lib_a-int_errno.o)
                              c:/altera/11.1sp2/nios2eds/bin/gnu/h-i686-mingw32/bin/../lib/gcc/nios2-elf/4.1.2/../../../../nios2-elf/lib/mno-hw-mul\libsmallc.a(lib_a-writer.o) (errno)
c:/altera/11.1sp2/nios2eds/bin/gnu/h-i686-mingw32/bin/../lib/gcc/nios2-elf/4.1.2/mno-hw-mul\libgcc.a(lib2-divmod.o)
                              c:/altera/11.1sp2/nios2eds/bin/gnu/h-i686-mingw32/bin/../lib/gcc/nios2-elf/4.1.2/../../../../nios2-elf/lib/mno-hw-mul\libsmallc.a(lib_a-vfprintf.o) (__udivsi3)
c:/altera/11.1sp2/nios2eds/bin/gnu/h-i686-mingw32/bin/../lib/gcc/nios2-elf/4.1.2/mno-hw-mul\libgcc.a(lib2-mul.o)
                              c:/altera/11.1sp2/nios2eds/bin/gnu/h-i686-mingw32/bin/../lib/gcc/nios2-elf/4.1.2/../../../../nios2-elf/lib/mno-hw-mul\libsmallc.a(lib_a-vfprintf.o) (__mulsi3)
../TestNMEA_bsp/\libhal_bsp.a(alt_load.o)
                              ../TestNMEA_bsp//obj/HAL/src/crt0.o (alt_load)
../TestNMEA_bsp/\libhal_bsp.a(alt_main.o)
                              ../TestNMEA_bsp//obj/HAL/src/crt0.o (alt_main)
../TestNMEA_bsp/\libhal_bsp.a(alt_putstr.o)
                              obj/default/hello_world_small.o (alt_putstr)
../TestNMEA_bsp/\libhal_bsp.a(alt_write.o)
                              c:/altera/11.1sp2/nios2eds/bin/gnu/h-i686-mingw32/bin/../lib/gcc/nios2-elf/4.1.2/../../../../nios2-elf/lib/mno-hw-mul\libsmallc.a(lib_a-writer.o) (write)
../TestNMEA_bsp/\libhal_bsp.a(alt_sys_init.o)
                              ../TestNMEA_bsp/\libhal_bsp.a(alt_main.o) (alt_sys_init)
../TestNMEA_bsp/\libhal_bsp.a(altera_avalon_jtag_uart_write.o)
                              ../TestNMEA_bsp/\libhal_bsp.a(alt_putstr.o) (altera_avalon_jtag_uart_write)
../TestNMEA_bsp/\libhal_bsp.a(alt_dcache_flush_all.o)
                              ../TestNMEA_bsp/\libhal_bsp.a(alt_load.o) (alt_dcache_flush_all)
../TestNMEA_bsp/\libhal_bsp.a(alt_errno.o)
                              ../TestNMEA_bsp/\libhal_bsp.a(alt_write.o) (alt_errno)
../TestNMEA_bsp/\libhal_bsp.a(alt_icache_flush_all.o)
                              ../TestNMEA_bsp/\libhal_bsp.a(alt_load.o) (alt_icache_flush_all)
../TestNMEA_bsp/\libhal_bsp.a(altera_nios2_irq.o)
                              ../TestNMEA_bsp/\libhal_bsp.a(alt_sys_init.o) (altera_nios2_irq_init)

Allocating common symbols
Common symbol       size              file

errno               0x4               c:/altera/11.1sp2/nios2eds/bin/gnu/h-i686-mingw32/bin/../lib/gcc/nios2-elf/4.1.2/../../../../nios2-elf/lib/mno-hw-mul\libsmallc.a(lib_a-int_errno.o)

Memory Configuration

Name             Origin             Length             Attributes
reset            0x00008000         0x00000020
onchip_memory2_0 0x00008020         0x00004e00
*default*        0x00000000         0xffffffff

Linker script and memory map

LOAD ../TestNMEA_bsp//obj/HAL/src/crt0.o
                0x0000800c                exit = _exit
LOAD obj/default/hello_world_small.o
LOAD c:/altera/11.1sp2/nios2eds/bin/gnu/h-i686-mingw32/bin/../lib/gcc/nios2-elf/4.1.2/../../../../nios2-elf/lib/mno-hw-mul\libstdc++.a
LOAD c:/altera/11.1sp2/nios2eds/bin/gnu/h-i686-mingw32/bin/../lib/gcc/nios2-elf/4.1.2/../../../../nios2-elf/lib/mno-hw-mul\libm.a
LOAD c:/altera/11.1sp2/nios2eds/bin/gnu/h-i686-mingw32/bin/../lib/gcc/nios2-elf/4.1.2/mno-hw-mul\libgcc.a
START GROUP
LOAD c:/altera/11.1sp2/nios2eds/bin/gnu/h-i686-mingw32/bin/../lib/gcc/nios2-elf/4.1.2/../../../../nios2-elf/lib/mno-hw-mul\libsmallc.a
LOAD c:/altera/11.1sp2/nios2eds/bin/gnu/h-i686-mingw32/bin/../lib/gcc/nios2-elf/4.1.2/mno-hw-mul\libgcc.a
LOAD ../TestNMEA_bsp/\libhal_bsp.a
END GROUP
LOAD c:/altera/11.1sp2/nios2eds/bin/gnu/h-i686-mingw32/bin/../lib/gcc/nios2-elf/4.1.2/mno-hw-mul\libgcc.a
                0x00008000                __alt_mem_onchip_memory2_0 = 0x8000

.entry          0x00008000       0x20
 *(.entry)
 .entry         0x00008000       0x20 ../TestNMEA_bsp//obj/HAL/src/crt0.o
                0x00008000                __reset
                0x0000800c                _exit

.exceptions     0x00008020        0x0
                0x00008020                PROVIDE (__ram_exceptions_start, ABSOLUTE (.))
                0x00008020                . = ALIGN (0x20)
 *(.irq)
 *(.exceptions.entry.label)
 *(.exceptions.entry.user)
 *(.exceptions.entry)
 *(.exceptions.irqtest.user)
 *(.exceptions.irqtest)
 *(.exceptions.irqhandler.user)
 *(.exceptions.irqhandler)
 *(.exceptions.irqreturn.user)
 *(.exceptions.irqreturn)
 *(.exceptions.notirq.label)
 *(.exceptions.notirq.user)
 *(.exceptions.notirq)
 *(.exceptions.soft.user)
 *(.exceptions.soft)
 *(.exceptions.unknown.user)
 *(.exceptions.unknown)
 *(.exceptions.exit.label)
 *(.exceptions.exit.user)
 *(.exceptions.exit)
 *(.exceptions)
                0x00008020                PROVIDE (__ram_exceptions_end, ABSOLUTE (.))
                0x00008020                PROVIDE (__flash_exceptions_start, LOADADDR (.exceptions))

.text           0x00008020      0xd4c
                0x00008020                PROVIDE (stext, ABSOLUTE (.))
 *(.interp)
 *(.hash)
 *(.dynsym)
 *(.dynstr)
 *(.gnu.version)
 *(.gnu.version_d)
 *(.gnu.version_r)
 *(.rel.init)
 *(.rela.init)
 *(.rel.text .rel.text.* .rel.gnu.linkonce.t.*)
 *(.rela.text .rela.text.* .rela.gnu.linkonce.t.*)
 *(.rel.fini)
 *(.rela.fini)
 *(.rel.rodata .rel.rodata.* .rel.gnu.linkonce.r.*)
 *(.rela.rodata .rela.rodata.* .rela.gnu.linkonce.r.*)
 *(.rel.data .rel.data.* .rel.gnu.linkonce.d.*)
 *(.rela.data .rela.data.* .rela.gnu.linkonce.d.*)
 *(.rel.tdata .rel.tdata.* .rel.gnu.linkonce.td.*)
 *(.rela.tdata .rela.tdata.* .rela.gnu.linkonce.td.*)
 *(.rel.tbss .rel.tbss.* .rel.gnu.linkonce.tb.*)
 *(.rela.tbss .rela.tbss.* .rela.gnu.linkonce.tb.*)
 *(.rel.ctors)
 *(.rela.ctors)
 *(.rel.dtors)
 *(.rela.dtors)
 *(.rel.got)
 *(.rela.got)
 *(.rel.sdata .rel.sdata.* .rel.gnu.linkonce.s.*)
 *(.rela.sdata .rela.sdata.* .rela.gnu.linkonce.s.*)
 *(.rel.sbss .rel.sbss.* .rel.gnu.linkonce.sb.*)
 *(.rela.sbss .rela.sbss.* .rela.gnu.linkonce.sb.*)
 *(.rel.sdata2 .rel.sdata2.* .rel.gnu.linkonce.s2.*)
 *(.rela.sdata2 .rela.sdata2.* .rela.gnu.linkonce.s2.*)
 *(.rel.sbss2 .rel.sbss2.* .rel.gnu.linkonce.sb2.*)
 *(.rela.sbss2 .rela.sbss2.* .rela.gnu.linkonce.sb2.*)
 *(.rel.bss .rel.bss.* .rel.gnu.linkonce.b.*)
 *(.rela.bss .rela.bss.* .rela.gnu.linkonce.b.*)
 *(.rel.plt)
 *(.rela.plt)
 *(.rel.dyn)
 *(.init)
 *(.plt)
 *(.text .stub .text.* .gnu.linkonce.t.*)
 .text          0x00008020       0x3c ../TestNMEA_bsp//obj/HAL/src/crt0.o
                0x00008020                _start
 .text          0x0000805c      0x12c obj/default/hello_world_small.o
                0x0000805c                main
 .text          0x00008188       0x98 c:/altera/11.1sp2/nios2eds/bin/gnu/h-i686-mingw32/bin/../lib/gcc/nios2-elf/4.1.2/../../../../nios2-elf/lib/mno-hw-mul\libsmallc.a(lib_a-printf.o)
                0x00008188                printf
                0x000081dc                _printf_r
 .text          0x00008220      0x6a4 c:/altera/11.1sp2/nios2eds/bin/gnu/h-i686-mingw32/bin/../lib/gcc/nios2-elf/4.1.2/../../../../nios2-elf/lib/mno-hw-mul\libsmallc.a(lib_a-vfprintf.o)
                0x000082a0                ___vfprintf_internal_r
                0x000088a0                __vfprintf_internal
 .text          0x000088c4       0xbc c:/altera/11.1sp2/nios2eds/bin/gnu/h-i686-mingw32/bin/../lib/gcc/nios2-elf/4.1.2/../../../../nios2-elf/lib/mno-hw-mul\libsmallc.a(lib_a-fvwrite_small_dev.o)
                0x000088c4                __sfvwrite_small_dev
 .text          0x00008980        0x0 c:/altera/11.1sp2/nios2eds/bin/gnu/h-i686-mingw32/bin/../lib/gcc/nios2-elf/4.1.2/../../../../nios2-elf/lib/mno-hw-mul\libsmallc.a(lib_a-impure.o)
 .text          0x00008980       0x20 c:/altera/11.1sp2/nios2eds/bin/gnu/h-i686-mingw32/bin/../lib/gcc/nios2-elf/4.1.2/../../../../nios2-elf/lib/mno-hw-mul\libsmallc.a(lib_a-strlen.o)
                0x00008980                strlen
 .text          0x000089a0       0x78 c:/altera/11.1sp2/nios2eds/bin/gnu/h-i686-mingw32/bin/../lib/gcc/nios2-elf/4.1.2/../../../../nios2-elf/lib/mno-hw-mul\libsmallc.a(lib_a-writer.o)
                0x000089a0                _write_r
 .text          0x00008a18        0x0 c:/altera/11.1sp2/nios2eds/bin/gnu/h-i686-mingw32/bin/../lib/gcc/nios2-elf/4.1.2/../../../../nios2-elf/lib/mno-hw-mul\libsmallc.a(lib_a-int_errno.o)
 .text          0x00008a18      0x14c c:/altera/11.1sp2/nios2eds/bin/gnu/h-i686-mingw32/bin/../lib/gcc/nios2-elf/4.1.2/mno-hw-mul\libgcc.a(lib2-divmod.o)
                0x00008a94                __divsi3
                0x00008af4                __modsi3
                0x00008b54                __udivsi3
                0x00008b5c                __umodsi3
 .text          0x00008b64       0x38 c:/altera/11.1sp2/nios2eds/bin/gnu/h-i686-mingw32/bin/../lib/gcc/nios2-elf/4.1.2/mno-hw-mul\libgcc.a(lib2-mul.o)
                0x00008b64                __mulsi3
 .text          0x00008b9c       0x8c ../TestNMEA_bsp/\libhal_bsp.a(alt_load.o)
                0x00008bbc                alt_load
 .text          0x00008c28       0x2c ../TestNMEA_bsp/\libhal_bsp.a(alt_main.o)
                0x00008c28                alt_main
 .text          0x00008c54       0x38 ../TestNMEA_bsp/\libhal_bsp.a(alt_putstr.o)
                0x00008c54                alt_putstr
 .text          0x00008c8c       0x78 ../TestNMEA_bsp/\libhal_bsp.a(alt_write.o)
                0x00008c8c                write
 .text          0x00008d04       0x24 ../TestNMEA_bsp/\libhal_bsp.a(alt_sys_init.o)
                0x00008d04                alt_sys_init
                0x00008d08                alt_irq_init
 .text          0x00008d28       0x34 ../TestNMEA_bsp/\libhal_bsp.a(altera_avalon_jtag_uart_write.o)
                0x00008d28                altera_avalon_jtag_uart_write
 .text          0x00008d5c        0x4 ../TestNMEA_bsp/\libhal_bsp.a(alt_dcache_flush_all.o)
                0x00008d5c                alt_dcache_flush_all
 .text          0x00008d60        0x0 ../TestNMEA_bsp/\libhal_bsp.a(alt_errno.o)
 .text          0x00008d60        0x4 ../TestNMEA_bsp/\libhal_bsp.a(alt_icache_flush_all.o)
                0x00008d60                alt_icache_flush_all
 .text          0x00008d64        0x8 ../TestNMEA_bsp/\libhal_bsp.a(altera_nios2_irq.o)
                0x00008d64                altera_nios2_irq_init
 *(.gnu.warning.*)
 *(.fini)
                0x00008d6c                PROVIDE (__etext, ABSOLUTE (.))
                0x00008d6c                PROVIDE (_etext, ABSOLUTE (.))
                0x00008d6c                PROVIDE (etext, ABSOLUTE (.))
 *(.eh_frame_hdr)
                0x00008d6c                . = ALIGN (0x4)
                0x00008d6c                PROVIDE (__preinit_array_start, ABSOLUTE (.))
 *(.preinit_array)
                0x00008d6c                PROVIDE (__preinit_array_end, ABSOLUTE (.))
                0x00008d6c                PROVIDE (__init_array_start, ABSOLUTE (.))
 *(.init_array)
                0x00008d6c                PROVIDE (__init_array_end, ABSOLUTE (.))
                0x00008d6c                PROVIDE (__fini_array_start, ABSOLUTE (.))
 *(.fini_array)
                0x00008d6c                PROVIDE (__fini_array_end, ABSOLUTE (.))
 *(.eh_frame)
 *(.gcc_except_table)
 *(.dynamic)
                0x00008d6c                PROVIDE (__CTOR_LIST__, ABSOLUTE (.))
 *(.ctors)
 *(SORT(.ctors.*))
                0x00008d6c                PROVIDE (__CTOR_END__, ABSOLUTE (.))
                0x00008d6c                PROVIDE (__DTOR_LIST__, ABSOLUTE (.))
 *(.dtors)
 *(SORT(.dtors.*))
                0x00008d6c                PROVIDE (__DTOR_END__, ABSOLUTE (.))
 *(.jcr)
                0x00008d6c                . = ALIGN (0x4)

.rodata         0x00008d6c       0x64
                0x00008d6c                PROVIDE (__ram_rodata_start, ABSOLUTE (.))
                0x00008d6c                . = ALIGN (0x4)
 *(.rodata .rodata.* .gnu.linkonce.r.*)
 .rodata.str1.4
                0x00008d6c       0x64 obj/default/hello_world_small.o
 *(.rodata1)
                0x00008dd0                . = ALIGN (0x4)
                0x00008dd0                PROVIDE (__ram_rodata_end, ABSOLUTE (.))
                0x00008d6c                PROVIDE (__flash_rodata_start, LOADADDR (.rodata))

.rwdata         0x00008dd0       0xf0 load address 0x00008ec0
                0x00008dd0                PROVIDE (__ram_rwdata_start, ABSOLUTE (.))
                0x00008dd0                . = ALIGN (0x4)
 *(.got.plt)
 *(.got)
 *(.data1)
 *(.data .data.* .gnu.linkonce.d.*)
 .data          0x00008dd0        0x0 ../TestNMEA_bsp//obj/HAL/src/crt0.o
 .data          0x00008dd0        0x0 obj/default/hello_world_small.o
 .data          0x00008dd0        0x0 c:/altera/11.1sp2/nios2eds/bin/gnu/h-i686-mingw32/bin/../lib/gcc/nios2-elf/4.1.2/../../../../nios2-elf/lib/mno-hw-mul\libsmallc.a(lib_a-printf.o)
 .data          0x00008dd0        0x0 c:/altera/11.1sp2/nios2eds/bin/gnu/h-i686-mingw32/bin/../lib/gcc/nios2-elf/4.1.2/../../../../nios2-elf/lib/mno-hw-mul\libsmallc.a(lib_a-vfprintf.o)
 .data          0x00008dd0        0x0 c:/altera/11.1sp2/nios2eds/bin/gnu/h-i686-mingw32/bin/../lib/gcc/nios2-elf/4.1.2/../../../../nios2-elf/lib/mno-hw-mul\libsmallc.a(lib_a-fvwrite_small_dev.o)
 .data          0x00008dd0       0xe0 c:/altera/11.1sp2/nios2eds/bin/gnu/h-i686-mingw32/bin/../lib/gcc/nios2-elf/4.1.2/../../../../nios2-elf/lib/mno-hw-mul\libsmallc.a(lib_a-impure.o)
 .data          0x00008eb0        0x0 c:/altera/11.1sp2/nios2eds/bin/gnu/h-i686-mingw32/bin/../lib/gcc/nios2-elf/4.1.2/../../../../nios2-elf/lib/mno-hw-mul\libsmallc.a(lib_a-strlen.o)
 .data          0x00008eb0        0x0 c:/altera/11.1sp2/nios2eds/bin/gnu/h-i686-mingw32/bin/../lib/gcc/nios2-elf/4.1.2/../../../../nios2-elf/lib/mno-hw-mul\libsmallc.a(lib_a-writer.o)
 .data          0x00008eb0        0x0 c:/altera/11.1sp2/nios2eds/bin/gnu/h-i686-mingw32/bin/../lib/gcc/nios2-elf/4.1.2/../../../../nios2-elf/lib/mno-hw-mul\libsmallc.a(lib_a-int_errno.o)
 .data          0x00008eb0        0x0 c:/altera/11.1sp2/nios2eds/bin/gnu/h-i686-mingw32/bin/../lib/gcc/nios2-elf/4.1.2/mno-hw-mul\libgcc.a(lib2-divmod.o)
 .data          0x00008eb0        0x0 c:/altera/11.1sp2/nios2eds/bin/gnu/h-i686-mingw32/bin/../lib/gcc/nios2-elf/4.1.2/mno-hw-mul\libgcc.a(lib2-mul.o)
 .data          0x00008eb0        0x0 ../TestNMEA_bsp/\libhal_bsp.a(alt_load.o)
 .data          0x00008eb0        0x0 ../TestNMEA_bsp/\libhal_bsp.a(alt_main.o)
 .data          0x00008eb0        0x0 ../TestNMEA_bsp/\libhal_bsp.a(alt_putstr.o)
 .data          0x00008eb0        0x0 ../TestNMEA_bsp/\libhal_bsp.a(alt_write.o)
 .data          0x00008eb0        0x0 ../TestNMEA_bsp/\libhal_bsp.a(alt_sys_init.o)
 .data          0x00008eb0        0x0 ../TestNMEA_bsp/\libhal_bsp.a(altera_avalon_jtag_uart_write.o)
 .data          0x00008eb0        0x0 ../TestNMEA_bsp/\libhal_bsp.a(alt_dcache_flush_all.o)
 .data          0x00008eb0        0x0 ../TestNMEA_bsp/\libhal_bsp.a(alt_errno.o)
 .data          0x00008eb0        0x0 ../TestNMEA_bsp/\libhal_bsp.a(alt_icache_flush_all.o)
 .data          0x00008eb0        0x0 ../TestNMEA_bsp/\libhal_bsp.a(altera_nios2_irq.o)
                0x00010eb0                _gp = ABSOLUTE ((. + 0x8000))
                0x00010eb0                PROVIDE (gp, _gp)
 *(.rwdata .rwdata.*)
 *(.sdata .sdata.* .gnu.linkonce.s.*)
 .sdata         0x00008eb0        0x8 c:/altera/11.1sp2/nios2eds/bin/gnu/h-i686-mingw32/bin/../lib/gcc/nios2-elf/4.1.2/../../../../nios2-elf/lib/mno-hw-mul\libsmallc.a(lib_a-impure.o)
                0x00008eb0                _impure_ptr
                0x00008eb4                _global_impure_ptr
 .sdata         0x00008eb8        0x4 ../TestNMEA_bsp/\libhal_bsp.a(alt_sys_init.o)
                0x00008eb8                jtag_uart_0
 .sdata         0x00008ebc        0x4 ../TestNMEA_bsp/\libhal_bsp.a(alt_errno.o)
                0x00008ebc                alt_errno
 *(.sdata2 .sdata2.* .gnu.linkonce.s2.*)
                0x00008ec0                . = ALIGN (0x4)
                0x00008ec0                _edata = ABSOLUTE (.)
                0x00008ec0                PROVIDE (edata, ABSOLUTE (.))
                0x00008ec0                PROVIDE (__ram_rwdata_end, ABSOLUTE (.))
                0x00008ec0                PROVIDE (__flash_rwdata_start, LOADADDR (.rwdata))

.bss            0x00008fb0       0x10
                0x00008fb0                __bss_start = ABSOLUTE (.)
                0x00008fb0                PROVIDE (__sbss_start, ABSOLUTE (.))
                0x00008fb0                PROVIDE (___sbss_start, ABSOLUTE (.))
 *(.dynsbss)
 *(.sbss .sbss.* .gnu.linkonce.sb.*)
 .sbss          0x00008fb0        0x4 c:/altera/11.1sp2/nios2eds/bin/gnu/h-i686-mingw32/bin/../lib/gcc/nios2-elf/4.1.2/../../../../nios2-elf/lib/mno-hw-mul\libsmallc.a(lib_a-int_errno.o)
                0x00008fb0                errno
 .sbss          0x00008fb4        0xc ../TestNMEA_bsp/\libhal_bsp.a(alt_main.o)
                0x00008fb4                alt_argc
                0x00008fb8                alt_argv
                0x00008fbc                alt_envp
 *(.sbss2 .sbss2.* .gnu.linkonce.sb2.*)
 *(.scommon)
                0x00008fc0                PROVIDE (__sbss_end, ABSOLUTE (.))
                0x00008fc0                PROVIDE (___sbss_end, ABSOLUTE (.))
 *(.dynbss)
 *(.bss .bss.* .gnu.linkonce.b.*)
 .bss           0x00008fc0        0x0 ../TestNMEA_bsp//obj/HAL/src/crt0.o
 .bss           0x00008fc0        0x0 obj/default/hello_world_small.o
 .bss           0x00008fc0        0x0 c:/altera/11.1sp2/nios2eds/bin/gnu/h-i686-mingw32/bin/../lib/gcc/nios2-elf/4.1.2/../../../../nios2-elf/lib/mno-hw-mul\libsmallc.a(lib_a-printf.o)
 .bss           0x00008fc0        0x0 c:/altera/11.1sp2/nios2eds/bin/gnu/h-i686-mingw32/bin/../lib/gcc/nios2-elf/4.1.2/../../../../nios2-elf/lib/mno-hw-mul\libsmallc.a(lib_a-vfprintf.o)
 .bss           0x00008fc0        0x0 c:/altera/11.1sp2/nios2eds/bin/gnu/h-i686-mingw32/bin/../lib/gcc/nios2-elf/4.1.2/../../../../nios2-elf/lib/mno-hw-mul\libsmallc.a(lib_a-fvwrite_small_dev.o)
 .bss           0x00008fc0        0x0 c:/altera/11.1sp2/nios2eds/bin/gnu/h-i686-mingw32/bin/../lib/gcc/nios2-elf/4.1.2/../../../../nios2-elf/lib/mno-hw-mul\libsmallc.a(lib_a-impure.o)
 .bss           0x00008fc0        0x0 c:/altera/11.1sp2/nios2eds/bin/gnu/h-i686-mingw32/bin/../lib/gcc/nios2-elf/4.1.2/../../../../nios2-elf/lib/mno-hw-mul\libsmallc.a(lib_a-strlen.o)
 .bss           0x00008fc0        0x0 c:/altera/11.1sp2/nios2eds/bin/gnu/h-i686-mingw32/bin/../lib/gcc/nios2-elf/4.1.2/../../../../nios2-elf/lib/mno-hw-mul\libsmallc.a(lib_a-writer.o)
 .bss           0x00008fc0        0x0 c:/altera/11.1sp2/nios2eds/bin/gnu/h-i686-mingw32/bin/../lib/gcc/nios2-elf/4.1.2/../../../../nios2-elf/lib/mno-hw-mul\libsmallc.a(lib_a-int_errno.o)
 .bss           0x00008fc0        0x0 c:/altera/11.1sp2/nios2eds/bin/gnu/h-i686-mingw32/bin/../lib/gcc/nios2-elf/4.1.2/mno-hw-mul\libgcc.a(lib2-divmod.o)
 .bss           0x00008fc0        0x0 c:/altera/11.1sp2/nios2eds/bin/gnu/h-i686-mingw32/bin/../lib/gcc/nios2-elf/4.1.2/mno-hw-mul\libgcc.a(lib2-mul.o)
 .bss           0x00008fc0        0x0 ../TestNMEA_bsp/\libhal_bsp.a(alt_load.o)
 .bss           0x00008fc0        0x0 ../TestNMEA_bsp/\libhal_bsp.a(alt_main.o)
 .bss           0x00008fc0        0x0 ../TestNMEA_bsp/\libhal_bsp.a(alt_putstr.o)
 .bss           0x00008fc0        0x0 ../TestNMEA_bsp/\libhal_bsp.a(alt_write.o)
 .bss           0x00008fc0        0x0 ../TestNMEA_bsp/\libhal_bsp.a(alt_sys_init.o)
 .bss           0x00008fc0        0x0 ../TestNMEA_bsp/\libhal_bsp.a(altera_avalon_jtag_uart_write.o)
 .bss           0x00008fc0        0x0 ../TestNMEA_bsp/\libhal_bsp.a(alt_dcache_flush_all.o)
 .bss           0x00008fc0        0x0 ../TestNMEA_bsp/\libhal_bsp.a(alt_errno.o)
 .bss           0x00008fc0        0x0 ../TestNMEA_bsp/\libhal_bsp.a(alt_icache_flush_all.o)
 .bss           0x00008fc0        0x0 ../TestNMEA_bsp/\libhal_bsp.a(altera_nios2_irq.o)
 *(COMMON)
                0x00008fc0                . = ALIGN (0x4)
                0x00008fc0                __bss_end = ABSOLUTE (.)

.onchip_memory2_0
                0x00008fc0        0x0
                0x00008fc0                PROVIDE (_alt_partition_onchip_memory2_0_start, ABSOLUTE (.))
 *(.onchip_memory2_0. onchip_memory2_0.*)
                0x00008fc0                . = ALIGN (0x4)
                0x00008fc0                PROVIDE (_alt_partition_onchip_memory2_0_end, ABSOLUTE (.))
                0x00008fc0                _end = ABSOLUTE (.)
                0x00008fc0                end = ABSOLUTE (.)
                0x00008fc0                __alt_stack_base = ABSOLUTE (.)
                0x00008fc0                PROVIDE (_alt_partition_onchip_memory2_0_load_addr, LOADADDR (.onchip_memory2_0))

.stab
 *(.stab)

.stabstr
 *(.stabstr)

.stab.excl
 *(.stab.excl)

.stab.exclstr
 *(.stab.exclstr)

.stab.index
 *(.stab.index)

.stab.indexstr
 *(.stab.indexstr)

.comment        0x00000000       0x26
 *(.comment)
 .comment       0x00000000       0x26 obj/default/hello_world_small.o
                                 0x27 (size before relaxing)
 .comment       0x00000000       0x27 c:/altera/11.1sp2/nios2eds/bin/gnu/h-i686-mingw32/bin/../lib/gcc/nios2-elf/4.1.2/../../../../nios2-elf/lib/mno-hw-mul\libsmallc.a(lib_a-printf.o)
 .comment       0x00000000       0x27 c:/altera/11.1sp2/nios2eds/bin/gnu/h-i686-mingw32/bin/../lib/gcc/nios2-elf/4.1.2/../../../../nios2-elf/lib/mno-hw-mul\libsmallc.a(lib_a-vfprintf.o)
 .comment       0x00000000       0x27 c:/altera/11.1sp2/nios2eds/bin/gnu/h-i686-mingw32/bin/../lib/gcc/nios2-elf/4.1.2/../../../../nios2-elf/lib/mno-hw-mul\libsmallc.a(lib_a-fvwrite_small_dev.o)
 .comment       0x00000000       0x27 c:/altera/11.1sp2/nios2eds/bin/gnu/h-i686-mingw32/bin/../lib/gcc/nios2-elf/4.1.2/../../../../nios2-elf/lib/mno-hw-mul\libsmallc.a(lib_a-impure.o)
 .comment       0x00000000       0x27 c:/altera/11.1sp2/nios2eds/bin/gnu/h-i686-mingw32/bin/../lib/gcc/nios2-elf/4.1.2/../../../../nios2-elf/lib/mno-hw-mul\libsmallc.a(lib_a-strlen.o)
 .comment       0x00000000       0x27 c:/altera/11.1sp2/nios2eds/bin/gnu/h-i686-mingw32/bin/../lib/gcc/nios2-elf/4.1.2/../../../../nios2-elf/lib/mno-hw-mul\libsmallc.a(lib_a-writer.o)
 .comment       0x00000000       0x27 c:/altera/11.1sp2/nios2eds/bin/gnu/h-i686-mingw32/bin/../lib/gcc/nios2-elf/4.1.2/../../../../nios2-elf/lib/mno-hw-mul\libsmallc.a(lib_a-int_errno.o)
 .comment       0x00000000       0x27 c:/altera/11.1sp2/nios2eds/bin/gnu/h-i686-mingw32/bin/../lib/gcc/nios2-elf/4.1.2/mno-hw-mul\libgcc.a(lib2-divmod.o)
 .comment       0x00000000       0x27 c:/altera/11.1sp2/nios2eds/bin/gnu/h-i686-mingw32/bin/../lib/gcc/nios2-elf/4.1.2/mno-hw-mul\libgcc.a(lib2-mul.o)
 .comment       0x00000000       0x27 ../TestNMEA_bsp/\libhal_bsp.a(alt_load.o)
 .comment       0x00000000       0x27 ../TestNMEA_bsp/\libhal_bsp.a(alt_main.o)
 .comment       0x00000000       0x27 ../TestNMEA_bsp/\libhal_bsp.a(alt_putstr.o)
 .comment       0x00000000       0x27 ../TestNMEA_bsp/\libhal_bsp.a(alt_write.o)
 .comment       0x00000000       0x27 ../TestNMEA_bsp/\libhal_bsp.a(alt_sys_init.o)
 .comment       0x00000000       0x27 ../TestNMEA_bsp/\libhal_bsp.a(altera_avalon_jtag_uart_write.o)
 .comment       0x00000000       0x27 ../TestNMEA_bsp/\libhal_bsp.a(alt_dcache_flush_all.o)
 .comment       0x00000000       0x27 ../TestNMEA_bsp/\libhal_bsp.a(alt_errno.o)
 .comment       0x00000000       0x27 ../TestNMEA_bsp/\libhal_bsp.a(alt_icache_flush_all.o)
 .comment       0x00000000       0x27 ../TestNMEA_bsp/\libhal_bsp.a(altera_nios2_irq.o)

.debug
 *(.debug)

.line
 *(.line)

.debug_srcinfo
 *(.debug_srcinfo)

.debug_sfnames
 *(.debug_sfnames)

.debug_aranges  0x00000000      0x248
 *(.debug_aranges)
 .debug_aranges
                0x00000000       0x28 ../TestNMEA_bsp//obj/HAL/src/crt0.o
 .debug_aranges
                0x00000028       0x20 obj/default/hello_world_small.o
 .debug_aranges
                0x00000048       0x20 c:/altera/11.1sp2/nios2eds/bin/gnu/h-i686-mingw32/bin/../lib/gcc/nios2-elf/4.1.2/../../../../nios2-elf/lib/mno-hw-mul\libsmallc.a(lib_a-printf.o)
 .debug_aranges
                0x00000068       0x20 c:/altera/11.1sp2/nios2eds/bin/gnu/h-i686-mingw32/bin/../lib/gcc/nios2-elf/4.1.2/../../../../nios2-elf/lib/mno-hw-mul\libsmallc.a(lib_a-vfprintf.o)
 .debug_aranges
                0x00000088       0x20 c:/altera/11.1sp2/nios2eds/bin/gnu/h-i686-mingw32/bin/../lib/gcc/nios2-elf/4.1.2/../../../../nios2-elf/lib/mno-hw-mul\libsmallc.a(lib_a-fvwrite_small_dev.o)
 .debug_aranges
                0x000000a8       0x20 c:/altera/11.1sp2/nios2eds/bin/gnu/h-i686-mingw32/bin/../lib/gcc/nios2-elf/4.1.2/../../../../nios2-elf/lib/mno-hw-mul\libsmallc.a(lib_a-strlen.o)
 .debug_aranges
                0x000000c8       0x20 c:/altera/11.1sp2/nios2eds/bin/gnu/h-i686-mingw32/bin/../lib/gcc/nios2-elf/4.1.2/../../../../nios2-elf/lib/mno-hw-mul\libsmallc.a(lib_a-writer.o)
 .debug_aranges
                0x000000e8       0x20 c:/altera/11.1sp2/nios2eds/bin/gnu/h-i686-mingw32/bin/../lib/gcc/nios2-elf/4.1.2/mno-hw-mul\libgcc.a(lib2-divmod.o)
 .debug_aranges
                0x00000108       0x20 c:/altera/11.1sp2/nios2eds/bin/gnu/h-i686-mingw32/bin/../lib/gcc/nios2-elf/4.1.2/mno-hw-mul\libgcc.a(lib2-mul.o)
 .debug_aranges
                0x00000128       0x20 ../TestNMEA_bsp/\libhal_bsp.a(alt_load.o)
 .debug_aranges
                0x00000148       0x20 ../TestNMEA_bsp/\libhal_bsp.a(alt_main.o)
 .debug_aranges
                0x00000168       0x20 ../TestNMEA_bsp/\libhal_bsp.a(alt_putstr.o)
 .debug_aranges
                0x00000188       0x20 ../TestNMEA_bsp/\libhal_bsp.a(alt_write.o)
 .debug_aranges
                0x000001a8       0x20 ../TestNMEA_bsp/\libhal_bsp.a(alt_sys_init.o)
 .debug_aranges
                0x000001c8       0x20 ../TestNMEA_bsp/\libhal_bsp.a(altera_avalon_jtag_uart_write.o)
 .debug_aranges
                0x000001e8       0x20 ../TestNMEA_bsp/\libhal_bsp.a(alt_dcache_flush_all.o)
 .debug_aranges
                0x00000208       0x20 ../TestNMEA_bsp/\libhal_bsp.a(alt_icache_flush_all.o)
 .debug_aranges
                0x00000228       0x20 ../TestNMEA_bsp/\libhal_bsp.a(altera_nios2_irq.o)

.debug_pubnames
                0x00000000      0x36a
 *(.debug_pubnames)
 .debug_pubnames
                0x00000000       0x1b obj/default/hello_world_small.o
 .debug_pubnames
                0x0000001b       0x2b c:/altera/11.1sp2/nios2eds/bin/gnu/h-i686-mingw32/bin/../lib/gcc/nios2-elf/4.1.2/../../../../nios2-elf/lib/mno-hw-mul\libsmallc.a(lib_a-printf.o)
 .debug_pubnames
                0x00000046       0x45 c:/altera/11.1sp2/nios2eds/bin/gnu/h-i686-mingw32/bin/../lib/gcc/nios2-elf/4.1.2/../../../../nios2-elf/lib/mno-hw-mul\libsmallc.a(lib_a-vfprintf.o)
 .debug_pubnames
                0x0000008b       0x2b c:/altera/11.1sp2/nios2eds/bin/gnu/h-i686-mingw32/bin/../lib/gcc/nios2-elf/4.1.2/../../../../nios2-elf/lib/mno-hw-mul\libsmallc.a(lib_a-fvwrite_small_dev.o)
 .debug_pubnames
                0x000000b6       0x39 c:/altera/11.1sp2/nios2eds/bin/gnu/h-i686-mingw32/bin/../lib/gcc/nios2-elf/4.1.2/../../../../nios2-elf/lib/mno-hw-mul\libsmallc.a(lib_a-impure.o)
 .debug_pubnames
                0x000000ef       0x1d c:/altera/11.1sp2/nios2eds/bin/gnu/h-i686-mingw32/bin/../lib/gcc/nios2-elf/4.1.2/../../../../nios2-elf/lib/mno-hw-mul\libsmallc.a(lib_a-strlen.o)
 .debug_pubnames
                0x0000010c       0x1f c:/altera/11.1sp2/nios2eds/bin/gnu/h-i686-mingw32/bin/../lib/gcc/nios2-elf/4.1.2/../../../../nios2-elf/lib/mno-hw-mul\libsmallc.a(lib_a-writer.o)
 .debug_pubnames
                0x0000012b       0x1c c:/altera/11.1sp2/nios2eds/bin/gnu/h-i686-mingw32/bin/../lib/gcc/nios2-elf/4.1.2/../../../../nios2-elf/lib/mno-hw-mul\libsmallc.a(lib_a-int_errno.o)
 .debug_pubnames
                0x00000147       0x48 c:/altera/11.1sp2/nios2eds/bin/gnu/h-i686-mingw32/bin/../lib/gcc/nios2-elf/4.1.2/mno-hw-mul\libgcc.a(lib2-divmod.o)
 .debug_pubnames
                0x0000018f       0x1f c:/altera/11.1sp2/nios2eds/bin/gnu/h-i686-mingw32/bin/../lib/gcc/nios2-elf/4.1.2/mno-hw-mul\libgcc.a(lib2-mul.o)
 .debug_pubnames
                0x000001ae       0x1f ../TestNMEA_bsp/\libhal_bsp.a(alt_load.o)
 .debug_pubnames
                0x000001cd       0x46 ../TestNMEA_bsp/\libhal_bsp.a(alt_main.o)
 .debug_pubnames
                0x00000213       0x21 ../TestNMEA_bsp/\libhal_bsp.a(alt_putstr.o)
 .debug_pubnames
                0x00000234       0x1c ../TestNMEA_bsp/\libhal_bsp.a(alt_write.o)
 .debug_pubnames
                0x00000250       0x44 ../TestNMEA_bsp/\libhal_bsp.a(alt_sys_init.o)
 .debug_pubnames
                0x00000294       0x34 ../TestNMEA_bsp/\libhal_bsp.a(altera_avalon_jtag_uart_write.o)
 .debug_pubnames
                0x000002c8       0x2b ../TestNMEA_bsp/\libhal_bsp.a(alt_dcache_flush_all.o)
 .debug_pubnames
                0x000002f3       0x20 ../TestNMEA_bsp/\libhal_bsp.a(alt_errno.o)
 .debug_pubnames
                0x00000313       0x2b ../TestNMEA_bsp/\libhal_bsp.a(alt_icache_flush_all.o)
 .debug_pubnames
                0x0000033e       0x2c ../TestNMEA_bsp/\libhal_bsp.a(altera_nios2_irq.o)

.debug_info     0x00000000     0x32be
 *(.debug_info .gnu.linkonce.wi.*)
 .debug_info    0x00000000       0x7c ../TestNMEA_bsp//obj/HAL/src/crt0.o
 .debug_info    0x0000007c       0x92 obj/default/hello_world_small.o
 .debug_info    0x0000010e      0x6c8 c:/altera/11.1sp2/nios2eds/bin/gnu/h-i686-mingw32/bin/../lib/gcc/nios2-elf/4.1.2/../../../../nios2-elf/lib/mno-hw-mul\libsmallc.a(lib_a-printf.o)
 .debug_info    0x000007d6      0x94c c:/altera/11.1sp2/nios2eds/bin/gnu/h-i686-mingw32/bin/../lib/gcc/nios2-elf/4.1.2/../../../../nios2-elf/lib/mno-hw-mul\libsmallc.a(lib_a-vfprintf.o)
 .debug_info    0x00001122      0x68e c:/altera/11.1sp2/nios2eds/bin/gnu/h-i686-mingw32/bin/../lib/gcc/nios2-elf/4.1.2/../../../../nios2-elf/lib/mno-hw-mul\libsmallc.a(lib_a-fvwrite_small_dev.o)
 .debug_info    0x000017b0      0x636 c:/altera/11.1sp2/nios2eds/bin/gnu/h-i686-mingw32/bin/../lib/gcc/nios2-elf/4.1.2/../../../../nios2-elf/lib/mno-hw-mul\libsmallc.a(lib_a-impure.o)
 .debug_info    0x00001de6       0xc2 c:/altera/11.1sp2/nios2eds/bin/gnu/h-i686-mingw32/bin/../lib/gcc/nios2-elf/4.1.2/../../../../nios2-elf/lib/mno-hw-mul\libsmallc.a(lib_a-strlen.o)
 .debug_info    0x00001ea8      0x68c c:/altera/11.1sp2/nios2eds/bin/gnu/h-i686-mingw32/bin/../lib/gcc/nios2-elf/4.1.2/../../../../nios2-elf/lib/mno-hw-mul\libsmallc.a(lib_a-writer.o)
 .debug_info    0x00002534       0x8c c:/altera/11.1sp2/nios2eds/bin/gnu/h-i686-mingw32/bin/../lib/gcc/nios2-elf/4.1.2/../../../../nios2-elf/lib/mno-hw-mul\libsmallc.a(lib_a-int_errno.o)
 .debug_info    0x000025c0      0x21c c:/altera/11.1sp2/nios2eds/bin/gnu/h-i686-mingw32/bin/../lib/gcc/nios2-elf/4.1.2/mno-hw-mul\libgcc.a(lib2-divmod.o)
 .debug_info    0x000027dc       0xf3 c:/altera/11.1sp2/nios2eds/bin/gnu/h-i686-mingw32/bin/../lib/gcc/nios2-elf/4.1.2/mno-hw-mul\libgcc.a(lib2-mul.o)
 .debug_info    0x000028cf      0x12e ../TestNMEA_bsp/\libhal_bsp.a(alt_load.o)
 .debug_info    0x000029fd      0x125 ../TestNMEA_bsp/\libhal_bsp.a(alt_main.o)
 .debug_info    0x00002b22       0xc5 ../TestNMEA_bsp/\libhal_bsp.a(alt_putstr.o)
 .debug_info    0x00002be7      0x179 ../TestNMEA_bsp/\libhal_bsp.a(alt_write.o)
 .debug_info    0x00002d60      0x17d ../TestNMEA_bsp/\libhal_bsp.a(alt_sys_init.o)
 .debug_info    0x00002edd      0x18f ../TestNMEA_bsp/\libhal_bsp.a(altera_avalon_jtag_uart_write.o)
 .debug_info    0x0000306c       0x8d ../TestNMEA_bsp/\libhal_bsp.a(alt_dcache_flush_all.o)
 .debug_info    0x000030f9       0xab ../TestNMEA_bsp/\libhal_bsp.a(alt_errno.o)
 .debug_info    0x000031a4       0x8d ../TestNMEA_bsp/\libhal_bsp.a(alt_icache_flush_all.o)
 .debug_info    0x00003231       0x8d ../TestNMEA_bsp/\libhal_bsp.a(altera_nios2_irq.o)

.debug_abbrev   0x00000000      0xfc9
 *(.debug_abbrev)
 .debug_abbrev  0x00000000       0x12 ../TestNMEA_bsp//obj/HAL/src/crt0.o
 .debug_abbrev  0x00000012       0x3f obj/default/hello_world_small.o
 .debug_abbrev  0x00000051      0x179 c:/altera/11.1sp2/nios2eds/bin/gnu/h-i686-mingw32/bin/../lib/gcc/nios2-elf/4.1.2/../../../../nios2-elf/lib/mno-hw-mul\libsmallc.a(lib_a-printf.o)
 .debug_abbrev  0x000001ca      0x247 c:/altera/11.1sp2/nios2eds/bin/gnu/h-i686-mingw32/bin/../lib/gcc/nios2-elf/4.1.2/../../../../nios2-elf/lib/mno-hw-mul\libsmallc.a(lib_a-vfprintf.o)
 .debug_abbrev  0x00000411      0x179 c:/altera/11.1sp2/nios2eds/bin/gnu/h-i686-mingw32/bin/../lib/gcc/nios2-elf/4.1.2/../../../../nios2-elf/lib/mno-hw-mul\libsmallc.a(lib_a-fvwrite_small_dev.o)
 .debug_abbrev  0x0000058a      0x13f c:/altera/11.1sp2/nios2eds/bin/gnu/h-i686-mingw32/bin/../lib/gcc/nios2-elf/4.1.2/../../../../nios2-elf/lib/mno-hw-mul\libsmallc.a(lib_a-impure.o)
 .debug_abbrev  0x000006c9       0x7a c:/altera/11.1sp2/nios2eds/bin/gnu/h-i686-mingw32/bin/../lib/gcc/nios2-elf/4.1.2/../../../../nios2-elf/lib/mno-hw-mul\libsmallc.a(lib_a-strlen.o)
 .debug_abbrev  0x00000743      0x16c c:/altera/11.1sp2/nios2eds/bin/gnu/h-i686-mingw32/bin/../lib/gcc/nios2-elf/4.1.2/../../../../nios2-elf/lib/mno-hw-mul\libsmallc.a(lib_a-writer.o)
 .debug_abbrev  0x000008af       0x3b c:/altera/11.1sp2/nios2eds/bin/gnu/h-i686-mingw32/bin/../lib/gcc/nios2-elf/4.1.2/../../../../nios2-elf/lib/mno-hw-mul\libsmallc.a(lib_a-int_errno.o)
 .debug_abbrev  0x000008ea       0xe0 c:/altera/11.1sp2/nios2eds/bin/gnu/h-i686-mingw32/bin/../lib/gcc/nios2-elf/4.1.2/mno-hw-mul\libgcc.a(lib2-divmod.o)
 .debug_abbrev  0x000009ca       0x7b c:/altera/11.1sp2/nios2eds/bin/gnu/h-i686-mingw32/bin/../lib/gcc/nios2-elf/4.1.2/mno-hw-mul\libgcc.a(lib2-mul.o)
 .debug_abbrev  0x00000a45       0x97 ../TestNMEA_bsp/\libhal_bsp.a(alt_load.o)
 .debug_abbrev  0x00000adc       0xa6 ../TestNMEA_bsp/\libhal_bsp.a(alt_main.o)
 .debug_abbrev  0x00000b82       0x7c ../TestNMEA_bsp/\libhal_bsp.a(alt_putstr.o)
 .debug_abbrev  0x00000bfe       0xdd ../TestNMEA_bsp/\libhal_bsp.a(alt_write.o)
 .debug_abbrev  0x00000cdb       0xe3 ../TestNMEA_bsp/\libhal_bsp.a(alt_sys_init.o)
 .debug_abbrev  0x00000dbe       0xf0 ../TestNMEA_bsp/\libhal_bsp.a(altera_avalon_jtag_uart_write.o)
 .debug_abbrev  0x00000eae       0x3f ../TestNMEA_bsp/\libhal_bsp.a(alt_dcache_flush_all.o)
 .debug_abbrev  0x00000eed       0x5e ../TestNMEA_bsp/\libhal_bsp.a(alt_errno.o)
 .debug_abbrev  0x00000f4b       0x3f ../TestNMEA_bsp/\libhal_bsp.a(alt_icache_flush_all.o)
 .debug_abbrev  0x00000f8a       0x3f ../TestNMEA_bsp/\libhal_bsp.a(altera_nios2_irq.o)

.debug_line     0x00000000     0x305a
 *(.debug_line)
 .debug_line    0x00000000       0x66 ../TestNMEA_bsp//obj/HAL/src/crt0.o
 .debug_line    0x00000066      0x27e obj/default/hello_world_small.o
 .debug_line    0x000002e4      0x2be c:/altera/11.1sp2/nios2eds/bin/gnu/h-i686-mingw32/bin/../lib/gcc/nios2-elf/4.1.2/../../../../nios2-elf/lib/mno-hw-mul\libsmallc.a(lib_a-printf.o)
 .debug_line    0x000005a2      0x5f3 c:/altera/11.1sp2/nios2eds/bin/gnu/h-i686-mingw32/bin/../lib/gcc/nios2-elf/4.1.2/../../../../nios2-elf/lib/mno-hw-mul\libsmallc.a(lib_a-vfprintf.o)
 .debug_line    0x00000b95      0x2a9 c:/altera/11.1sp2/nios2eds/bin/gnu/h-i686-mingw32/bin/../lib/gcc/nios2-elf/4.1.2/../../../../nios2-elf/lib/mno-hw-mul\libsmallc.a(lib_a-fvwrite_small_dev.o)
 .debug_line    0x00000e3e      0x230 c:/altera/11.1sp2/nios2eds/bin/gnu/h-i686-mingw32/bin/../lib/gcc/nios2-elf/4.1.2/../../../../nios2-elf/lib/mno-hw-mul\libsmallc.a(lib_a-impure.o)
 .debug_line    0x0000106e      0x250 c:/altera/11.1sp2/nios2eds/bin/gnu/h-i686-mingw32/bin/../lib/gcc/nios2-elf/4.1.2/../../../../nios2-elf/lib/mno-hw-mul\libsmallc.a(lib_a-strlen.o)
 .debug_line    0x000012be      0x29d c:/altera/11.1sp2/nios2eds/bin/gnu/h-i686-mingw32/bin/../lib/gcc/nios2-elf/4.1.2/../../../../nios2-elf/lib/mno-hw-mul\libsmallc.a(lib_a-writer.o)
 .debug_line    0x0000155b      0x1e2 c:/altera/11.1sp2/nios2eds/bin/gnu/h-i686-mingw32/bin/../lib/gcc/nios2-elf/4.1.2/../../../../nios2-elf/lib/mno-hw-mul\libsmallc.a(lib_a-int_errno.o)
 .debug_line    0x0000173d      0x24f c:/altera/11.1sp2/nios2eds/bin/gnu/h-i686-mingw32/bin/../lib/gcc/nios2-elf/4.1.2/mno-hw-mul\libgcc.a(lib2-divmod.o)
 .debug_line    0x0000198c      0x11a c:/altera/11.1sp2/nios2eds/bin/gnu/h-i686-mingw32/bin/../lib/gcc/nios2-elf/4.1.2/mno-hw-mul\libgcc.a(lib2-mul.o)
 .debug_line    0x00001aa6      0x217 ../TestNMEA_bsp/\libhal_bsp.a(alt_load.o)
 .debug_line    0x00001cbd      0x2c2 ../TestNMEA_bsp/\libhal_bsp.a(alt_main.o)
 .debug_line    0x00001f7f      0x1d9 ../TestNMEA_bsp/\libhal_bsp.a(alt_putstr.o)
 .debug_line    0x00002158      0x2ab ../TestNMEA_bsp/\libhal_bsp.a(alt_write.o)
 .debug_line    0x00002403      0x286 ../TestNMEA_bsp/\libhal_bsp.a(alt_sys_init.o)
 .debug_line    0x00002689      0x2f4 ../TestNMEA_bsp/\libhal_bsp.a(altera_avalon_jtag_uart_write.o)
 .debug_line    0x0000297d      0x1b5 ../TestNMEA_bsp/\libhal_bsp.a(alt_dcache_flush_all.o)
 .debug_line    0x00002b32      0x1aa ../TestNMEA_bsp/\libhal_bsp.a(alt_errno.o)
 .debug_line    0x00002cdc      0x1b5 ../TestNMEA_bsp/\libhal_bsp.a(alt_icache_flush_all.o)
 .debug_line    0x00002e91      0x1c9 ../TestNMEA_bsp/\libhal_bsp.a(altera_nios2_irq.o)

.debug_frame    0x00000000      0x340
 *(.debug_frame)
 .debug_frame   0x00000000       0x28 obj/default/hello_world_small.o
 .debug_frame   0x00000028       0x40 c:/altera/11.1sp2/nios2eds/bin/gnu/h-i686-mingw32/bin/../lib/gcc/nios2-elf/4.1.2/../../../../nios2-elf/lib/mno-hw-mul\libsmallc.a(lib_a-printf.o)
 .debug_frame   0x00000068       0x64 c:/altera/11.1sp2/nios2eds/bin/gnu/h-i686-mingw32/bin/../lib/gcc/nios2-elf/4.1.2/../../../../nios2-elf/lib/mno-hw-mul\libsmallc.a(lib_a-vfprintf.o)
 .debug_frame   0x000000cc       0x30 c:/altera/11.1sp2/nios2eds/bin/gnu/h-i686-mingw32/bin/../lib/gcc/nios2-elf/4.1.2/../../../../nios2-elf/lib/mno-hw-mul\libsmallc.a(lib_a-fvwrite_small_dev.o)
 .debug_frame   0x000000fc       0x20 c:/altera/11.1sp2/nios2eds/bin/gnu/h-i686-mingw32/bin/../lib/gcc/nios2-elf/4.1.2/../../../../nios2-elf/lib/mno-hw-mul\libsmallc.a(lib_a-strlen.o)
 .debug_frame   0x0000011c       0x2c c:/altera/11.1sp2/nios2eds/bin/gnu/h-i686-mingw32/bin/../lib/gcc/nios2-elf/4.1.2/../../../../nios2-elf/lib/mno-hw-mul\libsmallc.a(lib_a-writer.o)
 .debug_frame   0x00000148       0x70 c:/altera/11.1sp2/nios2eds/bin/gnu/h-i686-mingw32/bin/../lib/gcc/nios2-elf/4.1.2/mno-hw-mul\libgcc.a(lib2-divmod.o)
 .debug_frame   0x000001b8       0x20 c:/altera/11.1sp2/nios2eds/bin/gnu/h-i686-mingw32/bin/../lib/gcc/nios2-elf/4.1.2/mno-hw-mul\libgcc.a(lib2-mul.o)
 .debug_frame   0x000001d8       0x38 ../TestNMEA_bsp/\libhal_bsp.a(alt_load.o)
 .debug_frame   0x00000210       0x28 ../TestNMEA_bsp/\libhal_bsp.a(alt_main.o)
 .debug_frame   0x00000238       0x28 ../TestNMEA_bsp/\libhal_bsp.a(alt_putstr.o)
 .debug_frame   0x00000260       0x28 ../TestNMEA_bsp/\libhal_bsp.a(alt_write.o)
 .debug_frame   0x00000288       0x38 ../TestNMEA_bsp/\libhal_bsp.a(alt_sys_init.o)
 .debug_frame   0x000002c0       0x20 ../TestNMEA_bsp/\libhal_bsp.a(altera_avalon_jtag_uart_write.o)
 .debug_frame   0x000002e0       0x20 ../TestNMEA_bsp/\libhal_bsp.a(alt_dcache_flush_all.o)
 .debug_frame   0x00000300       0x20 ../TestNMEA_bsp/\libhal_bsp.a(alt_icache_flush_all.o)
 .debug_frame   0x00000320       0x20 ../TestNMEA_bsp/\libhal_bsp.a(altera_nios2_irq.o)

.debug_str      0x00000000      0xd2a
 *(.debug_str)
 .debug_str     0x00000000       0xb7 obj/default/hello_world_small.o
                                 0xf5 (size before relaxing)
 .debug_str     0x000000b7      0x3a3 c:/altera/11.1sp2/nios2eds/bin/gnu/h-i686-mingw32/bin/../lib/gcc/nios2-elf/4.1.2/../../../../nios2-elf/lib/mno-hw-mul\libsmallc.a(lib_a-printf.o)
                                0x466 (size before relaxing)
 .debug_str     0x0000045a      0x115 c:/altera/11.1sp2/nios2eds/bin/gnu/h-i686-mingw32/bin/../lib/gcc/nios2-elf/4.1.2/../../../../nios2-elf/lib/mno-hw-mul\libsmallc.a(lib_a-vfprintf.o)
                                0x562 (size before relaxing)
 .debug_str     0x0000056f       0x70 c:/altera/11.1sp2/nios2eds/bin/gnu/h-i686-mingw32/bin/../lib/gcc/nios2-elf/4.1.2/../../../../nios2-elf/lib/mno-hw-mul\libsmallc.a(lib_a-fvwrite_small_dev.o)
                                0x46a (size before relaxing)
 .debug_str     0x000005df       0xf8 c:/altera/11.1sp2/nios2eds/bin/gnu/h-i686-mingw32/bin/../lib/gcc/nios2-elf/4.1.2/../../../../nios2-elf/lib/mno-hw-mul\libsmallc.a(lib_a-impure.o)
                                0x45d (size before relaxing)
 .debug_str     0x000006d7       0xe2 c:/altera/11.1sp2/nios2eds/bin/gnu/h-i686-mingw32/bin/../lib/gcc/nios2-elf/4.1.2/../../../../nios2-elf/lib/mno-hw-mul\libsmallc.a(lib_a-strlen.o)
                                0x184 (size before relaxing)
 .debug_str     0x000007b9       0x4f c:/altera/11.1sp2/nios2eds/bin/gnu/h-i686-mingw32/bin/../lib/gcc/nios2-elf/4.1.2/../../../../nios2-elf/lib/mno-hw-mul\libsmallc.a(lib_a-writer.o)
                                0x451 (size before relaxing)
 .debug_str     0x00000808       0x40 c:/altera/11.1sp2/nios2eds/bin/gnu/h-i686-mingw32/bin/../lib/gcc/nios2-elf/4.1.2/../../../../nios2-elf/lib/mno-hw-mul\libsmallc.a(lib_a-int_errno.o)
                                0x177 (size before relaxing)
 .debug_str     0x00000848      0x10b c:/altera/11.1sp2/nios2eds/bin/gnu/h-i686-mingw32/bin/../lib/gcc/nios2-elf/4.1.2/mno-hw-mul\libgcc.a(lib2-divmod.o)
                                0x1b4 (size before relaxing)
 .debug_str     0x00000953       0x37 c:/altera/11.1sp2/nios2eds/bin/gnu/h-i686-mingw32/bin/../lib/gcc/nios2-elf/4.1.2/mno-hw-mul\libgcc.a(lib2-mul.o)
                                0x175 (size before relaxing)
 .debug_str     0x0000098a      0x13c ../TestNMEA_bsp/\libhal_bsp.a(alt_load.o)
                                0x1d1 (size before relaxing)
 .debug_str     0x00000ac6       0x70 ../TestNMEA_bsp/\libhal_bsp.a(alt_main.o)
                                0x155 (size before relaxing)
 .debug_str     0x00000b36       0x4c ../TestNMEA_bsp/\libhal_bsp.a(alt_putstr.o)
                                0x12c (size before relaxing)
 .debug_str     0x00000b82       0x2c ../TestNMEA_bsp/\libhal_bsp.a(alt_write.o)
                                0x181 (size before relaxing)
 .debug_str     0x00000bae       0x85 ../TestNMEA_bsp/\libhal_bsp.a(alt_sys_init.o)
                                0x1ca (size before relaxing)
 .debug_str     0x00000c33       0x4a ../TestNMEA_bsp/\libhal_bsp.a(altera_avalon_jtag_uart_write.o)
                                0x1cd (size before relaxing)
 .debug_str     0x00000c7d       0x34 ../TestNMEA_bsp/\libhal_bsp.a(alt_dcache_flush_all.o)
                                0x114 (size before relaxing)
 .debug_str     0x00000cb1       0x14 ../TestNMEA_bsp/\libhal_bsp.a(alt_errno.o)
                                0x104 (size before relaxing)
 .debug_str     0x00000cc5       0x34 ../TestNMEA_bsp/\libhal_bsp.a(alt_icache_flush_all.o)
                                0x114 (size before relaxing)
 .debug_str     0x00000cf9       0x31 ../TestNMEA_bsp/\libhal_bsp.a(altera_nios2_irq.o)
                                0x111 (size before relaxing)

.debug_loc      0x00000000      0xd02
 *(.debug_loc)
 .debug_loc     0x00000000       0x1f obj/default/hello_world_small.o
 .debug_loc     0x0000001f       0x8d c:/altera/11.1sp2/nios2eds/bin/gnu/h-i686-mingw32/bin/../lib/gcc/nios2-elf/4.1.2/../../../../nios2-elf/lib/mno-hw-mul\libsmallc.a(lib_a-printf.o)
 .debug_loc     0x000000ac      0x6a6 c:/altera/11.1sp2/nios2eds/bin/gnu/h-i686-mingw32/bin/../lib/gcc/nios2-elf/4.1.2/../../../../nios2-elf/lib/mno-hw-mul\libsmallc.a(lib_a-vfprintf.o)
 .debug_loc     0x00000752      0x162 c:/altera/11.1sp2/nios2eds/bin/gnu/h-i686-mingw32/bin/../lib/gcc/nios2-elf/4.1.2/../../../../nios2-elf/lib/mno-hw-mul\libsmallc.a(lib_a-fvwrite_small_dev.o)
 .debug_loc     0x000008b4       0x1e c:/altera/11.1sp2/nios2eds/bin/gnu/h-i686-mingw32/bin/../lib/gcc/nios2-elf/4.1.2/../../../../nios2-elf/lib/mno-hw-mul\libsmallc.a(lib_a-strlen.o)
 .debug_loc     0x000008d2       0x97 c:/altera/11.1sp2/nios2eds/bin/gnu/h-i686-mingw32/bin/../lib/gcc/nios2-elf/4.1.2/../../../../nios2-elf/lib/mno-hw-mul\libsmallc.a(lib_a-writer.o)
 .debug_loc     0x00000969      0x1d2 c:/altera/11.1sp2/nios2eds/bin/gnu/h-i686-mingw32/bin/../lib/gcc/nios2-elf/4.1.2/mno-hw-mul\libgcc.a(lib2-divmod.o)
 .debug_loc     0x00000b3b       0x4f c:/altera/11.1sp2/nios2eds/bin/gnu/h-i686-mingw32/bin/../lib/gcc/nios2-elf/4.1.2/mno-hw-mul\libgcc.a(lib2-mul.o)
 .debug_loc     0x00000b8a       0x1f ../TestNMEA_bsp/\libhal_bsp.a(alt_load.o)
 .debug_loc     0x00000ba9       0x1f ../TestNMEA_bsp/\libhal_bsp.a(alt_main.o)
 .debug_loc     0x00000bc8       0x48 ../TestNMEA_bsp/\libhal_bsp.a(alt_putstr.o)
 .debug_loc     0x00000c10       0x9a ../TestNMEA_bsp/\libhal_bsp.a(alt_write.o)
 .debug_loc     0x00000caa       0x32 ../TestNMEA_bsp/\libhal_bsp.a(alt_sys_init.o)
 .debug_loc     0x00000cdc       0x26 ../TestNMEA_bsp/\libhal_bsp.a(altera_avalon_jtag_uart_write.o)

.debug_macinfo
 *(.debug_macinfo)

.debug_weaknames
 *(.debug_weaknames)

.debug_funcnames
 *(.debug_funcnames)

.debug_typenames
 *(.debug_typenames)

.debug_varnames
 *(.debug_varnames)

.debug_alt_sim_info
                0x00000000       0x10
 *(.debug_alt_sim_info)
 .debug_alt_sim_info
                0x00000000       0x10 ../TestNMEA_bsp//obj/HAL/src/crt0.o
                0x0000ce20                __alt_data_end = 0xce20
                0x0000ce20                PROVIDE (__alt_stack_pointer, __alt_data_end)
                0x00008fc0                PROVIDE (__alt_stack_limit, __alt_stack_base)
                0x00008fc0                PROVIDE (__alt_heap_start, end)
                0x0000ce20                PROVIDE (__alt_heap_limit, 0xce20)
OUTPUT(TestNMEA.elf elf32-littlenios2)

.debug_ranges   0x00000000       0xc8
 .debug_ranges  0x00000000       0x20 ../TestNMEA_bsp//obj/HAL/src/crt0.o
 .debug_ranges  0x00000020       0xa8 c:/altera/11.1sp2/nios2eds/bin/gnu/h-i686-mingw32/bin/../lib/gcc/nios2-elf/4.1.2/../../../../nios2-elf/lib/mno-hw-mul\libsmallc.a(lib_a-vfprintf.o)
