Archive member included because of file (symbol)

c:/altera/11.1sp2/nios2eds/bin/gnu/h-i686-mingw32/bin/../lib/gcc/nios2-elf/4.1.2/mno-hw-mul\libgcc.a(lib2-divmod.o)
                              obj/default/hello_world_small.o (__udivsi3)
c:/altera/11.1sp2/nios2eds/bin/gnu/h-i686-mingw32/bin/../lib/gcc/nios2-elf/4.1.2/../../../../nios2-elf/lib/mno-hw-mul\libsmallc.a(lib_a-printf.o)
                              obj/default/hello_world_small.o (printf)
c:/altera/11.1sp2/nios2eds/bin/gnu/h-i686-mingw32/bin/../lib/gcc/nios2-elf/4.1.2/../../../../nios2-elf/lib/mno-hw-mul\libsmallc.a(lib_a-vfprintf.o)
                              c:/altera/11.1sp2/nios2eds/bin/gnu/h-i686-mingw32/bin/../lib/gcc/nios2-elf/4.1.2/../../../../nios2-elf/lib/mno-hw-mul\libsmallc.a(lib_a-printf.o) (___vfprintf_internal_r)
c:/altera/11.1sp2/nios2eds/bin/gnu/h-i686-mingw32/bin/../lib/gcc/nios2-elf/4.1.2/../../../../nios2-elf/lib/mno-hw-mul\libsmallc.a(lib_a-fvwrite_small_dev.o)
                              c:/altera/11.1sp2/nios2eds/bin/gnu/h-i686-mingw32/bin/../lib/gcc/nios2-elf/4.1.2/../../../../nios2-elf/lib/mno-hw-mul\libsmallc.a(lib_a-printf.o) (__sfvwrite_small_dev)
c:/altera/11.1sp2/nios2eds/bin/gnu/h-i686-mingw32/bin/../lib/gcc/nios2-elf/4.1.2/../../../../nios2-elf/lib/mno-hw-mul\libsmallc.a(lib_a-impure.o)
                              c:/altera/11.1sp2/nios2eds/bin/gnu/h-i686-mingw32/bin/../lib/gcc/nios2-elf/4.1.2/../../../../nios2-elf/lib/mno-hw-mul\libsmallc.a(lib_a-printf.o) (_impure_ptr)
c:/altera/11.1sp2/nios2eds/bin/gnu/h-i686-mingw32/bin/../lib/gcc/nios2-elf/4.1.2/../../../../nios2-elf/lib/mno-hw-mul\libsmallc.a(lib_a-strlen.o)
                              c:/altera/11.1sp2/nios2eds/bin/gnu/h-i686-mingw32/bin/../lib/gcc/nios2-elf/4.1.2/../../../../nios2-elf/lib/mno-hw-mul\libsmallc.a(lib_a-vfprintf.o) (strlen)
c:/altera/11.1sp2/nios2eds/bin/gnu/h-i686-mingw32/bin/../lib/gcc/nios2-elf/4.1.2/../../../../nios2-elf/lib/mno-hw-mul\libsmallc.a(lib_a-writer.o)
                              c:/altera/11.1sp2/nios2eds/bin/gnu/h-i686-mingw32/bin/../lib/gcc/nios2-elf/4.1.2/../../../../nios2-elf/lib/mno-hw-mul\libsmallc.a(lib_a-fvwrite_small_dev.o) (_write_r)
c:/altera/11.1sp2/nios2eds/bin/gnu/h-i686-mingw32/bin/../lib/gcc/nios2-elf/4.1.2/../../../../nios2-elf/lib/mno-hw-mul\libsmallc.a(lib_a-int_errno.o)
                              c:/altera/11.1sp2/nios2eds/bin/gnu/h-i686-mingw32/bin/../lib/gcc/nios2-elf/4.1.2/../../../../nios2-elf/lib/mno-hw-mul\libsmallc.a(lib_a-writer.o) (errno)
c:/altera/11.1sp2/nios2eds/bin/gnu/h-i686-mingw32/bin/../lib/gcc/nios2-elf/4.1.2/mno-hw-mul\libgcc.a(lib2-mul.o)
                              c:/altera/11.1sp2/nios2eds/bin/gnu/h-i686-mingw32/bin/../lib/gcc/nios2-elf/4.1.2/../../../../nios2-elf/lib/mno-hw-mul\libsmallc.a(lib_a-vfprintf.o) (__mulsi3)
../PROGRAMME_Anemometre_bsp/\libhal_bsp.a(alt_load.o)
                              ../PROGRAMME_Anemometre_bsp//obj/HAL/src/crt0.o (alt_load)
../PROGRAMME_Anemometre_bsp/\libhal_bsp.a(alt_main.o)
                              ../PROGRAMME_Anemometre_bsp//obj/HAL/src/crt0.o (alt_main)
../PROGRAMME_Anemometre_bsp/\libhal_bsp.a(alt_putstr.o)
                              obj/default/hello_world_small.o (alt_putstr)
../PROGRAMME_Anemometre_bsp/\libhal_bsp.a(alt_write.o)
                              c:/altera/11.1sp2/nios2eds/bin/gnu/h-i686-mingw32/bin/../lib/gcc/nios2-elf/4.1.2/../../../../nios2-elf/lib/mno-hw-mul\libsmallc.a(lib_a-writer.o) (write)
../PROGRAMME_Anemometre_bsp/\libhal_bsp.a(alt_sys_init.o)
                              ../PROGRAMME_Anemometre_bsp/\libhal_bsp.a(alt_main.o) (alt_sys_init)
../PROGRAMME_Anemometre_bsp/\libhal_bsp.a(altera_avalon_jtag_uart_write.o)
                              ../PROGRAMME_Anemometre_bsp/\libhal_bsp.a(alt_putstr.o) (altera_avalon_jtag_uart_write)
../PROGRAMME_Anemometre_bsp/\libhal_bsp.a(alt_dcache_flush_all.o)
                              ../PROGRAMME_Anemometre_bsp/\libhal_bsp.a(alt_load.o) (alt_dcache_flush_all)
../PROGRAMME_Anemometre_bsp/\libhal_bsp.a(alt_errno.o)
                              ../PROGRAMME_Anemometre_bsp/\libhal_bsp.a(alt_write.o) (alt_errno)
../PROGRAMME_Anemometre_bsp/\libhal_bsp.a(alt_icache_flush_all.o)
                              ../PROGRAMME_Anemometre_bsp/\libhal_bsp.a(alt_load.o) (alt_icache_flush_all)
../PROGRAMME_Anemometre_bsp/\libhal_bsp.a(altera_nios2_irq.o)
                              ../PROGRAMME_Anemometre_bsp/\libhal_bsp.a(alt_sys_init.o) (altera_nios2_irq_init)

Allocating common symbols
Common symbol       size              file

errno               0x4               c:/altera/11.1sp2/nios2eds/bin/gnu/h-i686-mingw32/bin/../lib/gcc/nios2-elf/4.1.2/../../../../nios2-elf/lib/mno-hw-mul\libsmallc.a(lib_a-int_errno.o)

Memory Configuration

Name             Origin             Length             Attributes
reset            0x00008000         0x00000020
onchip_memory2_0 0x00008020         0x00004e00
*default*        0x00000000         0xffffffff

Linker script and memory map

LOAD ../PROGRAMME_Anemometre_bsp//obj/HAL/src/crt0.o
                0x0000800c                exit = _exit
LOAD obj/default/hello_world_small.o
LOAD c:/altera/11.1sp2/nios2eds/bin/gnu/h-i686-mingw32/bin/../lib/gcc/nios2-elf/4.1.2/../../../../nios2-elf/lib/mno-hw-mul\libstdc++.a
LOAD c:/altera/11.1sp2/nios2eds/bin/gnu/h-i686-mingw32/bin/../lib/gcc/nios2-elf/4.1.2/../../../../nios2-elf/lib/mno-hw-mul\libm.a
LOAD c:/altera/11.1sp2/nios2eds/bin/gnu/h-i686-mingw32/bin/../lib/gcc/nios2-elf/4.1.2/mno-hw-mul\libgcc.a
START GROUP
LOAD c:/altera/11.1sp2/nios2eds/bin/gnu/h-i686-mingw32/bin/../lib/gcc/nios2-elf/4.1.2/../../../../nios2-elf/lib/mno-hw-mul\libsmallc.a
LOAD c:/altera/11.1sp2/nios2eds/bin/gnu/h-i686-mingw32/bin/../lib/gcc/nios2-elf/4.1.2/mno-hw-mul\libgcc.a
LOAD ../PROGRAMME_Anemometre_bsp/\libhal_bsp.a
END GROUP
LOAD c:/altera/11.1sp2/nios2eds/bin/gnu/h-i686-mingw32/bin/../lib/gcc/nios2-elf/4.1.2/mno-hw-mul\libgcc.a
                0x00008000                __alt_mem_onchip_memory2_0 = 0x8000

.entry          0x00008000       0x20
 *(.entry)
 .entry         0x00008000       0x20 ../PROGRAMME_Anemometre_bsp//obj/HAL/src/crt0.o
                0x00008000                __reset
                0x0000800c                _exit

.exceptions     0x00008020        0x0
                0x00008020                PROVIDE (__ram_exceptions_start, ABSOLUTE (.))
                0x00008020                . = ALIGN (0x20)
 *(.irq)
 *(.exceptions.entry.label)
 *(.exceptions.entry.user)
 *(.exceptions.entry)
 *(.exceptions.irqtest.user)
 *(.exceptions.irqtest)
 *(.exceptions.irqhandler.user)
 *(.exceptions.irqhandler)
 *(.exceptions.irqreturn.user)
 *(.exceptions.irqreturn)
 *(.exceptions.notirq.label)
 *(.exceptions.notirq.user)
 *(.exceptions.notirq)
 *(.exceptions.soft.user)
 *(.exceptions.soft)
 *(.exceptions.unknown.user)
 *(.exceptions.unknown)
 *(.exceptions.exit.label)
 *(.exceptions.exit.user)
 *(.exceptions.exit)
 *(.exceptions)
                0x00008020                PROVIDE (__ram_exceptions_end, ABSOLUTE (.))
                0x00008020                PROVIDE (__flash_exceptions_start, LOADADDR (.exceptions))

.text           0x00008020      0xd18
                0x00008020                PROVIDE (stext, ABSOLUTE (.))
 *(.interp)
 *(.hash)
 *(.dynsym)
 *(.dynstr)
 *(.gnu.version)
 *(.gnu.version_d)
 *(.gnu.version_r)
 *(.rel.init)
 *(.rela.init)
 *(.rel.text .rel.text.* .rel.gnu.linkonce.t.*)
 *(.rela.text .rela.text.* .rela.gnu.linkonce.t.*)
 *(.rel.fini)
 *(.rela.fini)
 *(.rel.rodata .rel.rodata.* .rel.gnu.linkonce.r.*)
 *(.rela.rodata .rela.rodata.* .rela.gnu.linkonce.r.*)
 *(.rel.data .rel.data.* .rel.gnu.linkonce.d.*)
 *(.rela.data .rela.data.* .rela.gnu.linkonce.d.*)
 *(.rel.tdata .rel.tdata.* .rel.gnu.linkonce.td.*)
 *(.rela.tdata .rela.tdata.* .rela.gnu.linkonce.td.*)
 *(.rel.tbss .rel.tbss.* .rel.gnu.linkonce.tb.*)
 *(.rela.tbss .rela.tbss.* .rela.gnu.linkonce.tb.*)
 *(.rel.ctors)
 *(.rela.ctors)
 *(.rel.dtors)
 *(.rela.dtors)
 *(.rel.got)
 *(.rela.got)
 *(.rel.sdata .rel.sdata.* .rel.gnu.linkonce.s.*)
 *(.rela.sdata .rela.sdata.* .rela.gnu.linkonce.s.*)
 *(.rel.sbss .rel.sbss.* .rel.gnu.linkonce.sb.*)
 *(.rela.sbss .rela.sbss.* .rela.gnu.linkonce.sb.*)
 *(.rel.sdata2 .rel.sdata2.* .rel.gnu.linkonce.s2.*)
 *(.rela.sdata2 .rela.sdata2.* .rela.gnu.linkonce.s2.*)
 *(.rel.sbss2 .rel.sbss2.* .rel.gnu.linkonce.sb2.*)
 *(.rela.sbss2 .rela.sbss2.* .rela.gnu.linkonce.sb2.*)
 *(.rel.bss .rel.bss.* .rel.gnu.linkonce.b.*)
 *(.rela.bss .rela.bss.* .rela.gnu.linkonce.b.*)
 *(.rel.plt)
 *(.rela.plt)
 *(.rel.dyn)
 *(.init)
 *(.plt)
 *(.text .stub .text.* .gnu.linkonce.t.*)
 .text          0x00008020       0x3c ../PROGRAMME_Anemometre_bsp//obj/HAL/src/crt0.o
                0x00008020                _start
 .text          0x0000805c       0xf8 obj/default/hello_world_small.o
                0x0000805c                main
 .text          0x00008154      0x14c c:/altera/11.1sp2/nios2eds/bin/gnu/h-i686-mingw32/bin/../lib/gcc/nios2-elf/4.1.2/mno-hw-mul\libgcc.a(lib2-divmod.o)
                0x000081d0                __divsi3
                0x00008230                __modsi3
                0x00008290                __udivsi3
                0x00008298                __umodsi3
 .text          0x000082a0       0x98 c:/altera/11.1sp2/nios2eds/bin/gnu/h-i686-mingw32/bin/../lib/gcc/nios2-elf/4.1.2/../../../../nios2-elf/lib/mno-hw-mul\libsmallc.a(lib_a-printf.o)
                0x000082a0                printf
                0x000082f4                _printf_r
 .text          0x00008338      0x6a4 c:/altera/11.1sp2/nios2eds/bin/gnu/h-i686-mingw32/bin/../lib/gcc/nios2-elf/4.1.2/../../../../nios2-elf/lib/mno-hw-mul\libsmallc.a(lib_a-vfprintf.o)
                0x000083b8                ___vfprintf_internal_r
                0x000089b8                __vfprintf_internal
 .text          0x000089dc       0xbc c:/altera/11.1sp2/nios2eds/bin/gnu/h-i686-mingw32/bin/../lib/gcc/nios2-elf/4.1.2/../../../../nios2-elf/lib/mno-hw-mul\libsmallc.a(lib_a-fvwrite_small_dev.o)
                0x000089dc                __sfvwrite_small_dev
 .text          0x00008a98        0x0 c:/altera/11.1sp2/nios2eds/bin/gnu/h-i686-mingw32/bin/../lib/gcc/nios2-elf/4.1.2/../../../../nios2-elf/lib/mno-hw-mul\libsmallc.a(lib_a-impure.o)
 .text          0x00008a98       0x20 c:/altera/11.1sp2/nios2eds/bin/gnu/h-i686-mingw32/bin/../lib/gcc/nios2-elf/4.1.2/../../../../nios2-elf/lib/mno-hw-mul\libsmallc.a(lib_a-strlen.o)
                0x00008a98                strlen
 .text          0x00008ab8       0x78 c:/altera/11.1sp2/nios2eds/bin/gnu/h-i686-mingw32/bin/../lib/gcc/nios2-elf/4.1.2/../../../../nios2-elf/lib/mno-hw-mul\libsmallc.a(lib_a-writer.o)
                0x00008ab8                _write_r
 .text          0x00008b30        0x0 c:/altera/11.1sp2/nios2eds/bin/gnu/h-i686-mingw32/bin/../lib/gcc/nios2-elf/4.1.2/../../../../nios2-elf/lib/mno-hw-mul\libsmallc.a(lib_a-int_errno.o)
 .text          0x00008b30       0x38 c:/altera/11.1sp2/nios2eds/bin/gnu/h-i686-mingw32/bin/../lib/gcc/nios2-elf/4.1.2/mno-hw-mul\libgcc.a(lib2-mul.o)
                0x00008b30                __mulsi3
 .text          0x00008b68       0x8c ../PROGRAMME_Anemometre_bsp/\libhal_bsp.a(alt_load.o)
                0x00008b88                alt_load
 .text          0x00008bf4       0x2c ../PROGRAMME_Anemometre_bsp/\libhal_bsp.a(alt_main.o)
                0x00008bf4                alt_main
 .text          0x00008c20       0x38 ../PROGRAMME_Anemometre_bsp/\libhal_bsp.a(alt_putstr.o)
                0x00008c20                alt_putstr
 .text          0x00008c58       0x78 ../PROGRAMME_Anemometre_bsp/\libhal_bsp.a(alt_write.o)
                0x00008c58                write
 .text          0x00008cd0       0x24 ../PROGRAMME_Anemometre_bsp/\libhal_bsp.a(alt_sys_init.o)
                0x00008cd0                alt_sys_init
                0x00008cd4                alt_irq_init
 .text          0x00008cf4       0x34 ../PROGRAMME_Anemometre_bsp/\libhal_bsp.a(altera_avalon_jtag_uart_write.o)
                0x00008cf4                altera_avalon_jtag_uart_write
 .text          0x00008d28        0x4 ../PROGRAMME_Anemometre_bsp/\libhal_bsp.a(alt_dcache_flush_all.o)
                0x00008d28                alt_dcache_flush_all
 .text          0x00008d2c        0x0 ../PROGRAMME_Anemometre_bsp/\libhal_bsp.a(alt_errno.o)
 .text          0x00008d2c        0x4 ../PROGRAMME_Anemometre_bsp/\libhal_bsp.a(alt_icache_flush_all.o)
                0x00008d2c                alt_icache_flush_all
 .text          0x00008d30        0x8 ../PROGRAMME_Anemometre_bsp/\libhal_bsp.a(altera_nios2_irq.o)
                0x00008d30                altera_nios2_irq_init
 *(.gnu.warning.*)
 *(.fini)
                0x00008d38                PROVIDE (__etext, ABSOLUTE (.))
                0x00008d38                PROVIDE (_etext, ABSOLUTE (.))
                0x00008d38                PROVIDE (etext, ABSOLUTE (.))
 *(.eh_frame_hdr)
                0x00008d38                . = ALIGN (0x4)
                0x00008d38                PROVIDE (__preinit_array_start, ABSOLUTE (.))
 *(.preinit_array)
                0x00008d38                PROVIDE (__preinit_array_end, ABSOLUTE (.))
                0x00008d38                PROVIDE (__init_array_start, ABSOLUTE (.))
 *(.init_array)
                0x00008d38                PROVIDE (__init_array_end, ABSOLUTE (.))
                0x00008d38                PROVIDE (__fini_array_start, ABSOLUTE (.))
 *(.fini_array)
                0x00008d38                PROVIDE (__fini_array_end, ABSOLUTE (.))
 *(.eh_frame)
 *(.gcc_except_table)
 *(.dynamic)
                0x00008d38                PROVIDE (__CTOR_LIST__, ABSOLUTE (.))
 *(.ctors)
 *(SORT(.ctors.*))
                0x00008d38                PROVIDE (__CTOR_END__, ABSOLUTE (.))
                0x00008d38                PROVIDE (__DTOR_LIST__, ABSOLUTE (.))
 *(.dtors)
 *(SORT(.dtors.*))
                0x00008d38                PROVIDE (__DTOR_END__, ABSOLUTE (.))
 *(.jcr)
                0x00008d38                . = ALIGN (0x4)

.rodata         0x00008d38       0x84
                0x00008d38                PROVIDE (__ram_rodata_start, ABSOLUTE (.))
                0x00008d38                . = ALIGN (0x4)
 *(.rodata .rodata.* .gnu.linkonce.r.*)
 .rodata.str1.4
                0x00008d38       0x84 obj/default/hello_world_small.o
 *(.rodata1)
                0x00008dbc                . = ALIGN (0x4)
                0x00008dbc                PROVIDE (__ram_rodata_end, ABSOLUTE (.))
                0x00008d38                PROVIDE (__flash_rodata_start, LOADADDR (.rodata))

.rwdata         0x00008dbc       0xf0 load address 0x00008eac
                0x00008dbc                PROVIDE (__ram_rwdata_start, ABSOLUTE (.))
                0x00008dbc                . = ALIGN (0x4)
 *(.got.plt)
 *(.got)
 *(.data1)
 *(.data .data.* .gnu.linkonce.d.*)
 .data          0x00008dbc        0x0 ../PROGRAMME_Anemometre_bsp//obj/HAL/src/crt0.o
 .data          0x00008dbc        0x0 obj/default/hello_world_small.o
 .data          0x00008dbc        0x0 c:/altera/11.1sp2/nios2eds/bin/gnu/h-i686-mingw32/bin/../lib/gcc/nios2-elf/4.1.2/mno-hw-mul\libgcc.a(lib2-divmod.o)
 .data          0x00008dbc        0x0 c:/altera/11.1sp2/nios2eds/bin/gnu/h-i686-mingw32/bin/../lib/gcc/nios2-elf/4.1.2/../../../../nios2-elf/lib/mno-hw-mul\libsmallc.a(lib_a-printf.o)
 .data          0x00008dbc        0x0 c:/altera/11.1sp2/nios2eds/bin/gnu/h-i686-mingw32/bin/../lib/gcc/nios2-elf/4.1.2/../../../../nios2-elf/lib/mno-hw-mul\libsmallc.a(lib_a-vfprintf.o)
 .data          0x00008dbc        0x0 c:/altera/11.1sp2/nios2eds/bin/gnu/h-i686-mingw32/bin/../lib/gcc/nios2-elf/4.1.2/../../../../nios2-elf/lib/mno-hw-mul\libsmallc.a(lib_a-fvwrite_small_dev.o)
 .data          0x00008dbc       0xe0 c:/altera/11.1sp2/nios2eds/bin/gnu/h-i686-mingw32/bin/../lib/gcc/nios2-elf/4.1.2/../../../../nios2-elf/lib/mno-hw-mul\libsmallc.a(lib_a-impure.o)
 .data          0x00008e9c        0x0 c:/altera/11.1sp2/nios2eds/bin/gnu/h-i686-mingw32/bin/../lib/gcc/nios2-elf/4.1.2/../../../../nios2-elf/lib/mno-hw-mul\libsmallc.a(lib_a-strlen.o)
 .data          0x00008e9c        0x0 c:/altera/11.1sp2/nios2eds/bin/gnu/h-i686-mingw32/bin/../lib/gcc/nios2-elf/4.1.2/../../../../nios2-elf/lib/mno-hw-mul\libsmallc.a(lib_a-writer.o)
 .data          0x00008e9c        0x0 c:/altera/11.1sp2/nios2eds/bin/gnu/h-i686-mingw32/bin/../lib/gcc/nios2-elf/4.1.2/../../../../nios2-elf/lib/mno-hw-mul\libsmallc.a(lib_a-int_errno.o)
 .data          0x00008e9c        0x0 c:/altera/11.1sp2/nios2eds/bin/gnu/h-i686-mingw32/bin/../lib/gcc/nios2-elf/4.1.2/mno-hw-mul\libgcc.a(lib2-mul.o)
 .data          0x00008e9c        0x0 ../PROGRAMME_Anemometre_bsp/\libhal_bsp.a(alt_load.o)
 .data          0x00008e9c        0x0 ../PROGRAMME_Anemometre_bsp/\libhal_bsp.a(alt_main.o)
 .data          0x00008e9c        0x0 ../PROGRAMME_Anemometre_bsp/\libhal_bsp.a(alt_putstr.o)
 .data          0x00008e9c        0x0 ../PROGRAMME_Anemometre_bsp/\libhal_bsp.a(alt_write.o)
 .data          0x00008e9c        0x0 ../PROGRAMME_Anemometre_bsp/\libhal_bsp.a(alt_sys_init.o)
 .data          0x00008e9c        0x0 ../PROGRAMME_Anemometre_bsp/\libhal_bsp.a(altera_avalon_jtag_uart_write.o)
 .data          0x00008e9c        0x0 ../PROGRAMME_Anemometre_bsp/\libhal_bsp.a(alt_dcache_flush_all.o)
 .data          0x00008e9c        0x0 ../PROGRAMME_Anemometre_bsp/\libhal_bsp.a(alt_errno.o)
 .data          0x00008e9c        0x0 ../PROGRAMME_Anemometre_bsp/\libhal_bsp.a(alt_icache_flush_all.o)
 .data          0x00008e9c        0x0 ../PROGRAMME_Anemometre_bsp/\libhal_bsp.a(altera_nios2_irq.o)
                0x00010e9c                _gp = ABSOLUTE ((. + 0x8000))
                0x00010e9c                PROVIDE (gp, _gp)
 *(.rwdata .rwdata.*)
 *(.sdata .sdata.* .gnu.linkonce.s.*)
 .sdata         0x00008e9c        0x8 c:/altera/11.1sp2/nios2eds/bin/gnu/h-i686-mingw32/bin/../lib/gcc/nios2-elf/4.1.2/../../../../nios2-elf/lib/mno-hw-mul\libsmallc.a(lib_a-impure.o)
                0x00008e9c                _impure_ptr
                0x00008ea0                _global_impure_ptr
 .sdata         0x00008ea4        0x4 ../PROGRAMME_Anemometre_bsp/\libhal_bsp.a(alt_sys_init.o)
                0x00008ea4                jtag_uart_0
 .sdata         0x00008ea8        0x4 ../PROGRAMME_Anemometre_bsp/\libhal_bsp.a(alt_errno.o)
                0x00008ea8                alt_errno
 *(.sdata2 .sdata2.* .gnu.linkonce.s2.*)
                0x00008eac                . = ALIGN (0x4)
                0x00008eac                _edata = ABSOLUTE (.)
                0x00008eac                PROVIDE (edata, ABSOLUTE (.))
                0x00008eac                PROVIDE (__ram_rwdata_end, ABSOLUTE (.))
                0x00008eac                PROVIDE (__flash_rwdata_start, LOADADDR (.rwdata))

.bss            0x00008f9c       0x10
                0x00008f9c                __bss_start = ABSOLUTE (.)
                0x00008f9c                PROVIDE (__sbss_start, ABSOLUTE (.))
                0x00008f9c                PROVIDE (___sbss_start, ABSOLUTE (.))
 *(.dynsbss)
 *(.sbss .sbss.* .gnu.linkonce.sb.*)
 .sbss          0x00008f9c        0x4 c:/altera/11.1sp2/nios2eds/bin/gnu/h-i686-mingw32/bin/../lib/gcc/nios2-elf/4.1.2/../../../../nios2-elf/lib/mno-hw-mul\libsmallc.a(lib_a-int_errno.o)
                0x00008f9c                errno
 .sbss          0x00008fa0        0xc ../PROGRAMME_Anemometre_bsp/\libhal_bsp.a(alt_main.o)
                0x00008fa0                alt_argc
                0x00008fa4                alt_argv
                0x00008fa8                alt_envp
 *(.sbss2 .sbss2.* .gnu.linkonce.sb2.*)
 *(.scommon)
                0x00008fac                PROVIDE (__sbss_end, ABSOLUTE (.))
                0x00008fac                PROVIDE (___sbss_end, ABSOLUTE (.))
 *(.dynbss)
 *(.bss .bss.* .gnu.linkonce.b.*)
 .bss           0x00008fac        0x0 ../PROGRAMME_Anemometre_bsp//obj/HAL/src/crt0.o
 .bss           0x00008fac        0x0 obj/default/hello_world_small.o
 .bss           0x00008fac        0x0 c:/altera/11.1sp2/nios2eds/bin/gnu/h-i686-mingw32/bin/../lib/gcc/nios2-elf/4.1.2/mno-hw-mul\libgcc.a(lib2-divmod.o)
 .bss           0x00008fac        0x0 c:/altera/11.1sp2/nios2eds/bin/gnu/h-i686-mingw32/bin/../lib/gcc/nios2-elf/4.1.2/../../../../nios2-elf/lib/mno-hw-mul\libsmallc.a(lib_a-printf.o)
 .bss           0x00008fac        0x0 c:/altera/11.1sp2/nios2eds/bin/gnu/h-i686-mingw32/bin/../lib/gcc/nios2-elf/4.1.2/../../../../nios2-elf/lib/mno-hw-mul\libsmallc.a(lib_a-vfprintf.o)
 .bss           0x00008fac        0x0 c:/altera/11.1sp2/nios2eds/bin/gnu/h-i686-mingw32/bin/../lib/gcc/nios2-elf/4.1.2/../../../../nios2-elf/lib/mno-hw-mul\libsmallc.a(lib_a-fvwrite_small_dev.o)
 .bss           0x00008fac        0x0 c:/altera/11.1sp2/nios2eds/bin/gnu/h-i686-mingw32/bin/../lib/gcc/nios2-elf/4.1.2/../../../../nios2-elf/lib/mno-hw-mul\libsmallc.a(lib_a-impure.o)
 .bss           0x00008fac        0x0 c:/altera/11.1sp2/nios2eds/bin/gnu/h-i686-mingw32/bin/../lib/gcc/nios2-elf/4.1.2/../../../../nios2-elf/lib/mno-hw-mul\libsmallc.a(lib_a-strlen.o)
 .bss           0x00008fac        0x0 c:/altera/11.1sp2/nios2eds/bin/gnu/h-i686-mingw32/bin/../lib/gcc/nios2-elf/4.1.2/../../../../nios2-elf/lib/mno-hw-mul\libsmallc.a(lib_a-writer.o)
 .bss           0x00008fac        0x0 c:/altera/11.1sp2/nios2eds/bin/gnu/h-i686-mingw32/bin/../lib/gcc/nios2-elf/4.1.2/../../../../nios2-elf/lib/mno-hw-mul\libsmallc.a(lib_a-int_errno.o)
 .bss           0x00008fac        0x0 c:/altera/11.1sp2/nios2eds/bin/gnu/h-i686-mingw32/bin/../lib/gcc/nios2-elf/4.1.2/mno-hw-mul\libgcc.a(lib2-mul.o)
 .bss           0x00008fac        0x0 ../PROGRAMME_Anemometre_bsp/\libhal_bsp.a(alt_load.o)
 .bss           0x00008fac        0x0 ../PROGRAMME_Anemometre_bsp/\libhal_bsp.a(alt_main.o)
 .bss           0x00008fac        0x0 ../PROGRAMME_Anemometre_bsp/\libhal_bsp.a(alt_putstr.o)
 .bss           0x00008fac        0x0 ../PROGRAMME_Anemometre_bsp/\libhal_bsp.a(alt_write.o)
 .bss           0x00008fac        0x0 ../PROGRAMME_Anemometre_bsp/\libhal_bsp.a(alt_sys_init.o)
 .bss           0x00008fac        0x0 ../PROGRAMME_Anemometre_bsp/\libhal_bsp.a(altera_avalon_jtag_uart_write.o)
 .bss           0x00008fac        0x0 ../PROGRAMME_Anemometre_bsp/\libhal_bsp.a(alt_dcache_flush_all.o)
 .bss           0x00008fac        0x0 ../PROGRAMME_Anemometre_bsp/\libhal_bsp.a(alt_errno.o)
 .bss           0x00008fac        0x0 ../PROGRAMME_Anemometre_bsp/\libhal_bsp.a(alt_icache_flush_all.o)
 .bss           0x00008fac        0x0 ../PROGRAMME_Anemometre_bsp/\libhal_bsp.a(altera_nios2_irq.o)
 *(COMMON)
                0x00008fac                . = ALIGN (0x4)
                0x00008fac                __bss_end = ABSOLUTE (.)

.onchip_memory2_0
                0x00008fac        0x0
                0x00008fac                PROVIDE (_alt_partition_onchip_memory2_0_start, ABSOLUTE (.))
 *(.onchip_memory2_0. onchip_memory2_0.*)
                0x00008fac                . = ALIGN (0x4)
                0x00008fac                PROVIDE (_alt_partition_onchip_memory2_0_end, ABSOLUTE (.))
                0x00008fac                _end = ABSOLUTE (.)
                0x00008fac                end = ABSOLUTE (.)
                0x00008fac                __alt_stack_base = ABSOLUTE (.)
                0x00008fac                PROVIDE (_alt_partition_onchip_memory2_0_load_addr, LOADADDR (.onchip_memory2_0))

.stab
 *(.stab)

.stabstr
 *(.stabstr)

.stab.excl
 *(.stab.excl)

.stab.exclstr
 *(.stab.exclstr)

.stab.index
 *(.stab.index)

.stab.indexstr
 *(.stab.indexstr)

.comment        0x00000000       0x26
 *(.comment)
 .comment       0x00000000       0x26 obj/default/hello_world_small.o
                                 0x27 (size before relaxing)
 .comment       0x00000000       0x27 c:/altera/11.1sp2/nios2eds/bin/gnu/h-i686-mingw32/bin/../lib/gcc/nios2-elf/4.1.2/mno-hw-mul\libgcc.a(lib2-divmod.o)
 .comment       0x00000000       0x27 c:/altera/11.1sp2/nios2eds/bin/gnu/h-i686-mingw32/bin/../lib/gcc/nios2-elf/4.1.2/../../../../nios2-elf/lib/mno-hw-mul\libsmallc.a(lib_a-printf.o)
 .comment       0x00000000       0x27 c:/altera/11.1sp2/nios2eds/bin/gnu/h-i686-mingw32/bin/../lib/gcc/nios2-elf/4.1.2/../../../../nios2-elf/lib/mno-hw-mul\libsmallc.a(lib_a-vfprintf.o)
 .comment       0x00000000       0x27 c:/altera/11.1sp2/nios2eds/bin/gnu/h-i686-mingw32/bin/../lib/gcc/nios2-elf/4.1.2/../../../../nios2-elf/lib/mno-hw-mul\libsmallc.a(lib_a-fvwrite_small_dev.o)
 .comment       0x00000000       0x27 c:/altera/11.1sp2/nios2eds/bin/gnu/h-i686-mingw32/bin/../lib/gcc/nios2-elf/4.1.2/../../../../nios2-elf/lib/mno-hw-mul\libsmallc.a(lib_a-impure.o)
 .comment       0x00000000       0x27 c:/altera/11.1sp2/nios2eds/bin/gnu/h-i686-mingw32/bin/../lib/gcc/nios2-elf/4.1.2/../../../../nios2-elf/lib/mno-hw-mul\libsmallc.a(lib_a-strlen.o)
 .comment       0x00000000       0x27 c:/altera/11.1sp2/nios2eds/bin/gnu/h-i686-mingw32/bin/../lib/gcc/nios2-elf/4.1.2/../../../../nios2-elf/lib/mno-hw-mul\libsmallc.a(lib_a-writer.o)
 .comment       0x00000000       0x27 c:/altera/11.1sp2/nios2eds/bin/gnu/h-i686-mingw32/bin/../lib/gcc/nios2-elf/4.1.2/../../../../nios2-elf/lib/mno-hw-mul\libsmallc.a(lib_a-int_errno.o)
 .comment       0x00000000       0x27 c:/altera/11.1sp2/nios2eds/bin/gnu/h-i686-mingw32/bin/../lib/gcc/nios2-elf/4.1.2/mno-hw-mul\libgcc.a(lib2-mul.o)
 .comment       0x00000000       0x27 ../PROGRAMME_Anemometre_bsp/\libhal_bsp.a(alt_load.o)
 .comment       0x00000000       0x27 ../PROGRAMME_Anemometre_bsp/\libhal_bsp.a(alt_main.o)
 .comment       0x00000000       0x27 ../PROGRAMME_Anemometre_bsp/\libhal_bsp.a(alt_putstr.o)
 .comment       0x00000000       0x27 ../PROGRAMME_Anemometre_bsp/\libhal_bsp.a(alt_write.o)
 .comment       0x00000000       0x27 ../PROGRAMME_Anemometre_bsp/\libhal_bsp.a(alt_sys_init.o)
 .comment       0x00000000       0x27 ../PROGRAMME_Anemometre_bsp/\libhal_bsp.a(altera_avalon_jtag_uart_write.o)
 .comment       0x00000000       0x27 ../PROGRAMME_Anemometre_bsp/\libhal_bsp.a(alt_dcache_flush_all.o)
 .comment       0x00000000       0x27 ../PROGRAMME_Anemometre_bsp/\libhal_bsp.a(alt_errno.o)
 .comment       0x00000000       0x27 ../PROGRAMME_Anemometre_bsp/\libhal_bsp.a(alt_icache_flush_all.o)
 .comment       0x00000000       0x27 ../PROGRAMME_Anemometre_bsp/\libhal_bsp.a(altera_nios2_irq.o)

.debug
 *(.debug)

.line
 *(.line)

.debug_srcinfo
 *(.debug_srcinfo)

.debug_sfnames
 *(.debug_sfnames)

.debug_aranges  0x00000000      0x248
 *(.debug_aranges)
 .debug_aranges
                0x00000000       0x28 ../PROGRAMME_Anemometre_bsp//obj/HAL/src/crt0.o
 .debug_aranges
                0x00000028       0x20 obj/default/hello_world_small.o
 .debug_aranges
                0x00000048       0x20 c:/altera/11.1sp2/nios2eds/bin/gnu/h-i686-mingw32/bin/../lib/gcc/nios2-elf/4.1.2/mno-hw-mul\libgcc.a(lib2-divmod.o)
 .debug_aranges
                0x00000068       0x20 c:/altera/11.1sp2/nios2eds/bin/gnu/h-i686-mingw32/bin/../lib/gcc/nios2-elf/4.1.2/../../../../nios2-elf/lib/mno-hw-mul\libsmallc.a(lib_a-printf.o)
 .debug_aranges
                0x00000088       0x20 c:/altera/11.1sp2/nios2eds/bin/gnu/h-i686-mingw32/bin/../lib/gcc/nios2-elf/4.1.2/../../../../nios2-elf/lib/mno-hw-mul\libsmallc.a(lib_a-vfprintf.o)
 .debug_aranges
                0x000000a8       0x20 c:/altera/11.1sp2/nios2eds/bin/gnu/h-i686-mingw32/bin/../lib/gcc/nios2-elf/4.1.2/../../../../nios2-elf/lib/mno-hw-mul\libsmallc.a(lib_a-fvwrite_small_dev.o)
 .debug_aranges
                0x000000c8       0x20 c:/altera/11.1sp2/nios2eds/bin/gnu/h-i686-mingw32/bin/../lib/gcc/nios2-elf/4.1.2/../../../../nios2-elf/lib/mno-hw-mul\libsmallc.a(lib_a-strlen.o)
 .debug_aranges
                0x000000e8       0x20 c:/altera/11.1sp2/nios2eds/bin/gnu/h-i686-mingw32/bin/../lib/gcc/nios2-elf/4.1.2/../../../../nios2-elf/lib/mno-hw-mul\libsmallc.a(lib_a-writer.o)
 .debug_aranges
                0x00000108       0x20 c:/altera/11.1sp2/nios2eds/bin/gnu/h-i686-mingw32/bin/../lib/gcc/nios2-elf/4.1.2/mno-hw-mul\libgcc.a(lib2-mul.o)
 .debug_aranges
                0x00000128       0x20 ../PROGRAMME_Anemometre_bsp/\libhal_bsp.a(alt_load.o)
 .debug_aranges
                0x00000148       0x20 ../PROGRAMME_Anemometre_bsp/\libhal_bsp.a(alt_main.o)
 .debug_aranges
                0x00000168       0x20 ../PROGRAMME_Anemometre_bsp/\libhal_bsp.a(alt_putstr.o)
 .debug_aranges
                0x00000188       0x20 ../PROGRAMME_Anemometre_bsp/\libhal_bsp.a(alt_write.o)
 .debug_aranges
                0x000001a8       0x20 ../PROGRAMME_Anemometre_bsp/\libhal_bsp.a(alt_sys_init.o)
 .debug_aranges
                0x000001c8       0x20 ../PROGRAMME_Anemometre_bsp/\libhal_bsp.a(altera_avalon_jtag_uart_write.o)
 .debug_aranges
                0x000001e8       0x20 ../PROGRAMME_Anemometre_bsp/\libhal_bsp.a(alt_dcache_flush_all.o)
 .debug_aranges
                0x00000208       0x20 ../PROGRAMME_Anemometre_bsp/\libhal_bsp.a(alt_icache_flush_all.o)
 .debug_aranges
                0x00000228       0x20 ../PROGRAMME_Anemometre_bsp/\libhal_bsp.a(altera_nios2_irq.o)

.debug_pubnames
                0x00000000      0x36a
 *(.debug_pubnames)
 .debug_pubnames
                0x00000000       0x1b obj/default/hello_world_small.o
 .debug_pubnames
                0x0000001b       0x48 c:/altera/11.1sp2/nios2eds/bin/gnu/h-i686-mingw32/bin/../lib/gcc/nios2-elf/4.1.2/mno-hw-mul\libgcc.a(lib2-divmod.o)
 .debug_pubnames
                0x00000063       0x2b c:/altera/11.1sp2/nios2eds/bin/gnu/h-i686-mingw32/bin/../lib/gcc/nios2-elf/4.1.2/../../../../nios2-elf/lib/mno-hw-mul\libsmallc.a(lib_a-printf.o)
 .debug_pubnames
                0x0000008e       0x45 c:/altera/11.1sp2/nios2eds/bin/gnu/h-i686-mingw32/bin/../lib/gcc/nios2-elf/4.1.2/../../../../nios2-elf/lib/mno-hw-mul\libsmallc.a(lib_a-vfprintf.o)
 .debug_pubnames
                0x000000d3       0x2b c:/altera/11.1sp2/nios2eds/bin/gnu/h-i686-mingw32/bin/../lib/gcc/nios2-elf/4.1.2/../../../../nios2-elf/lib/mno-hw-mul\libsmallc.a(lib_a-fvwrite_small_dev.o)
 .debug_pubnames
                0x000000fe       0x39 c:/altera/11.1sp2/nios2eds/bin/gnu/h-i686-mingw32/bin/../lib/gcc/nios2-elf/4.1.2/../../../../nios2-elf/lib/mno-hw-mul\libsmallc.a(lib_a-impure.o)
 .debug_pubnames
                0x00000137       0x1d c:/altera/11.1sp2/nios2eds/bin/gnu/h-i686-mingw32/bin/../lib/gcc/nios2-elf/4.1.2/../../../../nios2-elf/lib/mno-hw-mul\libsmallc.a(lib_a-strlen.o)
 .debug_pubnames
                0x00000154       0x1f c:/altera/11.1sp2/nios2eds/bin/gnu/h-i686-mingw32/bin/../lib/gcc/nios2-elf/4.1.2/../../../../nios2-elf/lib/mno-hw-mul\libsmallc.a(lib_a-writer.o)
 .debug_pubnames
                0x00000173       0x1c c:/altera/11.1sp2/nios2eds/bin/gnu/h-i686-mingw32/bin/../lib/gcc/nios2-elf/4.1.2/../../../../nios2-elf/lib/mno-hw-mul\libsmallc.a(lib_a-int_errno.o)
 .debug_pubnames
                0x0000018f       0x1f c:/altera/11.1sp2/nios2eds/bin/gnu/h-i686-mingw32/bin/../lib/gcc/nios2-elf/4.1.2/mno-hw-mul\libgcc.a(lib2-mul.o)
 .debug_pubnames
                0x000001ae       0x1f ../PROGRAMME_Anemometre_bsp/\libhal_bsp.a(alt_load.o)
 .debug_pubnames
                0x000001cd       0x46 ../PROGRAMME_Anemometre_bsp/\libhal_bsp.a(alt_main.o)
 .debug_pubnames
                0x00000213       0x21 ../PROGRAMME_Anemometre_bsp/\libhal_bsp.a(alt_putstr.o)
 .debug_pubnames
                0x00000234       0x1c ../PROGRAMME_Anemometre_bsp/\libhal_bsp.a(alt_write.o)
 .debug_pubnames
                0x00000250       0x44 ../PROGRAMME_Anemometre_bsp/\libhal_bsp.a(alt_sys_init.o)
 .debug_pubnames
                0x00000294       0x34 ../PROGRAMME_Anemometre_bsp/\libhal_bsp.a(altera_avalon_jtag_uart_write.o)
 .debug_pubnames
                0x000002c8       0x2b ../PROGRAMME_Anemometre_bsp/\libhal_bsp.a(alt_dcache_flush_all.o)
 .debug_pubnames
                0x000002f3       0x20 ../PROGRAMME_Anemometre_bsp/\libhal_bsp.a(alt_errno.o)
 .debug_pubnames
                0x00000313       0x2b ../PROGRAMME_Anemometre_bsp/\libhal_bsp.a(alt_icache_flush_all.o)
 .debug_pubnames
                0x0000033e       0x2c ../PROGRAMME_Anemometre_bsp/\libhal_bsp.a(altera_nios2_irq.o)

.debug_info     0x00000000     0x32f4
 *(.debug_info .gnu.linkonce.wi.*)
 .debug_info    0x00000000       0x8e ../PROGRAMME_Anemometre_bsp//obj/HAL/src/crt0.o
 .debug_info    0x0000008e       0xb6 obj/default/hello_world_small.o
 .debug_info    0x00000144      0x21c c:/altera/11.1sp2/nios2eds/bin/gnu/h-i686-mingw32/bin/../lib/gcc/nios2-elf/4.1.2/mno-hw-mul\libgcc.a(lib2-divmod.o)
 .debug_info    0x00000360      0x6c8 c:/altera/11.1sp2/nios2eds/bin/gnu/h-i686-mingw32/bin/../lib/gcc/nios2-elf/4.1.2/../../../../nios2-elf/lib/mno-hw-mul\libsmallc.a(lib_a-printf.o)
 .debug_info    0x00000a28      0x94c c:/altera/11.1sp2/nios2eds/bin/gnu/h-i686-mingw32/bin/../lib/gcc/nios2-elf/4.1.2/../../../../nios2-elf/lib/mno-hw-mul\libsmallc.a(lib_a-vfprintf.o)
 .debug_info    0x00001374      0x68e c:/altera/11.1sp2/nios2eds/bin/gnu/h-i686-mingw32/bin/../lib/gcc/nios2-elf/4.1.2/../../../../nios2-elf/lib/mno-hw-mul\libsmallc.a(lib_a-fvwrite_small_dev.o)
 .debug_info    0x00001a02      0x636 c:/altera/11.1sp2/nios2eds/bin/gnu/h-i686-mingw32/bin/../lib/gcc/nios2-elf/4.1.2/../../../../nios2-elf/lib/mno-hw-mul\libsmallc.a(lib_a-impure.o)
 .debug_info    0x00002038       0xc2 c:/altera/11.1sp2/nios2eds/bin/gnu/h-i686-mingw32/bin/../lib/gcc/nios2-elf/4.1.2/../../../../nios2-elf/lib/mno-hw-mul\libsmallc.a(lib_a-strlen.o)
 .debug_info    0x000020fa      0x68c c:/altera/11.1sp2/nios2eds/bin/gnu/h-i686-mingw32/bin/../lib/gcc/nios2-elf/4.1.2/../../../../nios2-elf/lib/mno-hw-mul\libsmallc.a(lib_a-writer.o)
 .debug_info    0x00002786       0x8c c:/altera/11.1sp2/nios2eds/bin/gnu/h-i686-mingw32/bin/../lib/gcc/nios2-elf/4.1.2/../../../../nios2-elf/lib/mno-hw-mul\libsmallc.a(lib_a-int_errno.o)
 .debug_info    0x00002812       0xf3 c:/altera/11.1sp2/nios2eds/bin/gnu/h-i686-mingw32/bin/../lib/gcc/nios2-elf/4.1.2/mno-hw-mul\libgcc.a(lib2-mul.o)
 .debug_info    0x00002905      0x12e ../PROGRAMME_Anemometre_bsp/\libhal_bsp.a(alt_load.o)
 .debug_info    0x00002a33      0x125 ../PROGRAMME_Anemometre_bsp/\libhal_bsp.a(alt_main.o)
 .debug_info    0x00002b58       0xc5 ../PROGRAMME_Anemometre_bsp/\libhal_bsp.a(alt_putstr.o)
 .debug_info    0x00002c1d      0x179 ../PROGRAMME_Anemometre_bsp/\libhal_bsp.a(alt_write.o)
 .debug_info    0x00002d96      0x17d ../PROGRAMME_Anemometre_bsp/\libhal_bsp.a(alt_sys_init.o)
 .debug_info    0x00002f13      0x18f ../PROGRAMME_Anemometre_bsp/\libhal_bsp.a(altera_avalon_jtag_uart_write.o)
 .debug_info    0x000030a2       0x8d ../PROGRAMME_Anemometre_bsp/\libhal_bsp.a(alt_dcache_flush_all.o)
 .debug_info    0x0000312f       0xab ../PROGRAMME_Anemometre_bsp/\libhal_bsp.a(alt_errno.o)
 .debug_info    0x000031da       0x8d ../PROGRAMME_Anemometre_bsp/\libhal_bsp.a(alt_icache_flush_all.o)
 .debug_info    0x00003267       0x8d ../PROGRAMME_Anemometre_bsp/\libhal_bsp.a(altera_nios2_irq.o)

.debug_abbrev   0x00000000      0xfe5
 *(.debug_abbrev)
 .debug_abbrev  0x00000000       0x12 ../PROGRAMME_Anemometre_bsp//obj/HAL/src/crt0.o
 .debug_abbrev  0x00000012       0x5b obj/default/hello_world_small.o
 .debug_abbrev  0x0000006d       0xe0 c:/altera/11.1sp2/nios2eds/bin/gnu/h-i686-mingw32/bin/../lib/gcc/nios2-elf/4.1.2/mno-hw-mul\libgcc.a(lib2-divmod.o)
 .debug_abbrev  0x0000014d      0x179 c:/altera/11.1sp2/nios2eds/bin/gnu/h-i686-mingw32/bin/../lib/gcc/nios2-elf/4.1.2/../../../../nios2-elf/lib/mno-hw-mul\libsmallc.a(lib_a-printf.o)
 .debug_abbrev  0x000002c6      0x247 c:/altera/11.1sp2/nios2eds/bin/gnu/h-i686-mingw32/bin/../lib/gcc/nios2-elf/4.1.2/../../../../nios2-elf/lib/mno-hw-mul\libsmallc.a(lib_a-vfprintf.o)
 .debug_abbrev  0x0000050d      0x179 c:/altera/11.1sp2/nios2eds/bin/gnu/h-i686-mingw32/bin/../lib/gcc/nios2-elf/4.1.2/../../../../nios2-elf/lib/mno-hw-mul\libsmallc.a(lib_a-fvwrite_small_dev.o)
 .debug_abbrev  0x00000686      0x13f c:/altera/11.1sp2/nios2eds/bin/gnu/h-i686-mingw32/bin/../lib/gcc/nios2-elf/4.1.2/../../../../nios2-elf/lib/mno-hw-mul\libsmallc.a(lib_a-impure.o)
 .debug_abbrev  0x000007c5       0x7a c:/altera/11.1sp2/nios2eds/bin/gnu/h-i686-mingw32/bin/../lib/gcc/nios2-elf/4.1.2/../../../../nios2-elf/lib/mno-hw-mul\libsmallc.a(lib_a-strlen.o)
 .debug_abbrev  0x0000083f      0x16c c:/altera/11.1sp2/nios2eds/bin/gnu/h-i686-mingw32/bin/../lib/gcc/nios2-elf/4.1.2/../../../../nios2-elf/lib/mno-hw-mul\libsmallc.a(lib_a-writer.o)
 .debug_abbrev  0x000009ab       0x3b c:/altera/11.1sp2/nios2eds/bin/gnu/h-i686-mingw32/bin/../lib/gcc/nios2-elf/4.1.2/../../../../nios2-elf/lib/mno-hw-mul\libsmallc.a(lib_a-int_errno.o)
 .debug_abbrev  0x000009e6       0x7b c:/altera/11.1sp2/nios2eds/bin/gnu/h-i686-mingw32/bin/../lib/gcc/nios2-elf/4.1.2/mno-hw-mul\libgcc.a(lib2-mul.o)
 .debug_abbrev  0x00000a61       0x97 ../PROGRAMME_Anemometre_bsp/\libhal_bsp.a(alt_load.o)
 .debug_abbrev  0x00000af8       0xa6 ../PROGRAMME_Anemometre_bsp/\libhal_bsp.a(alt_main.o)
 .debug_abbrev  0x00000b9e       0x7c ../PROGRAMME_Anemometre_bsp/\libhal_bsp.a(alt_putstr.o)
 .debug_abbrev  0x00000c1a       0xdd ../PROGRAMME_Anemometre_bsp/\libhal_bsp.a(alt_write.o)
 .debug_abbrev  0x00000cf7       0xe3 ../PROGRAMME_Anemometre_bsp/\libhal_bsp.a(alt_sys_init.o)
 .debug_abbrev  0x00000dda       0xf0 ../PROGRAMME_Anemometre_bsp/\libhal_bsp.a(altera_avalon_jtag_uart_write.o)
 .debug_abbrev  0x00000eca       0x3f ../PROGRAMME_Anemometre_bsp/\libhal_bsp.a(alt_dcache_flush_all.o)
 .debug_abbrev  0x00000f09       0x5e ../PROGRAMME_Anemometre_bsp/\libhal_bsp.a(alt_errno.o)
 .debug_abbrev  0x00000f67       0x3f ../PROGRAMME_Anemometre_bsp/\libhal_bsp.a(alt_icache_flush_all.o)
 .debug_abbrev  0x00000fa6       0x3f ../PROGRAMME_Anemometre_bsp/\libhal_bsp.a(altera_nios2_irq.o)

.debug_line     0x00000000     0x3040
 *(.debug_line)
 .debug_line    0x00000000       0x66 ../PROGRAMME_Anemometre_bsp//obj/HAL/src/crt0.o
 .debug_line    0x00000066      0x264 obj/default/hello_world_small.o
 .debug_line    0x000002ca      0x24f c:/altera/11.1sp2/nios2eds/bin/gnu/h-i686-mingw32/bin/../lib/gcc/nios2-elf/4.1.2/mno-hw-mul\libgcc.a(lib2-divmod.o)
 .debug_line    0x00000519      0x2be c:/altera/11.1sp2/nios2eds/bin/gnu/h-i686-mingw32/bin/../lib/gcc/nios2-elf/4.1.2/../../../../nios2-elf/lib/mno-hw-mul\libsmallc.a(lib_a-printf.o)
 .debug_line    0x000007d7      0x5f3 c:/altera/11.1sp2/nios2eds/bin/gnu/h-i686-mingw32/bin/../lib/gcc/nios2-elf/4.1.2/../../../../nios2-elf/lib/mno-hw-mul\libsmallc.a(lib_a-vfprintf.o)
 .debug_line    0x00000dca      0x2a9 c:/altera/11.1sp2/nios2eds/bin/gnu/h-i686-mingw32/bin/../lib/gcc/nios2-elf/4.1.2/../../../../nios2-elf/lib/mno-hw-mul\libsmallc.a(lib_a-fvwrite_small_dev.o)
 .debug_line    0x00001073      0x230 c:/altera/11.1sp2/nios2eds/bin/gnu/h-i686-mingw32/bin/../lib/gcc/nios2-elf/4.1.2/../../../../nios2-elf/lib/mno-hw-mul\libsmallc.a(lib_a-impure.o)
 .debug_line    0x000012a3      0x250 c:/altera/11.1sp2/nios2eds/bin/gnu/h-i686-mingw32/bin/../lib/gcc/nios2-elf/4.1.2/../../../../nios2-elf/lib/mno-hw-mul\libsmallc.a(lib_a-strlen.o)
 .debug_line    0x000014f3      0x29d c:/altera/11.1sp2/nios2eds/bin/gnu/h-i686-mingw32/bin/../lib/gcc/nios2-elf/4.1.2/../../../../nios2-elf/lib/mno-hw-mul\libsmallc.a(lib_a-writer.o)
 .debug_line    0x00001790      0x1e2 c:/altera/11.1sp2/nios2eds/bin/gnu/h-i686-mingw32/bin/../lib/gcc/nios2-elf/4.1.2/../../../../nios2-elf/lib/mno-hw-mul\libsmallc.a(lib_a-int_errno.o)
 .debug_line    0x00001972      0x11a c:/altera/11.1sp2/nios2eds/bin/gnu/h-i686-mingw32/bin/../lib/gcc/nios2-elf/4.1.2/mno-hw-mul\libgcc.a(lib2-mul.o)
 .debug_line    0x00001a8c      0x217 ../PROGRAMME_Anemometre_bsp/\libhal_bsp.a(alt_load.o)
 .debug_line    0x00001ca3      0x2c2 ../PROGRAMME_Anemometre_bsp/\libhal_bsp.a(alt_main.o)
 .debug_line    0x00001f65      0x1d9 ../PROGRAMME_Anemometre_bsp/\libhal_bsp.a(alt_putstr.o)
 .debug_line    0x0000213e      0x2ab ../PROGRAMME_Anemometre_bsp/\libhal_bsp.a(alt_write.o)
 .debug_line    0x000023e9      0x286 ../PROGRAMME_Anemometre_bsp/\libhal_bsp.a(alt_sys_init.o)
 .debug_line    0x0000266f      0x2f4 ../PROGRAMME_Anemometre_bsp/\libhal_bsp.a(altera_avalon_jtag_uart_write.o)
 .debug_line    0x00002963      0x1b5 ../PROGRAMME_Anemometre_bsp/\libhal_bsp.a(alt_dcache_flush_all.o)
 .debug_line    0x00002b18      0x1aa ../PROGRAMME_Anemometre_bsp/\libhal_bsp.a(alt_errno.o)
 .debug_line    0x00002cc2      0x1b5 ../PROGRAMME_Anemometre_bsp/\libhal_bsp.a(alt_icache_flush_all.o)
 .debug_line    0x00002e77      0x1c9 ../PROGRAMME_Anemometre_bsp/\libhal_bsp.a(altera_nios2_irq.o)

.debug_frame    0x00000000      0x340
 *(.debug_frame)
 .debug_frame   0x00000000       0x28 obj/default/hello_world_small.o
 .debug_frame   0x00000028       0x70 c:/altera/11.1sp2/nios2eds/bin/gnu/h-i686-mingw32/bin/../lib/gcc/nios2-elf/4.1.2/mno-hw-mul\libgcc.a(lib2-divmod.o)
 .debug_frame   0x00000098       0x40 c:/altera/11.1sp2/nios2eds/bin/gnu/h-i686-mingw32/bin/../lib/gcc/nios2-elf/4.1.2/../../../../nios2-elf/lib/mno-hw-mul\libsmallc.a(lib_a-printf.o)
 .debug_frame   0x000000d8       0x64 c:/altera/11.1sp2/nios2eds/bin/gnu/h-i686-mingw32/bin/../lib/gcc/nios2-elf/4.1.2/../../../../nios2-elf/lib/mno-hw-mul\libsmallc.a(lib_a-vfprintf.o)
 .debug_frame   0x0000013c       0x30 c:/altera/11.1sp2/nios2eds/bin/gnu/h-i686-mingw32/bin/../lib/gcc/nios2-elf/4.1.2/../../../../nios2-elf/lib/mno-hw-mul\libsmallc.a(lib_a-fvwrite_small_dev.o)
 .debug_frame   0x0000016c       0x20 c:/altera/11.1sp2/nios2eds/bin/gnu/h-i686-mingw32/bin/../lib/gcc/nios2-elf/4.1.2/../../../../nios2-elf/lib/mno-hw-mul\libsmallc.a(lib_a-strlen.o)
 .debug_frame   0x0000018c       0x2c c:/altera/11.1sp2/nios2eds/bin/gnu/h-i686-mingw32/bin/../lib/gcc/nios2-elf/4.1.2/../../../../nios2-elf/lib/mno-hw-mul\libsmallc.a(lib_a-writer.o)
 .debug_frame   0x000001b8       0x20 c:/altera/11.1sp2/nios2eds/bin/gnu/h-i686-mingw32/bin/../lib/gcc/nios2-elf/4.1.2/mno-hw-mul\libgcc.a(lib2-mul.o)
 .debug_frame   0x000001d8       0x38 ../PROGRAMME_Anemometre_bsp/\libhal_bsp.a(alt_load.o)
 .debug_frame   0x00000210       0x28 ../PROGRAMME_Anemometre_bsp/\libhal_bsp.a(alt_main.o)
 .debug_frame   0x00000238       0x28 ../PROGRAMME_Anemometre_bsp/\libhal_bsp.a(alt_putstr.o)
 .debug_frame   0x00000260       0x28 ../PROGRAMME_Anemometre_bsp/\libhal_bsp.a(alt_write.o)
 .debug_frame   0x00000288       0x38 ../PROGRAMME_Anemometre_bsp/\libhal_bsp.a(alt_sys_init.o)
 .debug_frame   0x000002c0       0x20 ../PROGRAMME_Anemometre_bsp/\libhal_bsp.a(altera_avalon_jtag_uart_write.o)
 .debug_frame   0x000002e0       0x20 ../PROGRAMME_Anemometre_bsp/\libhal_bsp.a(alt_dcache_flush_all.o)
 .debug_frame   0x00000300       0x20 ../PROGRAMME_Anemometre_bsp/\libhal_bsp.a(alt_icache_flush_all.o)
 .debug_frame   0x00000320       0x20 ../PROGRAMME_Anemometre_bsp/\libhal_bsp.a(altera_nios2_irq.o)

.debug_str      0x00000000      0xd6f
 *(.debug_str)
 .debug_str     0x00000000       0xea obj/default/hello_world_small.o
                                0x128 (size before relaxing)
 .debug_str     0x000000ea      0x10b c:/altera/11.1sp2/nios2eds/bin/gnu/h-i686-mingw32/bin/../lib/gcc/nios2-elf/4.1.2/mno-hw-mul\libgcc.a(lib2-divmod.o)
                                0x1b4 (size before relaxing)
 .debug_str     0x000001f5      0x3a3 c:/altera/11.1sp2/nios2eds/bin/gnu/h-i686-mingw32/bin/../lib/gcc/nios2-elf/4.1.2/../../../../nios2-elf/lib/mno-hw-mul\libsmallc.a(lib_a-printf.o)
                                0x466 (size before relaxing)
 .debug_str     0x00000598      0x115 c:/altera/11.1sp2/nios2eds/bin/gnu/h-i686-mingw32/bin/../lib/gcc/nios2-elf/4.1.2/../../../../nios2-elf/lib/mno-hw-mul\libsmallc.a(lib_a-vfprintf.o)
                                0x562 (size before relaxing)
 .debug_str     0x000006ad       0x70 c:/altera/11.1sp2/nios2eds/bin/gnu/h-i686-mingw32/bin/../lib/gcc/nios2-elf/4.1.2/../../../../nios2-elf/lib/mno-hw-mul\libsmallc.a(lib_a-fvwrite_small_dev.o)
                                0x46a (size before relaxing)
 .debug_str     0x0000071d       0xf8 c:/altera/11.1sp2/nios2eds/bin/gnu/h-i686-mingw32/bin/../lib/gcc/nios2-elf/4.1.2/../../../../nios2-elf/lib/mno-hw-mul\libsmallc.a(lib_a-impure.o)
                                0x45d (size before relaxing)
 .debug_str     0x00000815       0xe2 c:/altera/11.1sp2/nios2eds/bin/gnu/h-i686-mingw32/bin/../lib/gcc/nios2-elf/4.1.2/../../../../nios2-elf/lib/mno-hw-mul\libsmallc.a(lib_a-strlen.o)
                                0x184 (size before relaxing)
 .debug_str     0x000008f7       0x4f c:/altera/11.1sp2/nios2eds/bin/gnu/h-i686-mingw32/bin/../lib/gcc/nios2-elf/4.1.2/../../../../nios2-elf/lib/mno-hw-mul\libsmallc.a(lib_a-writer.o)
                                0x451 (size before relaxing)
 .debug_str     0x00000946       0x40 c:/altera/11.1sp2/nios2eds/bin/gnu/h-i686-mingw32/bin/../lib/gcc/nios2-elf/4.1.2/../../../../nios2-elf/lib/mno-hw-mul\libsmallc.a(lib_a-int_errno.o)
                                0x177 (size before relaxing)
 .debug_str     0x00000986       0x37 c:/altera/11.1sp2/nios2eds/bin/gnu/h-i686-mingw32/bin/../lib/gcc/nios2-elf/4.1.2/mno-hw-mul\libgcc.a(lib2-mul.o)
                                0x175 (size before relaxing)
 .debug_str     0x000009bd      0x14e ../PROGRAMME_Anemometre_bsp/\libhal_bsp.a(alt_load.o)
                                0x1e3 (size before relaxing)
 .debug_str     0x00000b0b       0x70 ../PROGRAMME_Anemometre_bsp/\libhal_bsp.a(alt_main.o)
                                0x167 (size before relaxing)
 .debug_str     0x00000b7b       0x4c ../PROGRAMME_Anemometre_bsp/\libhal_bsp.a(alt_putstr.o)
                                0x13e (size before relaxing)
 .debug_str     0x00000bc7       0x2c ../PROGRAMME_Anemometre_bsp/\libhal_bsp.a(alt_write.o)
                                0x193 (size before relaxing)
 .debug_str     0x00000bf3       0x85 ../PROGRAMME_Anemometre_bsp/\libhal_bsp.a(alt_sys_init.o)
                                0x1dc (size before relaxing)
 .debug_str     0x00000c78       0x4a ../PROGRAMME_Anemometre_bsp/\libhal_bsp.a(altera_avalon_jtag_uart_write.o)
                                0x1df (size before relaxing)
 .debug_str     0x00000cc2       0x34 ../PROGRAMME_Anemometre_bsp/\libhal_bsp.a(alt_dcache_flush_all.o)
                                0x126 (size before relaxing)
 .debug_str     0x00000cf6       0x14 ../PROGRAMME_Anemometre_bsp/\libhal_bsp.a(alt_errno.o)
                                0x116 (size before relaxing)
 .debug_str     0x00000d0a       0x34 ../PROGRAMME_Anemometre_bsp/\libhal_bsp.a(alt_icache_flush_all.o)
                                0x126 (size before relaxing)
 .debug_str     0x00000d3e       0x31 ../PROGRAMME_Anemometre_bsp/\libhal_bsp.a(altera_nios2_irq.o)
                                0x123 (size before relaxing)

.debug_loc      0x00000000      0xd02
 *(.debug_loc)
 .debug_loc     0x00000000       0x1f obj/default/hello_world_small.o
 .debug_loc     0x0000001f      0x1d2 c:/altera/11.1sp2/nios2eds/bin/gnu/h-i686-mingw32/bin/../lib/gcc/nios2-elf/4.1.2/mno-hw-mul\libgcc.a(lib2-divmod.o)
 .debug_loc     0x000001f1       0x8d c:/altera/11.1sp2/nios2eds/bin/gnu/h-i686-mingw32/bin/../lib/gcc/nios2-elf/4.1.2/../../../../nios2-elf/lib/mno-hw-mul\libsmallc.a(lib_a-printf.o)
 .debug_loc     0x0000027e      0x6a6 c:/altera/11.1sp2/nios2eds/bin/gnu/h-i686-mingw32/bin/../lib/gcc/nios2-elf/4.1.2/../../../../nios2-elf/lib/mno-hw-mul\libsmallc.a(lib_a-vfprintf.o)
 .debug_loc     0x00000924      0x162 c:/altera/11.1sp2/nios2eds/bin/gnu/h-i686-mingw32/bin/../lib/gcc/nios2-elf/4.1.2/../../../../nios2-elf/lib/mno-hw-mul\libsmallc.a(lib_a-fvwrite_small_dev.o)
 .debug_loc     0x00000a86       0x1e c:/altera/11.1sp2/nios2eds/bin/gnu/h-i686-mingw32/bin/../lib/gcc/nios2-elf/4.1.2/../../../../nios2-elf/lib/mno-hw-mul\libsmallc.a(lib_a-strlen.o)
 .debug_loc     0x00000aa4       0x97 c:/altera/11.1sp2/nios2eds/bin/gnu/h-i686-mingw32/bin/../lib/gcc/nios2-elf/4.1.2/../../../../nios2-elf/lib/mno-hw-mul\libsmallc.a(lib_a-writer.o)
 .debug_loc     0x00000b3b       0x4f c:/altera/11.1sp2/nios2eds/bin/gnu/h-i686-mingw32/bin/../lib/gcc/nios2-elf/4.1.2/mno-hw-mul\libgcc.a(lib2-mul.o)
 .debug_loc     0x00000b8a       0x1f ../PROGRAMME_Anemometre_bsp/\libhal_bsp.a(alt_load.o)
 .debug_loc     0x00000ba9       0x1f ../PROGRAMME_Anemometre_bsp/\libhal_bsp.a(alt_main.o)
 .debug_loc     0x00000bc8       0x48 ../PROGRAMME_Anemometre_bsp/\libhal_bsp.a(alt_putstr.o)
 .debug_loc     0x00000c10       0x9a ../PROGRAMME_Anemometre_bsp/\libhal_bsp.a(alt_write.o)
 .debug_loc     0x00000caa       0x32 ../PROGRAMME_Anemometre_bsp/\libhal_bsp.a(alt_sys_init.o)
 .debug_loc     0x00000cdc       0x26 ../PROGRAMME_Anemometre_bsp/\libhal_bsp.a(altera_avalon_jtag_uart_write.o)

.debug_macinfo
 *(.debug_macinfo)

.debug_weaknames
 *(.debug_weaknames)

.debug_funcnames
 *(.debug_funcnames)

.debug_typenames
 *(.debug_typenames)

.debug_varnames
 *(.debug_varnames)

.debug_alt_sim_info
                0x00000000       0x10
 *(.debug_alt_sim_info)
 .debug_alt_sim_info
                0x00000000       0x10 ../PROGRAMME_Anemometre_bsp//obj/HAL/src/crt0.o
                0x0000ce20                __alt_data_end = 0xce20
                0x0000ce20                PROVIDE (__alt_stack_pointer, __alt_data_end)
                0x00008fac                PROVIDE (__alt_stack_limit, __alt_stack_base)
                0x00008fac                PROVIDE (__alt_heap_start, end)
                0x0000ce20                PROVIDE (__alt_heap_limit, 0xce20)
OUTPUT(PROGRAMME_Anemometre.elf elf32-littlenios2)

.debug_ranges   0x00000000       0xc8
 .debug_ranges  0x00000000       0x20 ../PROGRAMME_Anemometre_bsp//obj/HAL/src/crt0.o
 .debug_ranges  0x00000020       0xa8 c:/altera/11.1sp2/nios2eds/bin/gnu/h-i686-mingw32/bin/../lib/gcc/nios2-elf/4.1.2/../../../../nios2-elf/lib/mno-hw-mul\libsmallc.a(lib_a-vfprintf.o)
